step=5 train_loss=9.0547 lr=6e-06 grad_norm=1.0804
step=10 train_loss=9.0012 lr=1.35e-05 grad_norm=1.1082
step=15 train_loss=8.9070 lr=2.1e-05 grad_norm=1.1577
step=20 train_loss=8.7658 lr=2.85e-05 grad_norm=1.3146
step=25 train_loss=8.5704 lr=3.6e-05 grad_norm=1.6125
step=30 train_loss=8.3461 lr=4.35e-05 grad_norm=1.8933
step=35 train_loss=8.0857 lr=5.1e-05 grad_norm=2.1453
step=40 train_loss=7.8322 lr=5.85e-05 grad_norm=2.2647
step=45 train_loss=7.5860 lr=6.6e-05 grad_norm=2.2935
step=50 train_loss=7.3463 lr=7.35e-05 grad_norm=2.2480
step=55 train_loss=7.0922 lr=8.1e-05 grad_norm=2.1952
step=60 train_loss=6.8242 lr=8.85e-05 grad_norm=2.1069
step=65 train_loss=6.5765 lr=9.6e-05 grad_norm=1.9591
step=70 train_loss=6.3497 lr=0.0001035 grad_norm=1.7504
step=75 train_loss=6.1177 lr=0.000111 grad_norm=1.5710
step=80 train_loss=5.8763 lr=0.0001185 grad_norm=1.3432
step=85 train_loss=5.6680 lr=0.000126 grad_norm=1.0850
step=90 train_loss=5.4769 lr=0.0001335 grad_norm=0.8688
step=95 train_loss=5.3039 lr=0.000141 grad_norm=0.6474
step=100 train_loss=5.1657 lr=0.0001485 grad_norm=0.5465 val_loss=5.1223
step=105 train_loss=4.9849 lr=0.000156 grad_norm=0.4689
step=110 train_loss=4.8368 lr=0.0001635 grad_norm=0.4237
step=115 train_loss=4.6703 lr=0.000171 grad_norm=0.3792
step=120 train_loss=4.5936 lr=0.0001785 grad_norm=0.3638
step=125 train_loss=4.4813 lr=0.000186 grad_norm=0.3131
step=130 train_loss=4.3844 lr=0.0001935 grad_norm=0.3349
step=135 train_loss=4.2771 lr=0.000201 grad_norm=0.3862
step=140 train_loss=4.1506 lr=0.0002085 grad_norm=0.3208
step=145 train_loss=4.0901 lr=0.000216 grad_norm=0.4273
step=150 train_loss=4.0435 lr=0.0002235 grad_norm=0.3008
step=155 train_loss=3.9676 lr=0.000231 grad_norm=0.2908
step=160 train_loss=3.9177 lr=0.0002385 grad_norm=0.3596
step=165 train_loss=3.8282 lr=0.000246 grad_norm=0.3073
step=170 train_loss=3.7991 lr=0.0002535 grad_norm=0.3334
step=175 train_loss=3.7350 lr=0.000261 grad_norm=0.3850
step=180 train_loss=3.6919 lr=0.0002685 grad_norm=0.4625
step=185 train_loss=3.6595 lr=0.000276 grad_norm=0.4499
step=190 train_loss=3.5832 lr=0.0002835 grad_norm=0.4177
step=195 train_loss=3.5635 lr=0.000291 grad_norm=0.4963
step=200 train_loss=3.5151 lr=0.0002985 grad_norm=0.3595 val_loss=3.5741
step=205 train_loss=3.4427 lr=0.0003 grad_norm=0.4235
step=210 train_loss=3.4445 lr=0.000299999 grad_norm=0.4605
step=215 train_loss=3.4424 lr=0.000299999 grad_norm=0.4688
step=220 train_loss=3.3617 lr=0.000299997 grad_norm=0.4287
step=225 train_loss=3.3396 lr=0.000299996 grad_norm=0.3517
step=230 train_loss=3.3325 lr=0.000299994 grad_norm=0.4170
step=235 train_loss=3.2801 lr=0.000299992 grad_norm=0.4531
step=240 train_loss=3.3082 lr=0.000299989 grad_norm=0.3964
step=245 train_loss=3.2627 lr=0.000299987 grad_norm=0.4983
step=250 train_loss=3.2229 lr=0.000299983 grad_norm=0.4551
step=255 train_loss=3.2079 lr=0.00029998 grad_norm=0.5677
step=260 train_loss=3.1588 lr=0.000299976 grad_norm=0.4487
step=265 train_loss=3.1627 lr=0.000299972 grad_norm=0.4536
step=270 train_loss=3.1489 lr=0.000299967 grad_norm=0.5163
step=275 train_loss=3.2065 lr=0.000299962 grad_norm=0.5855
step=280 train_loss=3.1591 lr=0.000299957 grad_norm=0.6446
step=285 train_loss=3.0991 lr=0.000299951 grad_norm=0.4604
step=290 train_loss=3.1101 lr=0.000299945 grad_norm=0.4223
step=295 train_loss=3.0758 lr=0.000299939 grad_norm=0.5288
step=300 train_loss=3.0785 lr=0.000299932 grad_norm=0.4089 val_loss=3.0943
step=305 train_loss=3.0567 lr=0.000299925 grad_norm=0.5169
step=310 train_loss=3.0196 lr=0.000299918 grad_norm=0.4929
step=315 train_loss=3.0050 lr=0.00029991 grad_norm=0.3337
step=320 train_loss=3.0229 lr=0.000299902 grad_norm=0.4013
step=325 train_loss=2.9770 lr=0.000299893 grad_norm=0.3555
step=330 train_loss=2.9541 lr=0.000299885 grad_norm=0.5666
step=335 train_loss=2.9762 lr=0.000299875 grad_norm=0.4469
step=340 train_loss=2.9858 lr=0.000299866 grad_norm=0.4704
step=345 train_loss=2.9589 lr=0.000299856 grad_norm=0.4461
step=350 train_loss=2.9514 lr=0.000299846 grad_norm=0.5178
step=355 train_loss=2.8988 lr=0.000299835 grad_norm=0.3942
step=360 train_loss=2.9297 lr=0.000299825 grad_norm=0.4495
step=365 train_loss=2.9160 lr=0.000299813 grad_norm=0.3925
step=370 train_loss=2.8887 lr=0.000299802 grad_norm=0.4397
step=375 train_loss=2.8891 lr=0.00029979 grad_norm=0.5155
step=380 train_loss=2.8905 lr=0.000299778 grad_norm=0.6231
step=385 train_loss=2.8565 lr=0.000299765 grad_norm=0.4778
step=390 train_loss=2.8786 lr=0.000299752 grad_norm=0.4153
step=395 train_loss=2.8533 lr=0.000299739 grad_norm=0.6066
step=400 train_loss=2.8659 lr=0.000299725 grad_norm=0.4268 val_loss=2.8556
step=405 train_loss=2.8495 lr=0.000299711 grad_norm=0.4833
step=410 train_loss=2.8310 lr=0.000299697 grad_norm=0.4548
step=415 train_loss=2.8320 lr=0.000299682 grad_norm=0.5078
step=420 train_loss=2.8057 lr=0.000299667 grad_norm=0.4575
step=425 train_loss=2.7848 lr=0.000299652 grad_norm=0.4212
step=430 train_loss=2.7950 lr=0.000299636 grad_norm=0.4531
step=435 train_loss=2.8053 lr=0.00029962 grad_norm=0.4806
step=440 train_loss=2.8104 lr=0.000299604 grad_norm=0.5284
step=445 train_loss=2.7112 lr=0.000299587 grad_norm=0.3642
step=450 train_loss=2.7595 lr=0.00029957 grad_norm=0.4771
step=455 train_loss=2.7446 lr=0.000299553 grad_norm=0.5698
step=460 train_loss=2.7297 lr=0.000299535 grad_norm=0.5169
step=465 train_loss=2.6993 lr=0.000299517 grad_norm=0.4997
step=470 train_loss=2.7364 lr=0.000299498 grad_norm=0.4691
step=475 train_loss=2.7305 lr=0.000299479 grad_norm=0.4492
step=480 train_loss=2.7198 lr=0.00029946 grad_norm=0.5102
step=485 train_loss=2.6687 lr=0.000299441 grad_norm=0.3848
step=490 train_loss=2.6602 lr=0.000299421 grad_norm=0.4851
step=495 train_loss=2.6794 lr=0.000299401 grad_norm=0.4946
step=500 train_loss=2.6906 lr=0.00029938 grad_norm=0.4087 val_loss=2.6367
step=505 train_loss=2.6725 lr=0.000299359 grad_norm=0.4009
step=510 train_loss=2.6432 lr=0.000299338 grad_norm=0.4886
step=515 train_loss=2.6613 lr=0.000299317 grad_norm=0.5024
step=520 train_loss=2.6700 lr=0.000299295 grad_norm=0.4821
step=525 train_loss=2.6430 lr=0.000299272 grad_norm=0.4828
step=530 train_loss=2.6760 lr=0.00029925 grad_norm=0.5012
step=535 train_loss=2.6403 lr=0.000299227 grad_norm=0.5451
step=540 train_loss=2.6213 lr=0.000299203 grad_norm=0.5264
step=545 train_loss=2.6442 lr=0.00029918 grad_norm=0.4170
step=550 train_loss=2.6090 lr=0.000299156 grad_norm=0.4708
step=555 train_loss=2.6155 lr=0.000299131 grad_norm=0.5044
step=560 train_loss=2.5821 lr=0.000299107 grad_norm=0.4888
step=565 train_loss=2.5882 lr=0.000299082 grad_norm=0.4203
step=570 train_loss=2.6214 lr=0.000299056 grad_norm=0.4597
step=575 train_loss=2.5999 lr=0.000299031 grad_norm=0.5692
step=580 train_loss=2.5642 lr=0.000299005 grad_norm=0.5260
step=585 train_loss=2.5829 lr=0.000298978 grad_norm=0.4275
step=590 train_loss=2.5239 lr=0.000298951 grad_norm=0.6379
step=595 train_loss=2.5875 lr=0.000298924 grad_norm=0.6056
step=600 train_loss=2.5421 lr=0.000298897 grad_norm=0.4840 val_loss=2.5943
step=605 train_loss=2.5636 lr=0.000298869 grad_norm=0.4634
step=610 train_loss=2.5488 lr=0.000298841 grad_norm=0.4133
step=615 train_loss=2.5617 lr=0.000298813 grad_norm=0.4654
step=620 train_loss=2.6126 lr=0.000298784 grad_norm=0.4778
step=625 train_loss=2.5029 lr=0.000298755 grad_norm=0.4144
step=630 train_loss=2.5574 lr=0.000298725 grad_norm=0.5668
step=635 train_loss=2.5155 lr=0.000298695 grad_norm=0.4290
step=640 train_loss=2.4947 lr=0.000298665 grad_norm=0.4007
step=645 train_loss=2.5128 lr=0.000298635 grad_norm=0.4516
step=650 train_loss=2.5096 lr=0.000298604 grad_norm=0.5070
step=655 train_loss=2.4854 lr=0.000298572 grad_norm=0.5772
step=660 train_loss=2.5001 lr=0.000298541 grad_norm=0.5075
step=665 train_loss=2.5164 lr=0.000298509 grad_norm=0.4671
step=670 train_loss=2.5117 lr=0.000298477 grad_norm=0.4488
step=675 train_loss=2.5088 lr=0.000298444 grad_norm=0.4332
step=680 train_loss=2.5144 lr=0.000298411 grad_norm=0.4698
step=685 train_loss=2.4757 lr=0.000298378 grad_norm=0.6337
step=690 train_loss=2.4982 lr=0.000298344 grad_norm=0.4463
step=695 train_loss=2.5078 lr=0.00029831 grad_norm=0.4482
step=700 train_loss=2.4626 lr=0.000298276 grad_norm=0.4704 val_loss=2.4610
step=705 train_loss=2.4345 lr=0.000298241 grad_norm=0.4411
step=710 train_loss=2.4667 lr=0.000298206 grad_norm=0.5509
step=715 train_loss=2.4375 lr=0.000298171 grad_norm=0.4540
step=720 train_loss=2.4597 lr=0.000298135 grad_norm=0.4734
step=725 train_loss=2.4762 lr=0.000298099 grad_norm=0.5070
step=730 train_loss=2.4266 lr=0.000298063 grad_norm=0.5271
step=735 train_loss=2.4346 lr=0.000298026 grad_norm=0.4159
step=740 train_loss=2.4850 lr=0.000297989 grad_norm=0.4425
step=745 train_loss=2.3833 lr=0.000297952 grad_norm=0.5533
step=750 train_loss=2.4426 lr=0.000297914 grad_norm=0.5581
step=755 train_loss=2.4531 lr=0.000297876 grad_norm=0.5419
step=760 train_loss=2.4183 lr=0.000297838 grad_norm=0.4088
step=765 train_loss=2.4404 lr=0.000297799 grad_norm=0.4704
step=770 train_loss=2.4056 lr=0.00029776 grad_norm=0.4327
step=775 train_loss=2.4365 lr=0.000297721 grad_norm=0.4306
step=780 train_loss=2.4317 lr=0.000297681 grad_norm=0.5073
step=785 train_loss=2.3972 lr=0.000297641 grad_norm=0.4387
step=790 train_loss=2.4027 lr=0.0002976 grad_norm=0.4933
step=795 train_loss=2.3989 lr=0.000297559 grad_norm=0.4566
step=800 train_loss=2.3913 lr=0.000297518 grad_norm=0.5237 val_loss=2.3973
step=805 train_loss=2.3953 lr=0.000297477 grad_norm=0.5070
step=810 train_loss=2.3911 lr=0.000297435 grad_norm=0.5193
step=815 train_loss=2.3981 lr=0.000297393 grad_norm=0.5024
step=820 train_loss=2.3744 lr=0.00029735 grad_norm=0.5007
step=825 train_loss=2.4193 lr=0.000297307 grad_norm=0.4056
step=830 train_loss=2.3892 lr=0.000297264 grad_norm=0.4541
step=835 train_loss=2.3626 lr=0.000297221 grad_norm=0.5759
step=840 train_loss=2.3822 lr=0.000297177 grad_norm=0.4393
step=845 train_loss=2.4035 lr=0.000297133 grad_norm=0.4358
step=850 train_loss=2.3330 lr=0.000297088 grad_norm=0.4663
step=855 train_loss=2.3297 lr=0.000297043 grad_norm=0.5486
step=860 train_loss=2.3953 lr=0.000296998 grad_norm=0.4346
step=865 train_loss=2.3443 lr=0.000296953 grad_norm=0.4680
step=870 train_loss=2.2880 lr=0.000296907 grad_norm=0.4323
step=875 train_loss=2.3855 lr=0.00029686 grad_norm=0.5168
step=880 train_loss=2.3469 lr=0.000296814 grad_norm=0.4851
step=885 train_loss=2.3451 lr=0.000296767 grad_norm=0.4896
step=890 train_loss=2.3899 lr=0.00029672 grad_norm=0.4570
step=895 train_loss=2.3332 lr=0.000296672 grad_norm=0.4586
step=900 train_loss=2.3038 lr=0.000296624 grad_norm=0.4122 val_loss=2.3101
step=905 train_loss=2.3611 lr=0.000296576 grad_norm=0.4579
step=910 train_loss=2.3082 lr=0.000296527 grad_norm=0.5391
step=915 train_loss=2.3616 lr=0.000296478 grad_norm=0.4340
step=920 train_loss=2.2781 lr=0.000296429 grad_norm=0.4612
step=925 train_loss=2.3105 lr=0.00029638 grad_norm=0.4942
step=930 train_loss=2.2762 lr=0.00029633 grad_norm=0.4475
step=935 train_loss=2.3303 lr=0.000296279 grad_norm=0.4815
step=940 train_loss=2.2985 lr=0.000296229 grad_norm=0.5539
step=945 train_loss=2.2738 lr=0.000296178 grad_norm=0.4910
step=950 train_loss=2.3082 lr=0.000296126 grad_norm=0.4182
step=955 train_loss=2.3034 lr=0.000296075 grad_norm=0.4109
step=960 train_loss=2.2614 lr=0.000296023 grad_norm=0.4689
step=965 train_loss=2.3192 lr=0.00029597 grad_norm=0.4167
step=970 train_loss=2.2663 lr=0.000295918 grad_norm=0.4413
step=975 train_loss=2.3237 lr=0.000295865 grad_norm=0.5610
step=980 train_loss=2.2831 lr=0.000295812 grad_norm=0.4793
step=985 train_loss=2.2200 lr=0.000295758 grad_norm=0.4087
step=990 train_loss=2.3041 lr=0.000295704 grad_norm=0.4000
step=995 train_loss=2.2596 lr=0.00029565 grad_norm=0.4152
step=1000 train_loss=2.2855 lr=0.000295595 grad_norm=0.4589 val_loss=2.3113
step=1005 train_loss=2.2829 lr=0.00029554 grad_norm=0.4632
step=1010 train_loss=2.2860 lr=0.000295485 grad_norm=0.4608
step=1015 train_loss=2.2278 lr=0.000295429 grad_norm=0.3925
step=1020 train_loss=2.2266 lr=0.000295373 grad_norm=0.4884
step=1025 train_loss=2.2069 lr=0.000295317 grad_norm=0.5398
step=1030 train_loss=2.2808 lr=0.00029526 grad_norm=0.5009
step=1035 train_loss=2.2499 lr=0.000295203 grad_norm=0.4778
step=1040 train_loss=2.2421 lr=0.000295146 grad_norm=0.4940
step=1045 train_loss=2.2377 lr=0.000295088 grad_norm=0.4651
step=1050 train_loss=2.2835 lr=0.00029503 grad_norm=0.4002
step=1055 train_loss=2.2405 lr=0.000294971 grad_norm=0.4146
step=1060 train_loss=2.2758 lr=0.000294913 grad_norm=0.4394
step=1065 train_loss=2.2678 lr=0.000294854 grad_norm=0.4486
step=1070 train_loss=2.2477 lr=0.000294794 grad_norm=0.3883
step=1075 train_loss=2.2629 lr=0.000294735 grad_norm=0.4124
step=1080 train_loss=2.2460 lr=0.000294675 grad_norm=0.4285
step=1085 train_loss=2.2428 lr=0.000294614 grad_norm=0.4550
step=1090 train_loss=2.2177 lr=0.000294554 grad_norm=0.4330
step=1095 train_loss=2.1719 lr=0.000294493 grad_norm=0.4285
step=1100 train_loss=2.2549 lr=0.000294431 grad_norm=0.4757 val_loss=2.1581
step=1105 train_loss=2.2759 lr=0.00029437 grad_norm=0.4644
step=1110 train_loss=2.2014 lr=0.000294308 grad_norm=0.4550
step=1115 train_loss=2.1592 lr=0.000294245 grad_norm=0.3831
step=1120 train_loss=2.2009 lr=0.000294183 grad_norm=0.4199
step=1125 train_loss=2.2063 lr=0.00029412 grad_norm=0.4431
step=1130 train_loss=2.2409 lr=0.000294056 grad_norm=0.4541
step=1135 train_loss=2.1683 lr=0.000293993 grad_norm=0.4102
step=1140 train_loss=2.2156 lr=0.000293929 grad_norm=0.4375
step=1145 train_loss=2.2255 lr=0.000293864 grad_norm=0.4221
step=1150 train_loss=2.2191 lr=0.0002938 grad_norm=0.4010
step=1155 train_loss=2.1913 lr=0.000293735 grad_norm=0.4401
step=1160 train_loss=2.1939 lr=0.000293669 grad_norm=0.4907
step=1165 train_loss=2.1929 lr=0.000293604 grad_norm=0.4326
step=1170 train_loss=2.2013 lr=0.000293538 grad_norm=0.4502
step=1175 train_loss=2.1869 lr=0.000293471 grad_norm=0.4470
step=1180 train_loss=2.1938 lr=0.000293405 grad_norm=0.4203
step=1185 train_loss=2.1846 lr=0.000293338 grad_norm=0.5077
step=1190 train_loss=2.1648 lr=0.00029327 grad_norm=0.4756
step=1195 train_loss=2.1822 lr=0.000293203 grad_norm=0.3901
step=1200 train_loss=2.2268 lr=0.000293135 grad_norm=0.4513 val_loss=2.2372
step=1205 train_loss=2.2035 lr=0.000293066 grad_norm=0.3928
step=1210 train_loss=2.1603 lr=0.000292998 grad_norm=0.4198
step=1215 train_loss=2.2343 lr=0.000292929 grad_norm=0.5073
step=1220 train_loss=2.1937 lr=0.00029286 grad_norm=0.4132
step=1225 train_loss=2.1881 lr=0.00029279 grad_norm=0.3794
step=1230 train_loss=2.1800 lr=0.00029272 grad_norm=0.3792
step=1235 train_loss=2.1946 lr=0.00029265 grad_norm=0.4118
step=1240 train_loss=2.2166 lr=0.000292579 grad_norm=0.3942
step=1245 train_loss=2.1817 lr=0.000292508 grad_norm=0.5334
step=1250 train_loss=2.1398 lr=0.000292437 grad_norm=0.5150
step=1255 train_loss=2.1942 lr=0.000292365 grad_norm=0.3697
step=1260 train_loss=2.1647 lr=0.000292294 grad_norm=0.4861
step=1265 train_loss=2.2029 lr=0.000292221 grad_norm=0.4668
step=1270 train_loss=2.1433 lr=0.000292149 grad_norm=0.4125
step=1275 train_loss=2.1428 lr=0.000292076 grad_norm=0.4275
step=1280 train_loss=2.1685 lr=0.000292003 grad_norm=0.4290
step=1285 train_loss=2.1733 lr=0.000291929 grad_norm=0.4092
step=1290 train_loss=2.1652 lr=0.000291855 grad_norm=0.4190
step=1295 train_loss=2.1470 lr=0.000291781 grad_norm=0.5050
step=1300 train_loss=2.1800 lr=0.000291707 grad_norm=0.4174 val_loss=2.1677
step=1305 train_loss=2.1269 lr=0.000291632 grad_norm=0.4533
step=1310 train_loss=2.1831 lr=0.000291556 grad_norm=0.4140
step=1315 train_loss=2.1521 lr=0.000291481 grad_norm=0.4187
step=1320 train_loss=2.1679 lr=0.000291405 grad_norm=0.4442
step=1325 train_loss=2.1228 lr=0.000291329 grad_norm=0.4153
step=1330 train_loss=2.1665 lr=0.000291253 grad_norm=0.4133
step=1335 train_loss=2.1206 lr=0.000291176 grad_norm=0.4808
step=1340 train_loss=2.1099 lr=0.000291099 grad_norm=0.4197
step=1345 train_loss=2.1472 lr=0.000291021 grad_norm=0.3944
step=1350 train_loss=2.1402 lr=0.000290943 grad_norm=0.4784
step=1355 train_loss=2.1219 lr=0.000290865 grad_norm=0.4242
step=1360 train_loss=2.1029 lr=0.000290787 grad_norm=0.4420
step=1365 train_loss=2.1171 lr=0.000290708 grad_norm=0.4566
step=1370 train_loss=2.1435 lr=0.000290629 grad_norm=0.3964
step=1375 train_loss=2.1772 lr=0.00029055 grad_norm=0.3886
step=1380 train_loss=2.1288 lr=0.00029047 grad_norm=0.4189
step=1385 train_loss=2.1700 lr=0.00029039 grad_norm=0.4135
step=1390 train_loss=2.1147 lr=0.00029031 grad_norm=0.4585
step=1395 train_loss=2.1236 lr=0.000290229 grad_norm=0.4331
step=1400 train_loss=2.1513 lr=0.000290148 grad_norm=0.3951 val_loss=2.1589
step=1405 train_loss=2.1365 lr=0.000290067 grad_norm=0.4061
step=1410 train_loss=2.1587 lr=0.000289985 grad_norm=0.4232
step=1415 train_loss=2.0846 lr=0.000289903 grad_norm=0.3759
step=1420 train_loss=2.1035 lr=0.000289821 grad_norm=0.4253
step=1425 train_loss=2.1231 lr=0.000289738 grad_norm=0.4039
step=1430 train_loss=2.1026 lr=0.000289655 grad_norm=0.4025
step=1435 train_loss=2.1134 lr=0.000289572 grad_norm=0.5262
step=1440 train_loss=2.0984 lr=0.000289489 grad_norm=0.4248
step=1445 train_loss=2.0684 lr=0.000289405 grad_norm=0.3823
step=1450 train_loss=2.1376 lr=0.00028932 grad_norm=0.3796
step=1455 train_loss=2.0856 lr=0.000289236 grad_norm=0.3811
step=1460 train_loss=2.1083 lr=0.000289151 grad_norm=0.3791
step=1465 train_loss=2.1446 lr=0.000289066 grad_norm=0.3930
step=1470 train_loss=2.1139 lr=0.00028898 grad_norm=0.3712
step=1475 train_loss=2.0804 lr=0.000288895 grad_norm=0.4292
step=1480 train_loss=2.0880 lr=0.000288809 grad_norm=0.4247
step=1485 train_loss=2.1207 lr=0.000288722 grad_norm=0.3914
step=1490 train_loss=2.1121 lr=0.000288635 grad_norm=0.4539
step=1495 train_loss=2.0735 lr=0.000288548 grad_norm=0.3887
step=1500 train_loss=2.0884 lr=0.000288461 grad_norm=0.3965 val_loss=2.0805
Saved checkpoint at step 1500
