step=5 train_loss=9.0488 lr=6e-06 grad_norm=1.1344
step=10 train_loss=8.9954 lr=1.35e-05 grad_norm=1.1579
step=15 train_loss=8.8960 lr=2.1e-05 grad_norm=1.2136
step=20 train_loss=8.7542 lr=2.85e-05 grad_norm=1.3790
step=25 train_loss=8.5609 lr=3.6e-05 grad_norm=1.6708
step=30 train_loss=8.3383 lr=4.35e-05 grad_norm=1.9316
step=35 train_loss=8.0779 lr=5.1e-05 grad_norm=2.1672
step=40 train_loss=7.8216 lr=5.85e-05 grad_norm=2.2642
step=45 train_loss=7.5698 lr=6.6e-05 grad_norm=2.2812
step=50 train_loss=7.3251 lr=7.35e-05 grad_norm=2.2221
step=55 train_loss=7.0574 lr=8.1e-05 grad_norm=2.1510
step=60 train_loss=6.7799 lr=8.85e-05 grad_norm=2.0504
step=65 train_loss=6.5345 lr=9.6e-05 grad_norm=1.8905
step=70 train_loss=6.3035 lr=0.0001035 grad_norm=1.6734
step=75 train_loss=6.0802 lr=0.000111 grad_norm=1.4729
step=80 train_loss=5.8416 lr=0.0001185 grad_norm=1.2263
step=85 train_loss=5.6428 lr=0.000126 grad_norm=0.9600
step=90 train_loss=5.4577 lr=0.0001335 grad_norm=0.7466
step=95 train_loss=5.2922 lr=0.000141 grad_norm=0.5470
step=100 train_loss=5.1498 lr=0.0001485 grad_norm=0.4568 val_loss=5.1036
step=105 train_loss=4.9674 lr=0.000156 grad_norm=0.4401
step=110 train_loss=4.8102 lr=0.0001635 grad_norm=0.4186
step=115 train_loss=4.6405 lr=0.000171 grad_norm=0.3961
step=120 train_loss=4.5572 lr=0.0001785 grad_norm=0.4611
step=125 train_loss=4.4442 lr=0.000186 grad_norm=0.5042
step=130 train_loss=4.3557 lr=0.0001935 grad_norm=0.5474
step=135 train_loss=4.2502 lr=0.000201 grad_norm=0.4025
step=140 train_loss=4.1327 lr=0.0002085 grad_norm=0.4208
step=145 train_loss=4.0759 lr=0.000216 grad_norm=0.3572
step=150 train_loss=4.0369 lr=0.0002235 grad_norm=0.4182
step=155 train_loss=3.9648 lr=0.000231 grad_norm=0.2989
step=160 train_loss=3.9211 lr=0.0002385 grad_norm=0.4646
step=165 train_loss=3.8391 lr=0.000246 grad_norm=0.5028
step=170 train_loss=3.8133 lr=0.0002535 grad_norm=0.5424
step=175 train_loss=3.7433 lr=0.000261 grad_norm=0.4030
step=180 train_loss=3.7138 lr=0.0002685 grad_norm=0.5337
step=185 train_loss=3.6778 lr=0.000276 grad_norm=0.5695
step=190 train_loss=3.5971 lr=0.0002835 grad_norm=0.3906
step=195 train_loss=3.5839 lr=0.000291 grad_norm=0.5781
step=200 train_loss=3.5356 lr=0.0002985 grad_norm=0.4102 val_loss=3.5827
step=205 train_loss=3.4560 lr=0.0003 grad_norm=0.6075
step=210 train_loss=3.4629 lr=0.000299999 grad_norm=0.5565
step=215 train_loss=3.4625 lr=0.000299999 grad_norm=0.5955
step=220 train_loss=3.3704 lr=0.000299997 grad_norm=0.3467
step=225 train_loss=3.3552 lr=0.000299996 grad_norm=0.4696
step=230 train_loss=3.3431 lr=0.000299994 grad_norm=0.3905
step=235 train_loss=3.2916 lr=0.000299992 grad_norm=0.3876
step=240 train_loss=3.3226 lr=0.000299989 grad_norm=0.4044
step=245 train_loss=3.2742 lr=0.000299987 grad_norm=0.5160
step=250 train_loss=3.2278 lr=0.000299983 grad_norm=0.4029
step=255 train_loss=3.2209 lr=0.00029998 grad_norm=0.4362
step=260 train_loss=3.1738 lr=0.000299976 grad_norm=0.4337
step=265 train_loss=3.1720 lr=0.000299972 grad_norm=0.3935
step=270 train_loss=3.1574 lr=0.000299967 grad_norm=0.5044
step=275 train_loss=3.2183 lr=0.000299962 grad_norm=0.6225
step=280 train_loss=3.1661 lr=0.000299957 grad_norm=0.5002
step=285 train_loss=3.1099 lr=0.000299951 grad_norm=0.4897
step=290 train_loss=3.1159 lr=0.000299945 grad_norm=0.4534
step=295 train_loss=3.0817 lr=0.000299939 grad_norm=0.3888
step=300 train_loss=3.0802 lr=0.000299932 grad_norm=0.4530 val_loss=3.1016
step=305 train_loss=3.0626 lr=0.000299925 grad_norm=0.4932
step=310 train_loss=3.0230 lr=0.000299918 grad_norm=0.3693
step=315 train_loss=3.0137 lr=0.00029991 grad_norm=0.5006
step=320 train_loss=3.0262 lr=0.000299902 grad_norm=0.4075
step=325 train_loss=2.9794 lr=0.000299893 grad_norm=0.4060
step=330 train_loss=2.9667 lr=0.000299885 grad_norm=0.8793
step=335 train_loss=2.9783 lr=0.000299875 grad_norm=0.4306
step=340 train_loss=2.9936 lr=0.000299866 grad_norm=0.4031
step=345 train_loss=2.9586 lr=0.000299856 grad_norm=0.4348
step=350 train_loss=2.9534 lr=0.000299846 grad_norm=0.3713
step=355 train_loss=2.9008 lr=0.000299835 grad_norm=0.4395
step=360 train_loss=2.9252 lr=0.000299825 grad_norm=0.3756
step=365 train_loss=2.9183 lr=0.000299813 grad_norm=0.4243
step=370 train_loss=2.8944 lr=0.000299802 grad_norm=0.5754
step=375 train_loss=2.8869 lr=0.00029979 grad_norm=0.4957
step=380 train_loss=2.8872 lr=0.000299778 grad_norm=0.5120
step=385 train_loss=2.8558 lr=0.000299765 grad_norm=0.4058
step=390 train_loss=2.8753 lr=0.000299752 grad_norm=0.4353
step=395 train_loss=2.8504 lr=0.000299739 grad_norm=0.4013
step=400 train_loss=2.8645 lr=0.000299725 grad_norm=0.5288 val_loss=2.8450
step=405 train_loss=2.8467 lr=0.000299711 grad_norm=0.4044
step=410 train_loss=2.8361 lr=0.000299697 grad_norm=0.5102
step=415 train_loss=2.8213 lr=0.000299682 grad_norm=0.3632
step=420 train_loss=2.7997 lr=0.000299667 grad_norm=0.4373
step=425 train_loss=2.7826 lr=0.000299652 grad_norm=0.4397
step=430 train_loss=2.7896 lr=0.000299636 grad_norm=0.6135
step=435 train_loss=2.7992 lr=0.00029962 grad_norm=0.4644
step=440 train_loss=2.8009 lr=0.000299604 grad_norm=0.4456
step=445 train_loss=2.7049 lr=0.000299587 grad_norm=0.3287
step=450 train_loss=2.7540 lr=0.00029957 grad_norm=0.4697
step=455 train_loss=2.7424 lr=0.000299553 grad_norm=0.4414
step=460 train_loss=2.7292 lr=0.000299535 grad_norm=0.5325
step=465 train_loss=2.6958 lr=0.000299517 grad_norm=0.4884
step=470 train_loss=2.7293 lr=0.000299498 grad_norm=0.3504
step=475 train_loss=2.7270 lr=0.000299479 grad_norm=0.3647
step=480 train_loss=2.7093 lr=0.00029946 grad_norm=0.4039
step=485 train_loss=2.6667 lr=0.000299441 grad_norm=0.4249
step=490 train_loss=2.6526 lr=0.000299421 grad_norm=0.4848
step=495 train_loss=2.6763 lr=0.000299401 grad_norm=0.6207
step=500 train_loss=2.6886 lr=0.00029938 grad_norm=0.5025 val_loss=2.6346
step=505 train_loss=2.6693 lr=0.000299359 grad_norm=0.4963
step=510 train_loss=2.6346 lr=0.000299338 grad_norm=0.4906
step=515 train_loss=2.6508 lr=0.000299317 grad_norm=0.4625
step=520 train_loss=2.6608 lr=0.000299295 grad_norm=0.5206
step=525 train_loss=2.6347 lr=0.000299272 grad_norm=0.4485
step=530 train_loss=2.6691 lr=0.00029925 grad_norm=0.4148
step=535 train_loss=2.6325 lr=0.000299227 grad_norm=0.3602
step=540 train_loss=2.6151 lr=0.000299203 grad_norm=0.4013
step=545 train_loss=2.6366 lr=0.00029918 grad_norm=0.4240
step=550 train_loss=2.6012 lr=0.000299156 grad_norm=0.3724
step=555 train_loss=2.6019 lr=0.000299131 grad_norm=0.3849
step=560 train_loss=2.5710 lr=0.000299107 grad_norm=0.3708
step=565 train_loss=2.5807 lr=0.000299082 grad_norm=0.4055
step=570 train_loss=2.6144 lr=0.000299056 grad_norm=0.4515
step=575 train_loss=2.5928 lr=0.000299031 grad_norm=0.4162
step=580 train_loss=2.5537 lr=0.000299005 grad_norm=0.4691
step=585 train_loss=2.5805 lr=0.000298978 grad_norm=0.5318
step=590 train_loss=2.5178 lr=0.000298951 grad_norm=0.6210
step=595 train_loss=2.5711 lr=0.000298924 grad_norm=0.4459
step=600 train_loss=2.5293 lr=0.000298897 grad_norm=0.4112 val_loss=2.5828
step=605 train_loss=2.5529 lr=0.000298869 grad_norm=0.3995
step=610 train_loss=2.5381 lr=0.000298841 grad_norm=0.3993
step=615 train_loss=2.5525 lr=0.000298813 grad_norm=0.4177
step=620 train_loss=2.5978 lr=0.000298784 grad_norm=0.3474
step=625 train_loss=2.4961 lr=0.000298755 grad_norm=0.3823
step=630 train_loss=2.5446 lr=0.000298725 grad_norm=0.4477
step=635 train_loss=2.5015 lr=0.000298695 grad_norm=0.4076
step=640 train_loss=2.4886 lr=0.000298665 grad_norm=0.3902
step=645 train_loss=2.5067 lr=0.000298635 grad_norm=0.4720
step=650 train_loss=2.4970 lr=0.000298604 grad_norm=0.4882
step=655 train_loss=2.4754 lr=0.000298572 grad_norm=0.4493
step=660 train_loss=2.4920 lr=0.000298541 grad_norm=0.5618
step=665 train_loss=2.5030 lr=0.000298509 grad_norm=0.4065
step=670 train_loss=2.5043 lr=0.000298477 grad_norm=0.4718
step=675 train_loss=2.5024 lr=0.000298444 grad_norm=0.5240
step=680 train_loss=2.5048 lr=0.000298411 grad_norm=0.4580
step=685 train_loss=2.4639 lr=0.000298378 grad_norm=0.5491
step=690 train_loss=2.4876 lr=0.000298344 grad_norm=0.5191
step=695 train_loss=2.5005 lr=0.00029831 grad_norm=0.4346
step=700 train_loss=2.4494 lr=0.000298276 grad_norm=0.3510 val_loss=2.4516
step=705 train_loss=2.4219 lr=0.000298241 grad_norm=0.3634
step=710 train_loss=2.4544 lr=0.000298206 grad_norm=0.3900
step=715 train_loss=2.4244 lr=0.000298171 grad_norm=0.4111
step=720 train_loss=2.4471 lr=0.000298135 grad_norm=0.4318
step=725 train_loss=2.4615 lr=0.000298099 grad_norm=0.4003
step=730 train_loss=2.4171 lr=0.000298063 grad_norm=0.4226
step=735 train_loss=2.4235 lr=0.000298026 grad_norm=0.3959
step=740 train_loss=2.4747 lr=0.000297989 grad_norm=0.4777
step=745 train_loss=2.3662 lr=0.000297952 grad_norm=0.3638
step=750 train_loss=2.4303 lr=0.000297914 grad_norm=0.4852
step=755 train_loss=2.4440 lr=0.000297876 grad_norm=0.5202
step=760 train_loss=2.4108 lr=0.000297838 grad_norm=0.5280
step=765 train_loss=2.4301 lr=0.000297799 grad_norm=0.4550
step=770 train_loss=2.3932 lr=0.00029776 grad_norm=0.3490
step=775 train_loss=2.4283 lr=0.000297721 grad_norm=0.5073
step=780 train_loss=2.4203 lr=0.000297681 grad_norm=0.5425
step=785 train_loss=2.3889 lr=0.000297641 grad_norm=0.4637
step=790 train_loss=2.3882 lr=0.0002976 grad_norm=0.3756
step=795 train_loss=2.3905 lr=0.000297559 grad_norm=0.4333
step=800 train_loss=2.3856 lr=0.000297518 grad_norm=0.4078 val_loss=2.3885
step=805 train_loss=2.3799 lr=0.000297477 grad_norm=0.4199
step=810 train_loss=2.3768 lr=0.000297435 grad_norm=0.4150
step=815 train_loss=2.3838 lr=0.000297393 grad_norm=0.3653
step=820 train_loss=2.3642 lr=0.00029735 grad_norm=0.3999
step=825 train_loss=2.4061 lr=0.000297307 grad_norm=0.4252
step=830 train_loss=2.3759 lr=0.000297264 grad_norm=0.3910
step=835 train_loss=2.3501 lr=0.000297221 grad_norm=0.4451
step=840 train_loss=2.3693 lr=0.000297177 grad_norm=0.3875
step=845 train_loss=2.3965 lr=0.000297133 grad_norm=0.4170
step=850 train_loss=2.3281 lr=0.000297088 grad_norm=0.4528
step=855 train_loss=2.3152 lr=0.000297043 grad_norm=0.4119
step=860 train_loss=2.3899 lr=0.000296998 grad_norm=0.4905
step=865 train_loss=2.3305 lr=0.000296953 grad_norm=0.3935
step=870 train_loss=2.2815 lr=0.000296907 grad_norm=0.3866
step=875 train_loss=2.3743 lr=0.00029686 grad_norm=0.4353
step=880 train_loss=2.3381 lr=0.000296814 grad_norm=0.3968
step=885 train_loss=2.3326 lr=0.000296767 grad_norm=0.3831
step=890 train_loss=2.3809 lr=0.00029672 grad_norm=0.4029
step=895 train_loss=2.3272 lr=0.000296672 grad_norm=0.4407
step=900 train_loss=2.2973 lr=0.000296624 grad_norm=0.3939 val_loss=2.2982
step=905 train_loss=2.3530 lr=0.000296576 grad_norm=0.4653
step=910 train_loss=2.2925 lr=0.000296527 grad_norm=0.4040
step=915 train_loss=2.3510 lr=0.000296478 grad_norm=0.3935
step=920 train_loss=2.2626 lr=0.000296429 grad_norm=0.3841
step=925 train_loss=2.2995 lr=0.00029638 grad_norm=0.4486
step=930 train_loss=2.2659 lr=0.00029633 grad_norm=0.4155
step=935 train_loss=2.3207 lr=0.000296279 grad_norm=0.4354
step=940 train_loss=2.2874 lr=0.000296229 grad_norm=0.4171
step=945 train_loss=2.2655 lr=0.000296178 grad_norm=0.4862
step=950 train_loss=2.3008 lr=0.000296126 grad_norm=0.3844
step=955 train_loss=2.2907 lr=0.000296075 grad_norm=0.3666
step=960 train_loss=2.2487 lr=0.000296023 grad_norm=0.3884
step=965 train_loss=2.3159 lr=0.00029597 grad_norm=0.3975
step=970 train_loss=2.2555 lr=0.000295918 grad_norm=0.4352
step=975 train_loss=2.3124 lr=0.000295865 grad_norm=0.5017
step=980 train_loss=2.2788 lr=0.000295812 grad_norm=0.4368
step=985 train_loss=2.2073 lr=0.000295758 grad_norm=0.4215
step=990 train_loss=2.2929 lr=0.000295704 grad_norm=0.4359
step=995 train_loss=2.2497 lr=0.00029565 grad_norm=0.4295
step=1000 train_loss=2.2768 lr=0.000295595 grad_norm=0.4089 val_loss=2.3035
step=1005 train_loss=2.2675 lr=0.00029554 grad_norm=0.4312
step=1010 train_loss=2.2694 lr=0.000295485 grad_norm=0.3967
step=1015 train_loss=2.2201 lr=0.000295429 grad_norm=0.3981
step=1020 train_loss=2.2140 lr=0.000295373 grad_norm=0.4537
step=1025 train_loss=2.1990 lr=0.000295317 grad_norm=0.5040
step=1030 train_loss=2.2725 lr=0.00029526 grad_norm=0.4727
step=1035 train_loss=2.2394 lr=0.000295203 grad_norm=0.5336
step=1040 train_loss=2.2306 lr=0.000295146 grad_norm=0.5232
step=1045 train_loss=2.2297 lr=0.000295088 grad_norm=0.4123
step=1050 train_loss=2.2738 lr=0.00029503 grad_norm=0.3674
step=1055 train_loss=2.2348 lr=0.000294971 grad_norm=0.4526
step=1060 train_loss=2.2647 lr=0.000294913 grad_norm=0.5357
step=1065 train_loss=2.2524 lr=0.000294854 grad_norm=0.4305
step=1070 train_loss=2.2386 lr=0.000294794 grad_norm=0.4092
step=1075 train_loss=2.2484 lr=0.000294735 grad_norm=0.3970
step=1080 train_loss=2.2365 lr=0.000294675 grad_norm=0.4496
step=1085 train_loss=2.2286 lr=0.000294614 grad_norm=0.4117
step=1090 train_loss=2.2055 lr=0.000294554 grad_norm=0.3842
step=1095 train_loss=2.1590 lr=0.000294493 grad_norm=0.4947
step=1100 train_loss=2.2416 lr=0.000294431 grad_norm=0.3720 val_loss=2.1390
step=1105 train_loss=2.2585 lr=0.00029437 grad_norm=0.4242
step=1110 train_loss=2.1853 lr=0.000294308 grad_norm=0.3848
step=1115 train_loss=2.1526 lr=0.000294245 grad_norm=0.4052
step=1120 train_loss=2.1945 lr=0.000294183 grad_norm=0.3913
step=1125 train_loss=2.1965 lr=0.00029412 grad_norm=0.4452
step=1130 train_loss=2.2285 lr=0.000294056 grad_norm=0.3799
step=1135 train_loss=2.1583 lr=0.000293993 grad_norm=0.3856
step=1140 train_loss=2.2042 lr=0.000293929 grad_norm=0.4151
step=1145 train_loss=2.2153 lr=0.000293864 grad_norm=0.3910
step=1150 train_loss=2.2091 lr=0.0002938 grad_norm=0.3963
step=1155 train_loss=2.1793 lr=0.000293735 grad_norm=0.4332
step=1160 train_loss=2.1799 lr=0.000293669 grad_norm=0.4457
step=1165 train_loss=2.1832 lr=0.000293604 grad_norm=0.4248
step=1170 train_loss=2.1945 lr=0.000293538 grad_norm=0.4230
step=1175 train_loss=2.1764 lr=0.000293471 grad_norm=0.3954
step=1180 train_loss=2.1854 lr=0.000293405 grad_norm=0.4076
step=1185 train_loss=2.1802 lr=0.000293338 grad_norm=0.4010
step=1190 train_loss=2.1622 lr=0.00029327 grad_norm=0.4549
step=1195 train_loss=2.1706 lr=0.000293203 grad_norm=0.3758
step=1200 train_loss=2.2195 lr=0.000293135 grad_norm=0.4238 val_loss=2.2253
step=1205 train_loss=2.1914 lr=0.000293066 grad_norm=0.3653
step=1210 train_loss=2.1474 lr=0.000292998 grad_norm=0.4052
step=1215 train_loss=2.2202 lr=0.000292929 grad_norm=0.3924
step=1220 train_loss=2.1845 lr=0.00029286 grad_norm=0.3866
step=1225 train_loss=2.1750 lr=0.00029279 grad_norm=0.3816
step=1230 train_loss=2.1722 lr=0.00029272 grad_norm=0.4464
step=1235 train_loss=2.1805 lr=0.00029265 grad_norm=0.3816
step=1240 train_loss=2.2085 lr=0.000292579 grad_norm=0.4149
step=1245 train_loss=2.1699 lr=0.000292508 grad_norm=0.4638
step=1250 train_loss=2.1293 lr=0.000292437 grad_norm=0.5158
step=1255 train_loss=2.1867 lr=0.000292365 grad_norm=0.3728
step=1260 train_loss=2.1561 lr=0.000292294 grad_norm=0.4241
step=1265 train_loss=2.1871 lr=0.000292221 grad_norm=0.4125
step=1270 train_loss=2.1326 lr=0.000292149 grad_norm=0.3836
step=1275 train_loss=2.1364 lr=0.000292076 grad_norm=0.4544
step=1280 train_loss=2.1585 lr=0.000292003 grad_norm=0.4621
step=1285 train_loss=2.1665 lr=0.000291929 grad_norm=0.3916
step=1290 train_loss=2.1629 lr=0.000291855 grad_norm=0.3846
step=1295 train_loss=2.1327 lr=0.000291781 grad_norm=0.3691
step=1300 train_loss=2.1706 lr=0.000291707 grad_norm=0.3422 val_loss=2.1555
step=1305 train_loss=2.1147 lr=0.000291632 grad_norm=0.3875
step=1310 train_loss=2.1716 lr=0.000291556 grad_norm=0.3998
step=1315 train_loss=2.1400 lr=0.000291481 grad_norm=0.4011
step=1320 train_loss=2.1594 lr=0.000291405 grad_norm=0.3987
step=1325 train_loss=2.1153 lr=0.000291329 grad_norm=0.4504
step=1330 train_loss=2.1532 lr=0.000291253 grad_norm=0.3959
step=1335 train_loss=2.1119 lr=0.000291176 grad_norm=0.4398
step=1340 train_loss=2.0967 lr=0.000291099 grad_norm=0.3511
step=1345 train_loss=2.1433 lr=0.000291021 grad_norm=0.3712
step=1350 train_loss=2.1313 lr=0.000290943 grad_norm=0.3962
step=1355 train_loss=2.1127 lr=0.000290865 grad_norm=0.3897
step=1360 train_loss=2.0941 lr=0.000290787 grad_norm=0.3851
step=1365 train_loss=2.1053 lr=0.000290708 grad_norm=0.4199
step=1370 train_loss=2.1331 lr=0.000290629 grad_norm=0.4053
step=1375 train_loss=2.1597 lr=0.00029055 grad_norm=0.3689
step=1380 train_loss=2.1176 lr=0.00029047 grad_norm=0.4213
step=1385 train_loss=2.1552 lr=0.00029039 grad_norm=0.3670
step=1390 train_loss=2.1048 lr=0.00029031 grad_norm=0.3876
step=1395 train_loss=2.1106 lr=0.000290229 grad_norm=0.3780
step=1400 train_loss=2.1380 lr=0.000290148 grad_norm=0.3821 val_loss=2.1560
step=1405 train_loss=2.1222 lr=0.000290067 grad_norm=0.3631
step=1410 train_loss=2.1522 lr=0.000289985 grad_norm=0.4053
step=1415 train_loss=2.0748 lr=0.000289903 grad_norm=0.3696
step=1420 train_loss=2.0925 lr=0.000289821 grad_norm=0.3752
step=1425 train_loss=2.1133 lr=0.000289738 grad_norm=0.4299
step=1430 train_loss=2.0866 lr=0.000289655 grad_norm=0.3466
step=1435 train_loss=2.0960 lr=0.000289572 grad_norm=0.3717
step=1440 train_loss=2.0911 lr=0.000289489 grad_norm=0.4255
step=1445 train_loss=2.0627 lr=0.000289405 grad_norm=0.5090
step=1450 train_loss=2.1313 lr=0.00028932 grad_norm=0.4186
step=1455 train_loss=2.0742 lr=0.000289236 grad_norm=0.3525
step=1460 train_loss=2.0947 lr=0.000289151 grad_norm=0.3724
step=1465 train_loss=2.1325 lr=0.000289066 grad_norm=0.3585
step=1470 train_loss=2.1079 lr=0.00028898 grad_norm=0.3495
step=1475 train_loss=2.0676 lr=0.000288895 grad_norm=0.3923
step=1480 train_loss=2.0764 lr=0.000288809 grad_norm=0.3394
step=1485 train_loss=2.1112 lr=0.000288722 grad_norm=0.3512
step=1490 train_loss=2.1016 lr=0.000288635 grad_norm=0.4123
step=1495 train_loss=2.0625 lr=0.000288548 grad_norm=0.3669
step=1500 train_loss=2.0814 lr=0.000288461 grad_norm=0.3733 val_loss=2.0667
Saved checkpoint at step 1500
