step=5 train_loss=9.0553 lr=6e-06 grad_norm=1.2363
step=10 train_loss=8.9991 lr=1.35e-05 grad_norm=1.2628
step=15 train_loss=8.8919 lr=2.1e-05 grad_norm=1.3057
step=20 train_loss=8.7403 lr=2.85e-05 grad_norm=1.4789
step=25 train_loss=8.5333 lr=3.6e-05 grad_norm=1.7720
step=30 train_loss=8.3135 lr=4.35e-05 grad_norm=1.9939
step=35 train_loss=8.0592 lr=5.1e-05 grad_norm=2.2079
step=40 train_loss=7.8143 lr=5.85e-05 grad_norm=2.2844
step=45 train_loss=7.5788 lr=6.6e-05 grad_norm=2.3069
step=50 train_loss=7.3488 lr=7.35e-05 grad_norm=2.2643
step=55 train_loss=7.0972 lr=8.1e-05 grad_norm=2.2062
step=60 train_loss=6.8270 lr=8.85e-05 grad_norm=2.1183
step=65 train_loss=6.5789 lr=9.6e-05 grad_norm=1.9883
step=70 train_loss=6.3417 lr=0.0001035 grad_norm=1.8088
step=75 train_loss=6.0917 lr=0.000111 grad_norm=1.6352
step=80 train_loss=5.8401 lr=0.0001185 grad_norm=1.4128
step=85 train_loss=5.6265 lr=0.000126 grad_norm=1.1517
step=90 train_loss=5.4319 lr=0.0001335 grad_norm=0.9175
step=95 train_loss=5.2633 lr=0.000141 grad_norm=0.7015
step=100 train_loss=5.1280 lr=0.0001485 grad_norm=0.5532 val_loss=5.0822
step=105 train_loss=4.9558 lr=0.000156 grad_norm=0.4831
step=110 train_loss=4.8069 lr=0.0001635 grad_norm=0.3866
step=115 train_loss=4.6462 lr=0.000171 grad_norm=0.3499
step=120 train_loss=4.5709 lr=0.0001785 grad_norm=0.3315
step=125 train_loss=4.4602 lr=0.000186 grad_norm=0.2784
step=130 train_loss=4.3683 lr=0.0001935 grad_norm=0.4083
step=135 train_loss=4.2579 lr=0.000201 grad_norm=0.3012
step=140 train_loss=4.1315 lr=0.0002085 grad_norm=0.3993
step=145 train_loss=4.0666 lr=0.000216 grad_norm=0.2702
step=150 train_loss=4.0244 lr=0.0002235 grad_norm=0.2591
step=155 train_loss=3.9509 lr=0.000231 grad_norm=0.2810
step=160 train_loss=3.9009 lr=0.0002385 grad_norm=0.3204
step=165 train_loss=3.8154 lr=0.000246 grad_norm=0.2925
step=170 train_loss=3.7876 lr=0.0002535 grad_norm=0.2797
step=175 train_loss=3.7211 lr=0.000261 grad_norm=0.3226
step=180 train_loss=3.6858 lr=0.0002685 grad_norm=0.3492
step=185 train_loss=3.6529 lr=0.000276 grad_norm=0.4352
step=190 train_loss=3.5755 lr=0.0002835 grad_norm=0.3943
step=195 train_loss=3.5547 lr=0.000291 grad_norm=0.3790
step=200 train_loss=3.5112 lr=0.0002985 grad_norm=0.3551 val_loss=3.5657
step=205 train_loss=3.4355 lr=0.0003 grad_norm=0.5449
step=210 train_loss=3.4365 lr=0.000299999 grad_norm=0.3908
step=215 train_loss=3.4362 lr=0.000299999 grad_norm=0.4689
step=220 train_loss=3.3560 lr=0.000299997 grad_norm=0.4023
step=225 train_loss=3.3324 lr=0.000299996 grad_norm=0.3501
step=230 train_loss=3.3251 lr=0.000299994 grad_norm=0.3601
step=235 train_loss=3.2764 lr=0.000299992 grad_norm=0.3725
step=240 train_loss=3.3081 lr=0.000299989 grad_norm=0.4610
step=245 train_loss=3.2607 lr=0.000299987 grad_norm=0.5351
step=250 train_loss=3.2165 lr=0.000299983 grad_norm=0.5390
step=255 train_loss=3.2053 lr=0.00029998 grad_norm=0.4706
step=260 train_loss=3.1579 lr=0.000299976 grad_norm=0.3866
step=265 train_loss=3.1655 lr=0.000299972 grad_norm=0.4840
step=270 train_loss=3.1464 lr=0.000299967 grad_norm=0.4522
step=275 train_loss=3.2005 lr=0.000299962 grad_norm=0.4995
step=280 train_loss=3.1567 lr=0.000299957 grad_norm=0.5493
step=285 train_loss=3.0976 lr=0.000299951 grad_norm=0.5461
step=290 train_loss=3.1080 lr=0.000299945 grad_norm=0.4897
step=295 train_loss=3.0766 lr=0.000299939 grad_norm=0.4363
step=300 train_loss=3.0732 lr=0.000299932 grad_norm=0.4563 val_loss=3.0937
step=305 train_loss=3.0545 lr=0.000299925 grad_norm=0.5466
step=310 train_loss=3.0205 lr=0.000299918 grad_norm=0.4729
step=315 train_loss=3.0090 lr=0.00029991 grad_norm=0.4232
step=320 train_loss=3.0249 lr=0.000299902 grad_norm=0.5893
step=325 train_loss=2.9792 lr=0.000299893 grad_norm=0.3513
step=330 train_loss=2.9546 lr=0.000299885 grad_norm=0.4946
step=335 train_loss=2.9797 lr=0.000299875 grad_norm=0.5710
step=340 train_loss=2.9935 lr=0.000299866 grad_norm=0.5027
step=345 train_loss=2.9604 lr=0.000299856 grad_norm=0.4569
step=350 train_loss=2.9496 lr=0.000299846 grad_norm=0.4690
step=355 train_loss=2.8967 lr=0.000299835 grad_norm=0.4121
step=360 train_loss=2.9291 lr=0.000299825 grad_norm=0.4646
step=365 train_loss=2.9141 lr=0.000299813 grad_norm=0.4873
step=370 train_loss=2.8964 lr=0.000299802 grad_norm=0.7988
step=375 train_loss=2.8940 lr=0.00029979 grad_norm=0.7088
step=380 train_loss=2.8893 lr=0.000299778 grad_norm=0.5622
step=385 train_loss=2.8555 lr=0.000299765 grad_norm=0.4077
step=390 train_loss=2.8773 lr=0.000299752 grad_norm=0.5036
step=395 train_loss=2.8491 lr=0.000299739 grad_norm=0.4068
step=400 train_loss=2.8646 lr=0.000299725 grad_norm=0.5400 val_loss=2.8474
step=405 train_loss=2.8483 lr=0.000299711 grad_norm=0.4808
step=410 train_loss=2.8374 lr=0.000299697 grad_norm=0.5272
step=415 train_loss=2.8297 lr=0.000299682 grad_norm=0.4676
step=420 train_loss=2.8018 lr=0.000299667 grad_norm=0.4984
step=425 train_loss=2.7763 lr=0.000299652 grad_norm=0.3513
step=430 train_loss=2.7961 lr=0.000299636 grad_norm=0.5111
step=435 train_loss=2.8035 lr=0.00029962 grad_norm=0.4583
step=440 train_loss=2.8032 lr=0.000299604 grad_norm=0.4703
step=445 train_loss=2.7138 lr=0.000299587 grad_norm=0.4963
step=450 train_loss=2.7577 lr=0.00029957 grad_norm=0.5795
step=455 train_loss=2.7422 lr=0.000299553 grad_norm=0.4536
step=460 train_loss=2.7302 lr=0.000299535 grad_norm=0.5606
step=465 train_loss=2.7010 lr=0.000299517 grad_norm=0.5504
step=470 train_loss=2.7305 lr=0.000299498 grad_norm=0.4648
step=475 train_loss=2.7306 lr=0.000299479 grad_norm=0.4437
step=480 train_loss=2.7135 lr=0.00029946 grad_norm=0.4325
step=485 train_loss=2.6738 lr=0.000299441 grad_norm=0.5535
step=490 train_loss=2.6560 lr=0.000299421 grad_norm=0.5016
step=495 train_loss=2.6791 lr=0.000299401 grad_norm=0.6307
step=500 train_loss=2.6872 lr=0.00029938 grad_norm=0.4537 val_loss=2.6415
step=505 train_loss=2.6700 lr=0.000299359 grad_norm=0.6175
step=510 train_loss=2.6380 lr=0.000299338 grad_norm=0.5896
step=515 train_loss=2.6574 lr=0.000299317 grad_norm=0.4673
step=520 train_loss=2.6675 lr=0.000299295 grad_norm=0.4520
step=525 train_loss=2.6426 lr=0.000299272 grad_norm=0.5234
step=530 train_loss=2.6722 lr=0.00029925 grad_norm=0.5088
step=535 train_loss=2.6345 lr=0.000299227 grad_norm=0.4321
step=540 train_loss=2.6179 lr=0.000299203 grad_norm=0.6363
step=545 train_loss=2.6437 lr=0.00029918 grad_norm=0.6102
step=550 train_loss=2.6045 lr=0.000299156 grad_norm=0.4504
step=555 train_loss=2.6095 lr=0.000299131 grad_norm=0.4316
step=560 train_loss=2.5715 lr=0.000299107 grad_norm=0.3443
step=565 train_loss=2.5786 lr=0.000299082 grad_norm=0.4010
step=570 train_loss=2.6140 lr=0.000299056 grad_norm=0.4413
step=575 train_loss=2.5921 lr=0.000299031 grad_norm=0.4264
step=580 train_loss=2.5577 lr=0.000299005 grad_norm=0.5492
step=585 train_loss=2.5763 lr=0.000298978 grad_norm=0.4785
step=590 train_loss=2.5168 lr=0.000298951 grad_norm=0.6698
step=595 train_loss=2.5745 lr=0.000298924 grad_norm=0.4554
step=600 train_loss=2.5337 lr=0.000298897 grad_norm=0.4504 val_loss=2.5842
step=605 train_loss=2.5548 lr=0.000298869 grad_norm=0.4618
step=610 train_loss=2.5429 lr=0.000298841 grad_norm=0.5308
step=615 train_loss=2.5577 lr=0.000298813 grad_norm=0.5460
step=620 train_loss=2.6037 lr=0.000298784 grad_norm=0.4059
step=625 train_loss=2.4934 lr=0.000298755 grad_norm=0.4883
step=630 train_loss=2.5471 lr=0.000298725 grad_norm=0.5046
step=635 train_loss=2.5041 lr=0.000298695 grad_norm=0.4932
step=640 train_loss=2.4875 lr=0.000298665 grad_norm=0.3786
step=645 train_loss=2.5113 lr=0.000298635 grad_norm=0.5346
step=650 train_loss=2.5023 lr=0.000298604 grad_norm=0.5147
step=655 train_loss=2.4757 lr=0.000298572 grad_norm=0.6007
step=660 train_loss=2.4941 lr=0.000298541 grad_norm=0.5284
step=665 train_loss=2.5047 lr=0.000298509 grad_norm=0.4146
step=670 train_loss=2.4999 lr=0.000298477 grad_norm=0.3937
step=675 train_loss=2.5031 lr=0.000298444 grad_norm=0.5370
step=680 train_loss=2.5066 lr=0.000298411 grad_norm=0.5015
step=685 train_loss=2.4620 lr=0.000298378 grad_norm=0.5808
step=690 train_loss=2.4921 lr=0.000298344 grad_norm=0.5276
step=695 train_loss=2.4974 lr=0.00029831 grad_norm=0.4505
step=700 train_loss=2.4592 lr=0.000298276 grad_norm=0.4712 val_loss=2.4493
step=705 train_loss=2.4263 lr=0.000298241 grad_norm=0.4264
step=710 train_loss=2.4565 lr=0.000298206 grad_norm=0.4445
step=715 train_loss=2.4274 lr=0.000298171 grad_norm=0.5309
step=720 train_loss=2.4512 lr=0.000298135 grad_norm=0.4692
step=725 train_loss=2.4627 lr=0.000298099 grad_norm=0.4367
step=730 train_loss=2.4194 lr=0.000298063 grad_norm=0.4909
step=735 train_loss=2.4256 lr=0.000298026 grad_norm=0.4577
step=740 train_loss=2.4769 lr=0.000297989 grad_norm=0.4502
step=745 train_loss=2.3714 lr=0.000297952 grad_norm=0.5172
step=750 train_loss=2.4338 lr=0.000297914 grad_norm=0.5465
step=755 train_loss=2.4429 lr=0.000297876 grad_norm=0.4604
step=760 train_loss=2.4104 lr=0.000297838 grad_norm=0.4200
step=765 train_loss=2.4317 lr=0.000297799 grad_norm=0.4880
step=770 train_loss=2.3971 lr=0.00029776 grad_norm=0.3918
step=775 train_loss=2.4291 lr=0.000297721 grad_norm=0.5108
step=780 train_loss=2.4188 lr=0.000297681 grad_norm=0.5901
step=785 train_loss=2.3842 lr=0.000297641 grad_norm=0.4796
step=790 train_loss=2.3888 lr=0.0002976 grad_norm=0.4130
step=795 train_loss=2.3879 lr=0.000297559 grad_norm=0.3979
step=800 train_loss=2.3857 lr=0.000297518 grad_norm=0.4535 val_loss=2.3861
step=805 train_loss=2.3884 lr=0.000297477 grad_norm=0.4745
step=810 train_loss=2.3837 lr=0.000297435 grad_norm=0.5023
step=815 train_loss=2.3889 lr=0.000297393 grad_norm=0.4773
step=820 train_loss=2.3686 lr=0.00029735 grad_norm=0.4783
step=825 train_loss=2.4065 lr=0.000297307 grad_norm=0.4434
step=830 train_loss=2.3829 lr=0.000297264 grad_norm=0.4623
step=835 train_loss=2.3519 lr=0.000297221 grad_norm=0.4357
step=840 train_loss=2.3821 lr=0.000297177 grad_norm=0.5529
step=845 train_loss=2.3996 lr=0.000297133 grad_norm=0.4864
step=850 train_loss=2.3253 lr=0.000297088 grad_norm=0.4568
step=855 train_loss=2.3200 lr=0.000297043 grad_norm=0.5415
step=860 train_loss=2.3894 lr=0.000296998 grad_norm=0.4743
step=865 train_loss=2.3415 lr=0.000296953 grad_norm=0.4964
step=870 train_loss=2.2777 lr=0.000296907 grad_norm=0.4572
step=875 train_loss=2.3788 lr=0.00029686 grad_norm=0.4735
step=880 train_loss=2.3436 lr=0.000296814 grad_norm=0.4546
step=885 train_loss=2.3357 lr=0.000296767 grad_norm=0.4792
step=890 train_loss=2.3798 lr=0.00029672 grad_norm=0.4650
step=895 train_loss=2.3300 lr=0.000296672 grad_norm=0.4551
step=900 train_loss=2.2966 lr=0.000296624 grad_norm=0.4569 val_loss=2.3043
step=905 train_loss=2.3566 lr=0.000296576 grad_norm=0.4627
step=910 train_loss=2.2991 lr=0.000296527 grad_norm=0.4406
step=915 train_loss=2.3540 lr=0.000296478 grad_norm=0.4992
step=920 train_loss=2.2672 lr=0.000296429 grad_norm=0.4189
step=925 train_loss=2.3003 lr=0.00029638 grad_norm=0.4822
step=930 train_loss=2.2646 lr=0.00029633 grad_norm=0.4206
step=935 train_loss=2.3212 lr=0.000296279 grad_norm=0.4759
step=940 train_loss=2.2920 lr=0.000296229 grad_norm=0.5416
step=945 train_loss=2.2681 lr=0.000296178 grad_norm=0.5116
step=950 train_loss=2.3032 lr=0.000296126 grad_norm=0.4538
step=955 train_loss=2.2919 lr=0.000296075 grad_norm=0.4079
step=960 train_loss=2.2477 lr=0.000296023 grad_norm=0.4212
step=965 train_loss=2.3169 lr=0.00029597 grad_norm=0.4695
step=970 train_loss=2.2567 lr=0.000295918 grad_norm=0.4324
step=975 train_loss=2.3100 lr=0.000295865 grad_norm=0.5266
step=980 train_loss=2.2798 lr=0.000295812 grad_norm=0.4598
step=985 train_loss=2.2081 lr=0.000295758 grad_norm=0.4748
step=990 train_loss=2.2984 lr=0.000295704 grad_norm=0.5013
step=995 train_loss=2.2526 lr=0.00029565 grad_norm=0.5370
step=1000 train_loss=2.2791 lr=0.000295595 grad_norm=0.4617 val_loss=2.3004
step=1005 train_loss=2.2734 lr=0.00029554 grad_norm=0.4479
step=1010 train_loss=2.2743 lr=0.000295485 grad_norm=0.4268
step=1015 train_loss=2.2238 lr=0.000295429 grad_norm=0.4348
step=1020 train_loss=2.2149 lr=0.000295373 grad_norm=0.4550
step=1025 train_loss=2.1919 lr=0.000295317 grad_norm=0.4549
step=1030 train_loss=2.2690 lr=0.00029526 grad_norm=0.4283
step=1035 train_loss=2.2342 lr=0.000295203 grad_norm=0.4614
step=1040 train_loss=2.2305 lr=0.000295146 grad_norm=0.5660
step=1045 train_loss=2.2272 lr=0.000295088 grad_norm=0.4045
step=1050 train_loss=2.2771 lr=0.00029503 grad_norm=0.4320
step=1055 train_loss=2.2358 lr=0.000294971 grad_norm=0.4668
step=1060 train_loss=2.2670 lr=0.000294913 grad_norm=0.5312
step=1065 train_loss=2.2584 lr=0.000294854 grad_norm=0.4542
step=1070 train_loss=2.2394 lr=0.000294794 grad_norm=0.4082
step=1075 train_loss=2.2563 lr=0.000294735 grad_norm=0.4246
step=1080 train_loss=2.2396 lr=0.000294675 grad_norm=0.5106
step=1085 train_loss=2.2335 lr=0.000294614 grad_norm=0.4297
step=1090 train_loss=2.2090 lr=0.000294554 grad_norm=0.3828
step=1095 train_loss=2.1606 lr=0.000294493 grad_norm=0.4494
step=1100 train_loss=2.2453 lr=0.000294431 grad_norm=0.4494 val_loss=2.1409
step=1105 train_loss=2.2668 lr=0.00029437 grad_norm=0.5483
step=1110 train_loss=2.1942 lr=0.000294308 grad_norm=0.4327
step=1115 train_loss=2.1487 lr=0.000294245 grad_norm=0.4306
step=1120 train_loss=2.1917 lr=0.000294183 grad_norm=0.4641
step=1125 train_loss=2.1991 lr=0.00029412 grad_norm=0.5005
step=1130 train_loss=2.2260 lr=0.000294056 grad_norm=0.4013
step=1135 train_loss=2.1585 lr=0.000293993 grad_norm=0.4244
step=1140 train_loss=2.2074 lr=0.000293929 grad_norm=0.4900
step=1145 train_loss=2.2213 lr=0.000293864 grad_norm=0.4323
step=1150 train_loss=2.2132 lr=0.0002938 grad_norm=0.4477
step=1155 train_loss=2.1807 lr=0.000293735 grad_norm=0.4360
step=1160 train_loss=2.1849 lr=0.000293669 grad_norm=0.4717
step=1165 train_loss=2.1830 lr=0.000293604 grad_norm=0.4216
step=1170 train_loss=2.1932 lr=0.000293538 grad_norm=0.4566
step=1175 train_loss=2.1828 lr=0.000293471 grad_norm=0.4656
step=1180 train_loss=2.1820 lr=0.000293405 grad_norm=0.4579
step=1185 train_loss=2.1742 lr=0.000293338 grad_norm=0.4260
step=1190 train_loss=2.1657 lr=0.00029327 grad_norm=0.4707
step=1195 train_loss=2.1718 lr=0.000293203 grad_norm=0.4009
step=1200 train_loss=2.2220 lr=0.000293135 grad_norm=0.4126 val_loss=2.2319
step=1205 train_loss=2.1912 lr=0.000293066 grad_norm=0.3979
step=1210 train_loss=2.1483 lr=0.000292998 grad_norm=0.4098
step=1215 train_loss=2.2223 lr=0.000292929 grad_norm=0.4794
step=1220 train_loss=2.1900 lr=0.00029286 grad_norm=0.4212
step=1225 train_loss=2.1759 lr=0.00029279 grad_norm=0.3864
step=1230 train_loss=2.1741 lr=0.00029272 grad_norm=0.4499
step=1235 train_loss=2.1825 lr=0.00029265 grad_norm=0.3813
step=1240 train_loss=2.2109 lr=0.000292579 grad_norm=0.4345
step=1245 train_loss=2.1726 lr=0.000292508 grad_norm=0.4721
step=1250 train_loss=2.1331 lr=0.000292437 grad_norm=0.5033
step=1255 train_loss=2.1881 lr=0.000292365 grad_norm=0.4100
step=1260 train_loss=2.1553 lr=0.000292294 grad_norm=0.5069
step=1265 train_loss=2.1907 lr=0.000292221 grad_norm=0.4174
step=1270 train_loss=2.1331 lr=0.000292149 grad_norm=0.4184
step=1275 train_loss=2.1398 lr=0.000292076 grad_norm=0.4415
step=1280 train_loss=2.1601 lr=0.000292003 grad_norm=0.4962
step=1285 train_loss=2.1672 lr=0.000291929 grad_norm=0.4064
step=1290 train_loss=2.1588 lr=0.000291855 grad_norm=0.4274
step=1295 train_loss=2.1345 lr=0.000291781 grad_norm=0.3847
step=1300 train_loss=2.1691 lr=0.000291707 grad_norm=0.3763 val_loss=2.1575
step=1305 train_loss=2.1136 lr=0.000291632 grad_norm=0.4163
step=1310 train_loss=2.1731 lr=0.000291556 grad_norm=0.3871
step=1315 train_loss=2.1474 lr=0.000291481 grad_norm=0.4188
step=1320 train_loss=2.1618 lr=0.000291405 grad_norm=0.4627
step=1325 train_loss=2.1151 lr=0.000291329 grad_norm=0.4141
step=1330 train_loss=2.1557 lr=0.000291253 grad_norm=0.4125
step=1335 train_loss=2.1162 lr=0.000291176 grad_norm=0.4222
step=1340 train_loss=2.0986 lr=0.000291099 grad_norm=0.4225
step=1345 train_loss=2.1434 lr=0.000291021 grad_norm=0.4060
step=1350 train_loss=2.1343 lr=0.000290943 grad_norm=0.4578
step=1355 train_loss=2.1151 lr=0.000290865 grad_norm=0.4484
step=1360 train_loss=2.0967 lr=0.000290787 grad_norm=0.4282
step=1365 train_loss=2.1093 lr=0.000290708 grad_norm=0.4215
step=1370 train_loss=2.1294 lr=0.000290629 grad_norm=0.3926
step=1375 train_loss=2.1655 lr=0.00029055 grad_norm=0.4137
step=1380 train_loss=2.1192 lr=0.00029047 grad_norm=0.3968
step=1385 train_loss=2.1575 lr=0.00029039 grad_norm=0.4233
step=1390 train_loss=2.1099 lr=0.00029031 grad_norm=0.5067
step=1395 train_loss=2.1130 lr=0.000290229 grad_norm=0.4083
step=1400 train_loss=2.1441 lr=0.000290148 grad_norm=0.4388 val_loss=2.1546
step=1405 train_loss=2.1298 lr=0.000290067 grad_norm=0.4323
step=1410 train_loss=2.1481 lr=0.000289985 grad_norm=0.4111
step=1415 train_loss=2.0728 lr=0.000289903 grad_norm=0.3626
step=1420 train_loss=2.0917 lr=0.000289821 grad_norm=0.3856
step=1425 train_loss=2.1089 lr=0.000289738 grad_norm=0.4460
step=1430 train_loss=2.0911 lr=0.000289655 grad_norm=0.4129
step=1435 train_loss=2.1030 lr=0.000289572 grad_norm=0.4673
step=1440 train_loss=2.0907 lr=0.000289489 grad_norm=0.4875
step=1445 train_loss=2.0625 lr=0.000289405 grad_norm=0.4546
step=1450 train_loss=2.1312 lr=0.00028932 grad_norm=0.4264
step=1455 train_loss=2.0810 lr=0.000289236 grad_norm=0.4073
step=1460 train_loss=2.1023 lr=0.000289151 grad_norm=0.4034
step=1465 train_loss=2.1340 lr=0.000289066 grad_norm=0.4321
step=1470 train_loss=2.1096 lr=0.00028898 grad_norm=0.3810
step=1475 train_loss=2.0717 lr=0.000288895 grad_norm=0.4140
step=1480 train_loss=2.0799 lr=0.000288809 grad_norm=0.4051
step=1485 train_loss=2.1170 lr=0.000288722 grad_norm=0.3943
step=1490 train_loss=2.1065 lr=0.000288635 grad_norm=0.4469
step=1495 train_loss=2.0681 lr=0.000288548 grad_norm=0.4096
step=1500 train_loss=2.0835 lr=0.000288461 grad_norm=0.4059 val_loss=2.0747
Saved checkpoint at step 1500
