step=5 train_loss=9.0496 lr=6e-06 grad_norm=1.2585
step=10 train_loss=9.0031 lr=1.35e-05 grad_norm=1.2805
step=15 train_loss=8.9033 lr=2.1e-05 grad_norm=1.3747
step=20 train_loss=8.7611 lr=2.85e-05 grad_norm=1.5568
step=25 train_loss=8.5811 lr=3.6e-05 grad_norm=1.7703
step=30 train_loss=8.3545 lr=4.35e-05 grad_norm=2.0433
step=35 train_loss=8.1304 lr=5.1e-05 grad_norm=2.1796
step=40 train_loss=7.8861 lr=5.85e-05 grad_norm=2.2708
step=45 train_loss=7.6534 lr=6.6e-05 grad_norm=2.2385
step=50 train_loss=7.4412 lr=7.35e-05 grad_norm=2.1681
step=55 train_loss=7.1908 lr=8.1e-05 grad_norm=2.1346
step=60 train_loss=6.9186 lr=8.85e-05 grad_norm=2.0717
step=65 train_loss=6.6655 lr=9.6e-05 grad_norm=1.9526
step=70 train_loss=6.4156 lr=0.0001035 grad_norm=1.8290
step=75 train_loss=6.2081 lr=0.000111 grad_norm=1.6489
step=80 train_loss=5.9850 lr=0.0001185 grad_norm=1.3706
step=85 train_loss=5.8497 lr=0.000126 grad_norm=1.1631
step=90 train_loss=5.5133 lr=0.0001335 grad_norm=1.0519
step=95 train_loss=5.4152 lr=0.000141 grad_norm=0.7752
step=100 train_loss=5.2562 lr=0.0001485 grad_norm=0.6105 val_loss=5.2344
step=105 train_loss=5.1124 lr=0.000156 grad_norm=0.5798
step=110 train_loss=4.9019 lr=0.0001635 grad_norm=0.5352
step=115 train_loss=4.8130 lr=0.000171 grad_norm=0.4255
step=120 train_loss=4.8179 lr=0.0001785 grad_norm=0.4320
step=125 train_loss=4.6178 lr=0.000186 grad_norm=0.4671
step=130 train_loss=4.6060 lr=0.0001935 grad_norm=0.4196
step=135 train_loss=4.3783 lr=0.000201 grad_norm=0.4144
step=140 train_loss=4.4646 lr=0.0002085 grad_norm=0.3366
step=145 train_loss=4.2683 lr=0.000216 grad_norm=0.3593
step=150 train_loss=4.2593 lr=0.0002235 grad_norm=0.3744
step=155 train_loss=4.1556 lr=0.000231 grad_norm=0.4052
step=160 train_loss=4.0337 lr=0.0002385 grad_norm=0.3352
step=165 train_loss=4.0521 lr=0.000246 grad_norm=0.4744
step=170 train_loss=4.0140 lr=0.0002535 grad_norm=0.6427
step=175 train_loss=3.8677 lr=0.000261 grad_norm=0.4674
step=180 train_loss=3.8312 lr=0.0002685 grad_norm=0.3723
step=185 train_loss=3.8958 lr=0.000276 grad_norm=0.3714
step=190 train_loss=3.7792 lr=0.0002835 grad_norm=0.4941
step=195 train_loss=3.8857 lr=0.000291 grad_norm=0.3800
step=200 train_loss=3.7804 lr=0.0002985 grad_norm=0.4259 val_loss=3.7758
step=205 train_loss=3.7043 lr=0.0003 grad_norm=0.4376
step=210 train_loss=3.6387 lr=0.000299999 grad_norm=0.5317
step=215 train_loss=3.5703 lr=0.000299999 grad_norm=0.4480
step=220 train_loss=3.6273 lr=0.000299997 grad_norm=0.3686
step=225 train_loss=3.5617 lr=0.000299996 grad_norm=0.4071
step=230 train_loss=3.5697 lr=0.000299994 grad_norm=0.4015
step=235 train_loss=3.4557 lr=0.000299992 grad_norm=0.5165
step=240 train_loss=3.5116 lr=0.000299989 grad_norm=0.5651
step=245 train_loss=3.4673 lr=0.000299987 grad_norm=0.3897
step=250 train_loss=3.5004 lr=0.000299983 grad_norm=0.4656
step=255 train_loss=3.4459 lr=0.00029998 grad_norm=0.4477
step=260 train_loss=3.4174 lr=0.000299976 grad_norm=0.5517
step=265 train_loss=3.3997 lr=0.000299972 grad_norm=0.5335
step=270 train_loss=3.4174 lr=0.000299967 grad_norm=0.4395
step=275 train_loss=3.3714 lr=0.000299962 grad_norm=0.4266
step=280 train_loss=3.3839 lr=0.000299957 grad_norm=0.4609
step=285 train_loss=3.3808 lr=0.000299951 grad_norm=0.5132
step=290 train_loss=3.3179 lr=0.000299945 grad_norm=0.5075
step=295 train_loss=3.3737 lr=0.000299939 grad_norm=0.4824
step=300 train_loss=3.2696 lr=0.000299932 grad_norm=0.5796 val_loss=3.3308
step=305 train_loss=3.2744 lr=0.000299925 grad_norm=0.5180
step=310 train_loss=3.3312 lr=0.000299918 grad_norm=0.4497
step=315 train_loss=3.2029 lr=0.00029991 grad_norm=0.4708
step=320 train_loss=3.2146 lr=0.000299902 grad_norm=0.4543
step=325 train_loss=3.2693 lr=0.000299893 grad_norm=0.4649
step=330 train_loss=3.2543 lr=0.000299885 grad_norm=0.4672
step=335 train_loss=3.2213 lr=0.000299875 grad_norm=0.4567
step=340 train_loss=3.1197 lr=0.000299866 grad_norm=0.6345
step=345 train_loss=3.1065 lr=0.000299856 grad_norm=0.4491
step=350 train_loss=3.1961 lr=0.000299846 grad_norm=0.4917
step=355 train_loss=3.1888 lr=0.000299835 grad_norm=0.4805
step=360 train_loss=3.2161 lr=0.000299825 grad_norm=0.5311
step=365 train_loss=3.1505 lr=0.000299813 grad_norm=0.5211
step=370 train_loss=3.0966 lr=0.000299802 grad_norm=0.4244
step=375 train_loss=3.0763 lr=0.00029979 grad_norm=0.5255
step=380 train_loss=3.1390 lr=0.000299778 grad_norm=0.4696
step=385 train_loss=3.1042 lr=0.000299765 grad_norm=0.4589
step=390 train_loss=3.0772 lr=0.000299752 grad_norm=0.4550
step=395 train_loss=3.0958 lr=0.000299739 grad_norm=0.5329
step=400 train_loss=3.0649 lr=0.000299725 grad_norm=0.4486 val_loss=3.0768
step=405 train_loss=3.0636 lr=0.000299711 grad_norm=0.5372
step=410 train_loss=3.0473 lr=0.000299697 grad_norm=0.6385
step=415 train_loss=3.0294 lr=0.000299682 grad_norm=0.5899
step=420 train_loss=3.0540 lr=0.000299667 grad_norm=0.5181
step=425 train_loss=3.0991 lr=0.000299652 grad_norm=0.5084
step=430 train_loss=3.0073 lr=0.000299636 grad_norm=0.4878
step=435 train_loss=2.9841 lr=0.00029962 grad_norm=0.5674
step=440 train_loss=2.9690 lr=0.000299604 grad_norm=0.4613
step=445 train_loss=3.0229 lr=0.000299587 grad_norm=0.4344
step=450 train_loss=2.9971 lr=0.00029957 grad_norm=0.4898
step=455 train_loss=3.0330 lr=0.000299553 grad_norm=0.4698
step=460 train_loss=2.9054 lr=0.000299535 grad_norm=0.4760
step=465 train_loss=3.0135 lr=0.000299517 grad_norm=0.5267
step=470 train_loss=3.1202 lr=0.000299498 grad_norm=0.4890
step=475 train_loss=2.8307 lr=0.000299479 grad_norm=0.5732
step=480 train_loss=2.9318 lr=0.00029946 grad_norm=0.4506
step=485 train_loss=2.9681 lr=0.000299441 grad_norm=0.4848
step=490 train_loss=3.0346 lr=0.000299421 grad_norm=0.5193
step=495 train_loss=2.9015 lr=0.000299401 grad_norm=0.5087
step=500 train_loss=2.9537 lr=0.00029938 grad_norm=0.4414 val_loss=2.8777
step=505 train_loss=2.8701 lr=0.000299359 grad_norm=0.4797
step=510 train_loss=2.9061 lr=0.000299338 grad_norm=0.4948
step=515 train_loss=2.9503 lr=0.000299317 grad_norm=0.5408
step=520 train_loss=2.9474 lr=0.000299295 grad_norm=0.4639
step=525 train_loss=2.8413 lr=0.000299272 grad_norm=0.5092
step=530 train_loss=2.8244 lr=0.00029925 grad_norm=0.4498
step=535 train_loss=2.8688 lr=0.000299227 grad_norm=0.5010
step=540 train_loss=2.8745 lr=0.000299203 grad_norm=0.4773
step=545 train_loss=2.8325 lr=0.00029918 grad_norm=0.5530
step=550 train_loss=2.7963 lr=0.000299156 grad_norm=0.4681
step=555 train_loss=2.9245 lr=0.000299131 grad_norm=0.5642
step=560 train_loss=2.8406 lr=0.000299107 grad_norm=0.5972
step=565 train_loss=2.8044 lr=0.000299082 grad_norm=0.5219
step=570 train_loss=2.9077 lr=0.000299056 grad_norm=0.5453
step=575 train_loss=2.8547 lr=0.000299031 grad_norm=0.5338
step=580 train_loss=2.8749 lr=0.000299005 grad_norm=0.4801
step=585 train_loss=2.8046 lr=0.000298978 grad_norm=0.5252
step=590 train_loss=2.7628 lr=0.000298951 grad_norm=0.5093
step=595 train_loss=2.7095 lr=0.000298924 grad_norm=0.4907
step=600 train_loss=2.8429 lr=0.000298897 grad_norm=0.5058 val_loss=2.8262
step=605 train_loss=2.7926 lr=0.000298869 grad_norm=0.5382
step=610 train_loss=2.7588 lr=0.000298841 grad_norm=0.5061
step=615 train_loss=2.7692 lr=0.000298813 grad_norm=0.4781
step=620 train_loss=2.8123 lr=0.000298784 grad_norm=0.4715
step=625 train_loss=2.7794 lr=0.000298755 grad_norm=0.4644
step=630 train_loss=2.7188 lr=0.000298725 grad_norm=0.4676
step=635 train_loss=2.7972 lr=0.000298695 grad_norm=0.4759
step=640 train_loss=2.6719 lr=0.000298665 grad_norm=0.5286
step=645 train_loss=2.7351 lr=0.000298635 grad_norm=0.5191
step=650 train_loss=2.7233 lr=0.000298604 grad_norm=0.4962
step=655 train_loss=2.7613 lr=0.000298572 grad_norm=0.5219
step=660 train_loss=2.7615 lr=0.000298541 grad_norm=0.4786
step=665 train_loss=2.7999 lr=0.000298509 grad_norm=0.4888
step=670 train_loss=2.7461 lr=0.000298477 grad_norm=0.5773
step=675 train_loss=2.7731 lr=0.000298444 grad_norm=0.5318
step=680 train_loss=2.8147 lr=0.000298411 grad_norm=0.6037
step=685 train_loss=2.7593 lr=0.000298378 grad_norm=0.5213
step=690 train_loss=2.7082 lr=0.000298344 grad_norm=0.5278
step=695 train_loss=2.8192 lr=0.00029831 grad_norm=0.4903
step=700 train_loss=2.7403 lr=0.000298276 grad_norm=0.4847 val_loss=2.7131
step=705 train_loss=2.7021 lr=0.000298241 grad_norm=0.5463
step=710 train_loss=2.6941 lr=0.000298206 grad_norm=0.4819
step=715 train_loss=2.7464 lr=0.000298171 grad_norm=0.4680
step=720 train_loss=2.7292 lr=0.000298135 grad_norm=0.5256
step=725 train_loss=2.7041 lr=0.000298099 grad_norm=0.5000
step=730 train_loss=2.6615 lr=0.000298063 grad_norm=0.5118
step=735 train_loss=2.6040 lr=0.000298026 grad_norm=0.4605
step=740 train_loss=2.7226 lr=0.000297989 grad_norm=0.5128
step=745 train_loss=2.7742 lr=0.000297952 grad_norm=0.4824
step=750 train_loss=2.6850 lr=0.000297914 grad_norm=0.4926
step=755 train_loss=2.7313 lr=0.000297876 grad_norm=0.4520
step=760 train_loss=2.7282 lr=0.000297838 grad_norm=0.5345
step=765 train_loss=2.6145 lr=0.000297799 grad_norm=0.5468
step=770 train_loss=2.6563 lr=0.00029776 grad_norm=0.4966
step=775 train_loss=2.7192 lr=0.000297721 grad_norm=0.4947
step=780 train_loss=2.6841 lr=0.000297681 grad_norm=0.5390
step=785 train_loss=2.6028 lr=0.000297641 grad_norm=0.5889
step=790 train_loss=2.6142 lr=0.0002976 grad_norm=0.4879
step=795 train_loss=2.5914 lr=0.000297559 grad_norm=0.5317
step=800 train_loss=2.6070 lr=0.000297518 grad_norm=0.5483 val_loss=2.6540
step=805 train_loss=2.6502 lr=0.000297477 grad_norm=0.5269
step=810 train_loss=2.6394 lr=0.000297435 grad_norm=0.5282
step=815 train_loss=2.6943 lr=0.000297393 grad_norm=0.5191
step=820 train_loss=2.6038 lr=0.00029735 grad_norm=0.4903
step=825 train_loss=2.6364 lr=0.000297307 grad_norm=0.4988
step=830 train_loss=2.6691 lr=0.000297264 grad_norm=0.5241
step=835 train_loss=2.6372 lr=0.000297221 grad_norm=0.4831
step=840 train_loss=2.6004 lr=0.000297177 grad_norm=0.5216
step=845 train_loss=2.5546 lr=0.000297133 grad_norm=0.5804
step=850 train_loss=2.6862 lr=0.000297088 grad_norm=0.5027
step=855 train_loss=2.5783 lr=0.000297043 grad_norm=0.5092
step=860 train_loss=2.6156 lr=0.000296998 grad_norm=0.4978
step=865 train_loss=2.6048 lr=0.000296953 grad_norm=0.5350
step=870 train_loss=2.5678 lr=0.000296907 grad_norm=0.4567
step=875 train_loss=2.6588 lr=0.00029686 grad_norm=0.5266
step=880 train_loss=2.5359 lr=0.000296814 grad_norm=0.4883
step=885 train_loss=2.5431 lr=0.000296767 grad_norm=0.5272
step=890 train_loss=2.5249 lr=0.00029672 grad_norm=0.5200
step=895 train_loss=2.5702 lr=0.000296672 grad_norm=0.4816
step=900 train_loss=2.6208 lr=0.000296624 grad_norm=0.5809 val_loss=2.5712
step=905 train_loss=2.5516 lr=0.000296576 grad_norm=0.5344
step=910 train_loss=2.6416 lr=0.000296527 grad_norm=0.4933
step=915 train_loss=2.6159 lr=0.000296478 grad_norm=0.4892
step=920 train_loss=2.5976 lr=0.000296429 grad_norm=0.5150
step=925 train_loss=2.5255 lr=0.00029638 grad_norm=0.4931
step=930 train_loss=2.6377 lr=0.00029633 grad_norm=0.5014
step=935 train_loss=2.5993 lr=0.000296279 grad_norm=0.5117
step=940 train_loss=2.5936 lr=0.000296229 grad_norm=0.4988
step=945 train_loss=2.6324 lr=0.000296178 grad_norm=0.5366
step=950 train_loss=2.5240 lr=0.000296126 grad_norm=0.5214
step=955 train_loss=2.5029 lr=0.000296075 grad_norm=0.4921
step=960 train_loss=2.6138 lr=0.000296023 grad_norm=0.4908
step=965 train_loss=2.6323 lr=0.00029597 grad_norm=0.5057
step=970 train_loss=2.5821 lr=0.000295918 grad_norm=0.5643
step=975 train_loss=2.5572 lr=0.000295865 grad_norm=0.5448
step=980 train_loss=2.4976 lr=0.000295812 grad_norm=0.5252
step=985 train_loss=2.4596 lr=0.000295758 grad_norm=0.4834
step=990 train_loss=2.5416 lr=0.000295704 grad_norm=0.4611
step=995 train_loss=2.4693 lr=0.00029565 grad_norm=0.4887
step=1000 train_loss=2.5412 lr=0.000295595 grad_norm=0.5302 val_loss=2.5809
step=1005 train_loss=2.5008 lr=0.00029554 grad_norm=0.5029
step=1010 train_loss=2.5392 lr=0.000295485 grad_norm=0.5061
step=1015 train_loss=2.5923 lr=0.000295429 grad_norm=0.5151
step=1020 train_loss=2.5161 lr=0.000295373 grad_norm=0.5106
step=1025 train_loss=2.5083 lr=0.000295317 grad_norm=0.5053
step=1030 train_loss=2.4962 lr=0.00029526 grad_norm=0.4996
step=1035 train_loss=2.5539 lr=0.000295203 grad_norm=0.5216
step=1040 train_loss=2.5875 lr=0.000295146 grad_norm=0.5466
step=1045 train_loss=2.4908 lr=0.000295088 grad_norm=0.5160
step=1050 train_loss=2.6629 lr=0.00029503 grad_norm=0.5550
step=1055 train_loss=2.5482 lr=0.000294971 grad_norm=0.5649
step=1060 train_loss=2.5203 lr=0.000294913 grad_norm=0.5253
step=1065 train_loss=2.4745 lr=0.000294854 grad_norm=0.5360
step=1070 train_loss=2.4784 lr=0.000294794 grad_norm=0.5197
step=1075 train_loss=2.5131 lr=0.000294735 grad_norm=0.5216
step=1080 train_loss=2.4378 lr=0.000294675 grad_norm=0.4907
step=1085 train_loss=2.5247 lr=0.000294614 grad_norm=0.4870
step=1090 train_loss=2.4725 lr=0.000294554 grad_norm=0.5180
step=1095 train_loss=2.5193 lr=0.000294493 grad_norm=0.5237
step=1100 train_loss=2.4290 lr=0.000294431 grad_norm=0.4983 val_loss=2.4049
step=1105 train_loss=2.5215 lr=0.00029437 grad_norm=0.5011
step=1110 train_loss=2.5120 lr=0.000294308 grad_norm=0.5326
step=1115 train_loss=2.4855 lr=0.000294245 grad_norm=0.4839
step=1120 train_loss=2.4881 lr=0.000294183 grad_norm=0.4731
step=1125 train_loss=2.4637 lr=0.00029412 grad_norm=0.4781
step=1130 train_loss=2.4209 lr=0.000294056 grad_norm=0.4649
step=1135 train_loss=2.4115 lr=0.000293993 grad_norm=0.4914
step=1140 train_loss=2.4265 lr=0.000293929 grad_norm=0.5526
step=1145 train_loss=2.4246 lr=0.000293864 grad_norm=0.4836
step=1150 train_loss=2.5096 lr=0.0002938 grad_norm=0.4881
step=1155 train_loss=2.5268 lr=0.000293735 grad_norm=0.5145
step=1160 train_loss=2.5203 lr=0.000293669 grad_norm=0.5090
step=1165 train_loss=2.3644 lr=0.000293604 grad_norm=0.5096
step=1170 train_loss=2.4899 lr=0.000293538 grad_norm=0.5107
step=1175 train_loss=2.5951 lr=0.000293471 grad_norm=0.5072
step=1180 train_loss=2.4271 lr=0.000293405 grad_norm=0.4964
step=1185 train_loss=2.4344 lr=0.000293338 grad_norm=0.5011
step=1190 train_loss=2.4761 lr=0.00029327 grad_norm=0.5022
step=1195 train_loss=2.3201 lr=0.000293203 grad_norm=0.5009
step=1200 train_loss=2.5456 lr=0.000293135 grad_norm=0.4922 val_loss=2.5001
step=1205 train_loss=2.3971 lr=0.000293066 grad_norm=0.5128
step=1210 train_loss=2.5336 lr=0.000292998 grad_norm=0.5680
step=1215 train_loss=2.4256 lr=0.000292929 grad_norm=0.5276
step=1220 train_loss=2.5068 lr=0.00029286 grad_norm=0.5331
step=1225 train_loss=2.3503 lr=0.00029279 grad_norm=0.5056
step=1230 train_loss=2.3774 lr=0.00029272 grad_norm=0.4799
step=1235 train_loss=2.3968 lr=0.00029265 grad_norm=0.5486
step=1240 train_loss=2.4260 lr=0.000292579 grad_norm=0.5353
step=1245 train_loss=2.4334 lr=0.000292508 grad_norm=0.4751
step=1250 train_loss=2.4003 lr=0.000292437 grad_norm=0.4674
step=1255 train_loss=2.5462 lr=0.000292365 grad_norm=0.5131
step=1260 train_loss=2.3832 lr=0.000292294 grad_norm=0.5234
step=1265 train_loss=2.3799 lr=0.000292221 grad_norm=0.5221
step=1270 train_loss=2.3374 lr=0.000292149 grad_norm=0.5155
step=1275 train_loss=2.4398 lr=0.000292076 grad_norm=0.4894
step=1280 train_loss=2.4756 lr=0.000292003 grad_norm=0.5089
step=1285 train_loss=2.4407 lr=0.000291929 grad_norm=0.5148
step=1290 train_loss=2.3659 lr=0.000291855 grad_norm=0.4806
step=1295 train_loss=2.4271 lr=0.000291781 grad_norm=0.4812
step=1300 train_loss=2.4473 lr=0.000291707 grad_norm=0.5075 val_loss=2.4236
step=1305 train_loss=2.4781 lr=0.000291632 grad_norm=0.5091
step=1310 train_loss=2.3569 lr=0.000291556 grad_norm=0.5159
step=1315 train_loss=2.4863 lr=0.000291481 grad_norm=0.5212
step=1320 train_loss=2.4069 lr=0.000291405 grad_norm=0.5869
step=1325 train_loss=2.3977 lr=0.000291329 grad_norm=0.5908
step=1330 train_loss=2.4654 lr=0.000291253 grad_norm=0.5452
step=1335 train_loss=2.4322 lr=0.000291176 grad_norm=0.5275
step=1340 train_loss=2.3692 lr=0.000291099 grad_norm=0.4794
step=1345 train_loss=2.4696 lr=0.000291021 grad_norm=0.5143
step=1350 train_loss=2.4456 lr=0.000290943 grad_norm=0.5091
step=1355 train_loss=2.3677 lr=0.000290865 grad_norm=0.5284
step=1360 train_loss=2.4117 lr=0.000290787 grad_norm=0.5090
step=1365 train_loss=2.4352 lr=0.000290708 grad_norm=0.4993
step=1370 train_loss=2.3198 lr=0.000290629 grad_norm=0.5178
step=1375 train_loss=2.4107 lr=0.00029055 grad_norm=0.5400
step=1380 train_loss=2.3006 lr=0.00029047 grad_norm=0.5058
step=1385 train_loss=2.3591 lr=0.00029039 grad_norm=0.5071
step=1390 train_loss=2.3671 lr=0.00029031 grad_norm=0.4954
step=1395 train_loss=2.3757 lr=0.000290229 grad_norm=0.5603
step=1400 train_loss=2.3751 lr=0.000290148 grad_norm=0.5515 val_loss=2.4067
step=1405 train_loss=2.3492 lr=0.000290067 grad_norm=0.5387
step=1410 train_loss=2.3372 lr=0.000289985 grad_norm=0.5147
step=1415 train_loss=2.3658 lr=0.000289903 grad_norm=0.4994
step=1420 train_loss=2.3862 lr=0.000289821 grad_norm=0.5123
step=1425 train_loss=2.3837 lr=0.000289738 grad_norm=0.5015
step=1430 train_loss=2.3874 lr=0.000289655 grad_norm=0.5018
step=1435 train_loss=2.3402 lr=0.000289572 grad_norm=0.5277
step=1440 train_loss=2.4220 lr=0.000289489 grad_norm=0.5027
step=1445 train_loss=2.3559 lr=0.000289405 grad_norm=0.5125
step=1450 train_loss=2.4100 lr=0.00028932 grad_norm=0.5372
step=1455 train_loss=2.3045 lr=0.000289236 grad_norm=0.4735
step=1460 train_loss=2.4384 lr=0.000289151 grad_norm=0.4955
step=1465 train_loss=2.2419 lr=0.000289066 grad_norm=0.5058
step=1470 train_loss=2.3294 lr=0.00028898 grad_norm=0.5415
step=1475 train_loss=2.3981 lr=0.000288895 grad_norm=0.5393
step=1480 train_loss=2.2675 lr=0.000288809 grad_norm=0.4893
step=1485 train_loss=2.2718 lr=0.000288722 grad_norm=0.4990
step=1490 train_loss=2.3469 lr=0.000288635 grad_norm=0.4957
step=1495 train_loss=2.4562 lr=0.000288548 grad_norm=0.5155
step=1500 train_loss=2.2998 lr=0.000288461 grad_norm=0.5104 val_loss=2.3277
Saved checkpoint at step 1500
