step=5 train_loss=9.0708 lr=6e-06 grad_norm=1.1252
step=10 train_loss=9.0193 lr=1.35e-05 grad_norm=1.1497
step=15 train_loss=8.9238 lr=2.1e-05 grad_norm=1.1908
step=20 train_loss=8.7811 lr=2.85e-05 grad_norm=1.3588
step=25 train_loss=8.6083 lr=3.6e-05 grad_norm=1.5685
step=30 train_loss=8.3585 lr=4.35e-05 grad_norm=1.9682
step=35 train_loss=8.1072 lr=5.1e-05 grad_norm=2.2060
step=40 train_loss=7.8745 lr=5.85e-05 grad_norm=2.2353
step=45 train_loss=7.5895 lr=6.6e-05 grad_norm=2.3817
step=50 train_loss=7.3823 lr=7.35e-05 grad_norm=2.2638
step=55 train_loss=7.1471 lr=8.1e-05 grad_norm=2.1766
step=60 train_loss=6.9009 lr=8.85e-05 grad_norm=2.1335
step=65 train_loss=6.6430 lr=9.6e-05 grad_norm=1.9927
step=70 train_loss=6.4061 lr=0.0001035 grad_norm=1.8172
step=75 train_loss=6.1525 lr=0.000111 grad_norm=1.6670
step=80 train_loss=5.9297 lr=0.0001185 grad_norm=1.4240
step=85 train_loss=5.7357 lr=0.000126 grad_norm=1.2323
step=90 train_loss=5.5033 lr=0.0001335 grad_norm=0.9851
step=95 train_loss=5.3411 lr=0.000141 grad_norm=0.7248
step=100 train_loss=5.2149 lr=0.0001485 grad_norm=0.5860 val_loss=5.1703
step=105 train_loss=5.0306 lr=0.000156 grad_norm=0.4692
step=110 train_loss=4.9185 lr=0.0001635 grad_norm=0.4116
step=115 train_loss=4.7949 lr=0.000171 grad_norm=0.3786
step=120 train_loss=4.6165 lr=0.0001785 grad_norm=0.4489
step=125 train_loss=4.5620 lr=0.000186 grad_norm=0.4313
step=130 train_loss=4.3994 lr=0.0001935 grad_norm=0.3878
step=135 train_loss=4.3584 lr=0.000201 grad_norm=0.3789
step=140 train_loss=4.3089 lr=0.0002085 grad_norm=0.3274
step=145 train_loss=4.1634 lr=0.000216 grad_norm=0.2892
step=150 train_loss=4.1401 lr=0.0002235 grad_norm=0.4379
step=155 train_loss=4.1205 lr=0.000231 grad_norm=0.3541
step=160 train_loss=3.9931 lr=0.0002385 grad_norm=0.4250
step=165 train_loss=3.9915 lr=0.000246 grad_norm=0.4164
step=170 train_loss=3.8561 lr=0.0002535 grad_norm=0.3228
step=175 train_loss=3.8569 lr=0.000261 grad_norm=0.4011
step=180 train_loss=3.7987 lr=0.0002685 grad_norm=0.3485
step=185 train_loss=3.7410 lr=0.000276 grad_norm=0.3343
step=190 train_loss=3.7021 lr=0.0002835 grad_norm=0.4099
step=195 train_loss=3.6769 lr=0.000291 grad_norm=0.3929
step=200 train_loss=3.6582 lr=0.0002985 grad_norm=0.4085 val_loss=3.6721
step=205 train_loss=3.5777 lr=0.0003 grad_norm=0.3971
step=210 train_loss=3.5904 lr=0.000299999 grad_norm=0.4001
step=215 train_loss=3.5305 lr=0.000299999 grad_norm=0.4059
step=220 train_loss=3.4785 lr=0.000299997 grad_norm=0.3520
step=225 train_loss=3.4770 lr=0.000299996 grad_norm=0.4272
step=230 train_loss=3.3727 lr=0.000299994 grad_norm=0.3262
step=235 train_loss=3.4736 lr=0.000299992 grad_norm=0.6119
step=240 train_loss=3.4162 lr=0.000299989 grad_norm=0.4955
step=245 train_loss=3.4036 lr=0.000299987 grad_norm=0.4820
step=250 train_loss=3.2974 lr=0.000299983 grad_norm=0.4149
step=255 train_loss=3.3235 lr=0.00029998 grad_norm=0.4768
step=260 train_loss=3.3456 lr=0.000299976 grad_norm=0.4094
step=265 train_loss=3.2379 lr=0.000299972 grad_norm=0.4246
step=270 train_loss=3.2905 lr=0.000299967 grad_norm=0.4462
step=275 train_loss=3.1947 lr=0.000299962 grad_norm=0.4303
step=280 train_loss=3.2021 lr=0.000299957 grad_norm=0.5098
step=285 train_loss=3.1923 lr=0.000299951 grad_norm=0.5845
step=290 train_loss=3.2243 lr=0.000299945 grad_norm=0.6031
step=295 train_loss=3.1293 lr=0.000299939 grad_norm=0.7037
step=300 train_loss=3.1858 lr=0.000299932 grad_norm=0.5598 val_loss=3.1949
step=305 train_loss=3.1050 lr=0.000299925 grad_norm=0.4512
step=310 train_loss=3.1034 lr=0.000299918 grad_norm=0.5304
step=315 train_loss=3.0681 lr=0.00029991 grad_norm=0.4827
step=320 train_loss=3.0694 lr=0.000299902 grad_norm=0.4701
step=325 train_loss=3.0800 lr=0.000299893 grad_norm=0.5666
step=330 train_loss=3.0775 lr=0.000299885 grad_norm=0.4844
step=335 train_loss=3.0057 lr=0.000299875 grad_norm=0.4810
step=340 train_loss=3.0872 lr=0.000299866 grad_norm=0.6098
step=345 train_loss=3.0485 lr=0.000299856 grad_norm=0.5054
step=350 train_loss=3.0938 lr=0.000299846 grad_norm=0.4678
step=355 train_loss=2.9904 lr=0.000299835 grad_norm=0.4110
step=360 train_loss=3.0422 lr=0.000299825 grad_norm=0.4691
step=365 train_loss=2.9929 lr=0.000299813 grad_norm=0.4243
step=370 train_loss=3.0529 lr=0.000299802 grad_norm=0.4544
step=375 train_loss=2.9925 lr=0.00029979 grad_norm=0.5385
step=380 train_loss=2.9740 lr=0.000299778 grad_norm=0.4236
step=385 train_loss=2.9680 lr=0.000299765 grad_norm=0.5317
step=390 train_loss=2.9769 lr=0.000299752 grad_norm=0.5988
step=395 train_loss=2.9207 lr=0.000299739 grad_norm=0.5073
step=400 train_loss=2.9253 lr=0.000299725 grad_norm=0.7464 val_loss=2.9508
step=405 train_loss=2.8842 lr=0.000299711 grad_norm=0.5109
step=410 train_loss=2.9066 lr=0.000299697 grad_norm=0.4791
step=415 train_loss=2.8836 lr=0.000299682 grad_norm=0.4543
step=420 train_loss=2.8849 lr=0.000299667 grad_norm=0.4331
step=425 train_loss=2.9281 lr=0.000299652 grad_norm=0.4270
step=430 train_loss=2.8990 lr=0.000299636 grad_norm=0.3986
step=435 train_loss=2.8292 lr=0.00029962 grad_norm=0.5617
step=440 train_loss=2.8042 lr=0.000299604 grad_norm=0.5640
step=445 train_loss=2.8081 lr=0.000299587 grad_norm=0.4274
step=450 train_loss=2.8465 lr=0.00029957 grad_norm=0.4157
step=455 train_loss=2.9064 lr=0.000299553 grad_norm=0.4237
step=460 train_loss=2.8355 lr=0.000299535 grad_norm=0.4334
step=465 train_loss=2.8610 lr=0.000299517 grad_norm=0.5097
step=470 train_loss=2.8000 lr=0.000299498 grad_norm=0.4717
step=475 train_loss=2.8056 lr=0.000299479 grad_norm=0.4987
step=480 train_loss=2.8450 lr=0.00029946 grad_norm=0.4966
step=485 train_loss=2.8169 lr=0.000299441 grad_norm=0.4806
step=490 train_loss=2.7513 lr=0.000299421 grad_norm=0.4687
step=495 train_loss=2.7917 lr=0.000299401 grad_norm=0.5061
step=500 train_loss=2.7872 lr=0.00029938 grad_norm=0.4710 val_loss=2.7436
step=505 train_loss=2.7989 lr=0.000299359 grad_norm=0.4607
step=510 train_loss=2.7790 lr=0.000299338 grad_norm=0.4585
step=515 train_loss=2.7625 lr=0.000299317 grad_norm=0.4414
step=520 train_loss=2.7425 lr=0.000299295 grad_norm=0.5030
step=525 train_loss=2.8272 lr=0.000299272 grad_norm=0.4748
step=530 train_loss=2.7409 lr=0.00029925 grad_norm=0.5009
step=535 train_loss=2.7555 lr=0.000299227 grad_norm=0.4691
step=540 train_loss=2.6781 lr=0.000299203 grad_norm=0.4772
step=545 train_loss=2.7364 lr=0.00029918 grad_norm=0.4430
step=550 train_loss=2.7297 lr=0.000299156 grad_norm=0.5210
step=555 train_loss=2.7145 lr=0.000299131 grad_norm=0.4436
step=560 train_loss=2.7358 lr=0.000299107 grad_norm=0.5929
step=565 train_loss=2.6886 lr=0.000299082 grad_norm=0.5851
step=570 train_loss=2.6793 lr=0.000299056 grad_norm=0.5367
step=575 train_loss=2.6889 lr=0.000299031 grad_norm=0.4526
step=580 train_loss=2.6935 lr=0.000299005 grad_norm=0.4518
step=585 train_loss=2.7462 lr=0.000298978 grad_norm=0.4761
step=590 train_loss=2.6973 lr=0.000298951 grad_norm=0.4098
step=595 train_loss=2.6964 lr=0.000298924 grad_norm=0.4775
step=600 train_loss=2.6892 lr=0.000298897 grad_norm=0.4782 val_loss=2.6873
step=605 train_loss=2.7180 lr=0.000298869 grad_norm=0.4765
step=610 train_loss=2.6954 lr=0.000298841 grad_norm=0.4458
step=615 train_loss=2.6097 lr=0.000298813 grad_norm=0.5231
step=620 train_loss=2.6516 lr=0.000298784 grad_norm=0.4904
step=625 train_loss=2.6056 lr=0.000298755 grad_norm=0.5149
step=630 train_loss=2.6225 lr=0.000298725 grad_norm=0.4325
step=635 train_loss=2.5698 lr=0.000298695 grad_norm=0.4434
step=640 train_loss=2.6306 lr=0.000298665 grad_norm=0.4211
step=645 train_loss=2.5554 lr=0.000298635 grad_norm=0.4521
step=650 train_loss=2.6444 lr=0.000298604 grad_norm=0.5639
step=655 train_loss=2.5989 lr=0.000298572 grad_norm=0.5498
step=660 train_loss=2.5730 lr=0.000298541 grad_norm=0.4459
step=665 train_loss=2.6618 lr=0.000298509 grad_norm=0.4706
step=670 train_loss=2.6072 lr=0.000298477 grad_norm=0.4564
step=675 train_loss=2.6783 lr=0.000298444 grad_norm=0.4556
step=680 train_loss=2.6116 lr=0.000298411 grad_norm=0.4625
step=685 train_loss=2.5642 lr=0.000298378 grad_norm=0.4412
step=690 train_loss=2.5948 lr=0.000298344 grad_norm=0.4996
step=695 train_loss=2.6082 lr=0.00029831 grad_norm=0.4638
step=700 train_loss=2.6480 lr=0.000298276 grad_norm=0.4889 val_loss=2.5633
step=705 train_loss=2.5745 lr=0.000298241 grad_norm=0.5363
step=710 train_loss=2.5815 lr=0.000298206 grad_norm=0.5002
step=715 train_loss=2.5811 lr=0.000298171 grad_norm=0.4659
step=720 train_loss=2.6174 lr=0.000298135 grad_norm=0.5209
step=725 train_loss=2.6339 lr=0.000298099 grad_norm=0.4372
step=730 train_loss=2.5746 lr=0.000298063 grad_norm=0.4412
step=735 train_loss=2.5060 lr=0.000298026 grad_norm=0.5008
step=740 train_loss=2.5446 lr=0.000297989 grad_norm=0.4520
step=745 train_loss=2.5917 lr=0.000297952 grad_norm=0.4485
step=750 train_loss=2.5735 lr=0.000297914 grad_norm=0.4037
step=755 train_loss=2.5467 lr=0.000297876 grad_norm=0.4281
step=760 train_loss=2.4913 lr=0.000297838 grad_norm=0.4106
step=765 train_loss=2.5186 lr=0.000297799 grad_norm=0.4913
step=770 train_loss=2.4931 lr=0.00029776 grad_norm=0.5204
step=775 train_loss=2.5323 lr=0.000297721 grad_norm=0.5220
step=780 train_loss=2.5211 lr=0.000297681 grad_norm=0.4252
step=785 train_loss=2.4991 lr=0.000297641 grad_norm=0.4674
step=790 train_loss=2.5357 lr=0.0002976 grad_norm=0.4664
step=795 train_loss=2.5108 lr=0.000297559 grad_norm=0.4870
step=800 train_loss=2.5226 lr=0.000297518 grad_norm=0.4720 val_loss=2.5042
step=805 train_loss=2.4974 lr=0.000297477 grad_norm=0.5077
step=810 train_loss=2.5357 lr=0.000297435 grad_norm=0.5576
step=815 train_loss=2.5534 lr=0.000297393 grad_norm=0.4492
step=820 train_loss=2.5288 lr=0.00029735 grad_norm=0.4432
step=825 train_loss=2.4302 lr=0.000297307 grad_norm=0.4563
step=830 train_loss=2.5382 lr=0.000297264 grad_norm=0.4469
step=835 train_loss=2.4109 lr=0.000297221 grad_norm=0.4520
step=840 train_loss=2.4970 lr=0.000297177 grad_norm=0.4708
step=845 train_loss=2.5297 lr=0.000297133 grad_norm=0.4695
step=850 train_loss=2.4652 lr=0.000297088 grad_norm=0.5102
step=855 train_loss=2.5097 lr=0.000297043 grad_norm=0.5732
step=860 train_loss=2.4935 lr=0.000296998 grad_norm=0.4410
step=865 train_loss=2.4681 lr=0.000296953 grad_norm=0.4381
step=870 train_loss=2.5227 lr=0.000296907 grad_norm=0.4720
step=875 train_loss=2.4744 lr=0.00029686 grad_norm=0.5701
step=880 train_loss=2.5149 lr=0.000296814 grad_norm=0.5019
step=885 train_loss=2.4021 lr=0.000296767 grad_norm=0.4298
step=890 train_loss=2.3753 lr=0.00029672 grad_norm=0.4547
step=895 train_loss=2.4866 lr=0.000296672 grad_norm=0.4476
step=900 train_loss=2.4629 lr=0.000296624 grad_norm=0.4870 val_loss=2.4154
step=905 train_loss=2.4194 lr=0.000296576 grad_norm=0.4597
step=910 train_loss=2.4220 lr=0.000296527 grad_norm=0.4597
step=915 train_loss=2.4611 lr=0.000296478 grad_norm=0.4944
step=920 train_loss=2.4357 lr=0.000296429 grad_norm=0.4790
step=925 train_loss=2.4587 lr=0.00029638 grad_norm=0.4816
step=930 train_loss=2.4032 lr=0.00029633 grad_norm=0.4690
step=935 train_loss=2.4215 lr=0.000296279 grad_norm=0.5554
step=940 train_loss=2.4201 lr=0.000296229 grad_norm=0.4485
step=945 train_loss=2.4368 lr=0.000296178 grad_norm=0.4734
step=950 train_loss=2.4295 lr=0.000296126 grad_norm=0.4361
step=955 train_loss=2.3954 lr=0.000296075 grad_norm=0.4484
step=960 train_loss=2.3932 lr=0.000296023 grad_norm=0.4984
step=965 train_loss=2.4313 lr=0.00029597 grad_norm=0.4837
step=970 train_loss=2.4129 lr=0.000295918 grad_norm=0.4817
step=975 train_loss=2.3692 lr=0.000295865 grad_norm=0.4454
step=980 train_loss=2.3515 lr=0.000295812 grad_norm=0.5227
step=985 train_loss=2.4010 lr=0.000295758 grad_norm=0.4476
step=990 train_loss=2.3756 lr=0.000295704 grad_norm=0.4163
step=995 train_loss=2.4299 lr=0.00029565 grad_norm=0.4435
step=1000 train_loss=2.4102 lr=0.000295595 grad_norm=0.4222 val_loss=2.4218
step=1005 train_loss=2.3495 lr=0.00029554 grad_norm=0.4508
step=1010 train_loss=2.3760 lr=0.000295485 grad_norm=0.5071
step=1015 train_loss=2.3623 lr=0.000295429 grad_norm=0.4526
step=1020 train_loss=2.3483 lr=0.000295373 grad_norm=0.4555
step=1025 train_loss=2.3342 lr=0.000295317 grad_norm=0.4296
step=1030 train_loss=2.3581 lr=0.00029526 grad_norm=0.4573
step=1035 train_loss=2.4049 lr=0.000295203 grad_norm=0.4417
step=1040 train_loss=2.3945 lr=0.000295146 grad_norm=0.4517
step=1045 train_loss=2.3222 lr=0.000295088 grad_norm=0.4712
step=1050 train_loss=2.3266 lr=0.00029503 grad_norm=0.4534
step=1055 train_loss=2.3657 lr=0.000294971 grad_norm=0.5079
step=1060 train_loss=2.3745 lr=0.000294913 grad_norm=0.4601
step=1065 train_loss=2.3336 lr=0.000294854 grad_norm=0.4758
step=1070 train_loss=2.3428 lr=0.000294794 grad_norm=0.5097
step=1075 train_loss=2.3390 lr=0.000294735 grad_norm=0.4612
step=1080 train_loss=2.3329 lr=0.000294675 grad_norm=0.4902
step=1085 train_loss=2.3183 lr=0.000294614 grad_norm=0.4569
step=1090 train_loss=2.3582 lr=0.000294554 grad_norm=0.4886
step=1095 train_loss=2.3156 lr=0.000294493 grad_norm=0.4565
step=1100 train_loss=2.2782 lr=0.000294431 grad_norm=0.5181 val_loss=2.2550
step=1105 train_loss=2.2838 lr=0.00029437 grad_norm=0.5017
step=1110 train_loss=2.3305 lr=0.000294308 grad_norm=0.4497
step=1115 train_loss=2.3467 lr=0.000294245 grad_norm=0.4811
step=1120 train_loss=2.3105 lr=0.000294183 grad_norm=0.4870
step=1125 train_loss=2.3664 lr=0.00029412 grad_norm=0.4512
step=1130 train_loss=2.3160 lr=0.000294056 grad_norm=0.4460
step=1135 train_loss=2.3308 lr=0.000293993 grad_norm=0.4417
step=1140 train_loss=2.3567 lr=0.000293929 grad_norm=0.4470
step=1145 train_loss=2.3478 lr=0.000293864 grad_norm=0.4258
step=1150 train_loss=2.2440 lr=0.0002938 grad_norm=0.4374
step=1155 train_loss=2.2698 lr=0.000293735 grad_norm=0.4438
step=1160 train_loss=2.2845 lr=0.000293669 grad_norm=0.5128
step=1165 train_loss=2.3606 lr=0.000293604 grad_norm=0.4824
step=1170 train_loss=2.3118 lr=0.000293538 grad_norm=0.5141
step=1175 train_loss=2.4252 lr=0.000293471 grad_norm=0.4565
step=1180 train_loss=2.2437 lr=0.000293405 grad_norm=0.4568
step=1185 train_loss=2.3187 lr=0.000293338 grad_norm=0.4281
step=1190 train_loss=2.2955 lr=0.00029327 grad_norm=0.5038
step=1195 train_loss=2.2762 lr=0.000293203 grad_norm=0.5102
step=1200 train_loss=2.2596 lr=0.000293135 grad_norm=0.4655 val_loss=2.3385
step=1205 train_loss=2.3604 lr=0.000293066 grad_norm=0.4940
step=1210 train_loss=2.2406 lr=0.000292998 grad_norm=0.4677
step=1215 train_loss=2.2822 lr=0.000292929 grad_norm=0.4266
step=1220 train_loss=2.2408 lr=0.00029286 grad_norm=0.5220
step=1225 train_loss=2.2353 lr=0.00029279 grad_norm=0.5253
step=1230 train_loss=2.2855 lr=0.00029272 grad_norm=0.4286
step=1235 train_loss=2.3127 lr=0.00029265 grad_norm=0.4720
step=1240 train_loss=2.3393 lr=0.000292579 grad_norm=0.4618
step=1245 train_loss=2.2355 lr=0.000292508 grad_norm=0.4370
step=1250 train_loss=2.1883 lr=0.000292437 grad_norm=0.4459
step=1255 train_loss=2.2982 lr=0.000292365 grad_norm=0.4350
step=1260 train_loss=2.2743 lr=0.000292294 grad_norm=0.4688
step=1265 train_loss=2.2906 lr=0.000292221 grad_norm=0.4467
step=1270 train_loss=2.2296 lr=0.000292149 grad_norm=0.4465
step=1275 train_loss=2.2661 lr=0.000292076 grad_norm=0.4351
step=1280 train_loss=2.1732 lr=0.000292003 grad_norm=0.4567
step=1285 train_loss=2.3257 lr=0.000291929 grad_norm=0.4316
step=1290 train_loss=2.2222 lr=0.000291855 grad_norm=0.4653
step=1295 train_loss=2.2443 lr=0.000291781 grad_norm=0.4807
step=1300 train_loss=2.2410 lr=0.000291707 grad_norm=0.4308 val_loss=2.2686
step=1305 train_loss=2.2023 lr=0.000291632 grad_norm=0.5105
step=1310 train_loss=2.2335 lr=0.000291556 grad_norm=0.5065
step=1315 train_loss=2.2489 lr=0.000291481 grad_norm=0.4214
step=1320 train_loss=2.2148 lr=0.000291405 grad_norm=0.4577
step=1325 train_loss=2.2444 lr=0.000291329 grad_norm=0.4537
step=1330 train_loss=2.2872 lr=0.000291253 grad_norm=0.4461
step=1335 train_loss=2.2500 lr=0.000291176 grad_norm=0.4718
step=1340 train_loss=2.1919 lr=0.000291099 grad_norm=0.5012
step=1345 train_loss=2.2048 lr=0.000291021 grad_norm=0.4520
step=1350 train_loss=2.2629 lr=0.000290943 grad_norm=0.4482
step=1355 train_loss=2.2796 lr=0.000290865 grad_norm=0.5148
step=1360 train_loss=2.2675 lr=0.000290787 grad_norm=0.4930
step=1365 train_loss=2.2188 lr=0.000290708 grad_norm=0.4673
step=1370 train_loss=2.1809 lr=0.000290629 grad_norm=0.4246
step=1375 train_loss=2.2642 lr=0.00029055 grad_norm=0.4560
step=1380 train_loss=2.2866 lr=0.00029047 grad_norm=0.4600
step=1385 train_loss=2.2265 lr=0.00029039 grad_norm=0.5269
step=1390 train_loss=2.2399 lr=0.00029031 grad_norm=0.4552
step=1395 train_loss=2.2409 lr=0.000290229 grad_norm=0.4236
step=1400 train_loss=2.2349 lr=0.000290148 grad_norm=0.4274 val_loss=2.2559
step=1405 train_loss=2.2200 lr=0.000290067 grad_norm=0.4312
step=1410 train_loss=2.1911 lr=0.000289985 grad_norm=0.4579
step=1415 train_loss=2.2550 lr=0.000289903 grad_norm=0.4418
step=1420 train_loss=2.2184 lr=0.000289821 grad_norm=0.4268
step=1425 train_loss=2.2188 lr=0.000289738 grad_norm=0.4775
step=1430 train_loss=2.1852 lr=0.000289655 grad_norm=0.4392
step=1435 train_loss=2.2546 lr=0.000289572 grad_norm=0.4246
step=1440 train_loss=2.1724 lr=0.000289489 grad_norm=0.4368
step=1445 train_loss=2.2335 lr=0.000289405 grad_norm=0.4469
step=1450 train_loss=2.2612 lr=0.00028932 grad_norm=0.4482
step=1455 train_loss=2.1863 lr=0.000289236 grad_norm=0.4484
step=1460 train_loss=2.1357 lr=0.000289151 grad_norm=0.4376
step=1465 train_loss=2.1829 lr=0.000289066 grad_norm=0.4328
step=1470 train_loss=2.2294 lr=0.00028898 grad_norm=0.4824
step=1475 train_loss=2.1350 lr=0.000288895 grad_norm=0.4040
step=1480 train_loss=2.2543 lr=0.000288809 grad_norm=0.5020
step=1485 train_loss=2.1780 lr=0.000288722 grad_norm=0.4234
step=1490 train_loss=2.1367 lr=0.000288635 grad_norm=0.4372
step=1495 train_loss=2.2495 lr=0.000288548 grad_norm=0.4831
step=1500 train_loss=2.1776 lr=0.000288461 grad_norm=0.4519 val_loss=2.1675
Saved checkpoint at step 1500
