step=5 train_loss=9.0466 lr=6e-06 grad_norm=1.2662
step=10 train_loss=8.9920 lr=1.35e-05 grad_norm=1.2970
step=15 train_loss=8.8887 lr=2.1e-05 grad_norm=1.3630
step=20 train_loss=8.7389 lr=2.85e-05 grad_norm=1.5196
step=25 train_loss=8.5360 lr=3.6e-05 grad_norm=1.8098
step=30 train_loss=8.3110 lr=4.35e-05 grad_norm=2.0423
step=35 train_loss=8.0490 lr=5.1e-05 grad_norm=2.2375
step=40 train_loss=7.8042 lr=5.85e-05 grad_norm=2.3051
step=45 train_loss=7.5550 lr=6.6e-05 grad_norm=2.3085
step=50 train_loss=7.3151 lr=7.35e-05 grad_norm=2.2520
step=55 train_loss=7.0572 lr=8.1e-05 grad_norm=2.1895
step=60 train_loss=6.7824 lr=8.85e-05 grad_norm=2.0978
step=65 train_loss=6.5397 lr=9.6e-05 grad_norm=1.9545
step=70 train_loss=6.3039 lr=0.0001035 grad_norm=1.7646
step=75 train_loss=6.0749 lr=0.000111 grad_norm=1.5938
step=80 train_loss=5.8347 lr=0.0001185 grad_norm=1.3982
step=85 train_loss=5.6339 lr=0.000126 grad_norm=1.1543
step=90 train_loss=5.4588 lr=0.0001335 grad_norm=0.9396
step=95 train_loss=5.3056 lr=0.000141 grad_norm=0.7495
step=100 train_loss=5.1791 lr=0.0001485 grad_norm=0.5913 val_loss=5.1387
step=105 train_loss=5.0095 lr=0.000156 grad_norm=0.5764
step=110 train_loss=4.8648 lr=0.0001635 grad_norm=0.4751
step=115 train_loss=4.7058 lr=0.000171 grad_norm=0.4771
step=120 train_loss=4.6289 lr=0.0001785 grad_norm=0.4385
step=125 train_loss=4.5172 lr=0.000186 grad_norm=0.3358
step=130 train_loss=4.4225 lr=0.0001935 grad_norm=0.4276
step=135 train_loss=4.3138 lr=0.000201 grad_norm=0.3345
step=140 train_loss=4.1883 lr=0.0002085 grad_norm=0.3285
step=145 train_loss=4.1275 lr=0.000216 grad_norm=0.4941
step=150 train_loss=4.0809 lr=0.0002235 grad_norm=0.3017
step=155 train_loss=4.0063 lr=0.000231 grad_norm=0.3420
step=160 train_loss=3.9549 lr=0.0002385 grad_norm=0.3187
step=165 train_loss=3.8674 lr=0.000246 grad_norm=0.3936
step=170 train_loss=3.8415 lr=0.0002535 grad_norm=0.3363
step=175 train_loss=3.7677 lr=0.000261 grad_norm=0.2616
step=180 train_loss=3.7327 lr=0.0002685 grad_norm=0.3624
step=185 train_loss=3.6941 lr=0.000276 grad_norm=0.4881
step=190 train_loss=3.6177 lr=0.0002835 grad_norm=0.3987
step=195 train_loss=3.6017 lr=0.000291 grad_norm=0.5655
step=200 train_loss=3.5528 lr=0.0002985 grad_norm=0.3953 val_loss=3.6028
step=205 train_loss=3.4678 lr=0.0003 grad_norm=0.3655
step=210 train_loss=3.4739 lr=0.000299999 grad_norm=0.4069
step=215 train_loss=3.4697 lr=0.000299999 grad_norm=0.4497
step=220 train_loss=3.3858 lr=0.000299997 grad_norm=0.3796
step=225 train_loss=3.3694 lr=0.000299996 grad_norm=0.4418
step=230 train_loss=3.3612 lr=0.000299994 grad_norm=0.5519
step=235 train_loss=3.3027 lr=0.000299992 grad_norm=0.4282
step=240 train_loss=3.3398 lr=0.000299989 grad_norm=0.4468
step=245 train_loss=3.2910 lr=0.000299987 grad_norm=0.5496
step=250 train_loss=3.2478 lr=0.000299983 grad_norm=0.3736
step=255 train_loss=3.2341 lr=0.00029998 grad_norm=0.4808
step=260 train_loss=3.1870 lr=0.000299976 grad_norm=0.4233
step=265 train_loss=3.1861 lr=0.000299972 grad_norm=0.3353
step=270 train_loss=3.1750 lr=0.000299967 grad_norm=0.4905
step=275 train_loss=3.2252 lr=0.000299962 grad_norm=0.5006
step=280 train_loss=3.1781 lr=0.000299957 grad_norm=0.5930
step=285 train_loss=3.1225 lr=0.000299951 grad_norm=0.5109
step=290 train_loss=3.1326 lr=0.000299945 grad_norm=0.5106
step=295 train_loss=3.0986 lr=0.000299939 grad_norm=0.4831
step=300 train_loss=3.0957 lr=0.000299932 grad_norm=0.4174 val_loss=3.1137
step=305 train_loss=3.0792 lr=0.000299925 grad_norm=0.6720
step=310 train_loss=3.0424 lr=0.000299918 grad_norm=0.5100
step=315 train_loss=3.0284 lr=0.00029991 grad_norm=0.4351
step=320 train_loss=3.0396 lr=0.000299902 grad_norm=0.4152
step=325 train_loss=2.9935 lr=0.000299893 grad_norm=0.4097
step=330 train_loss=2.9678 lr=0.000299885 grad_norm=0.5839
step=335 train_loss=2.9954 lr=0.000299875 grad_norm=0.4687
step=340 train_loss=3.0101 lr=0.000299866 grad_norm=0.4913
step=345 train_loss=2.9778 lr=0.000299856 grad_norm=0.4557
step=350 train_loss=2.9646 lr=0.000299846 grad_norm=0.3991
step=355 train_loss=2.9223 lr=0.000299835 grad_norm=0.6865
step=360 train_loss=2.9420 lr=0.000299825 grad_norm=0.4342
step=365 train_loss=2.9339 lr=0.000299813 grad_norm=0.4607
step=370 train_loss=2.9065 lr=0.000299802 grad_norm=0.5608
step=375 train_loss=2.9064 lr=0.00029979 grad_norm=0.5384
step=380 train_loss=2.9014 lr=0.000299778 grad_norm=0.4401
step=385 train_loss=2.8693 lr=0.000299765 grad_norm=0.5581
step=390 train_loss=2.8945 lr=0.000299752 grad_norm=0.5272
step=395 train_loss=2.8672 lr=0.000299739 grad_norm=0.4714
step=400 train_loss=2.8795 lr=0.000299725 grad_norm=0.5289 val_loss=2.8642
step=405 train_loss=2.8618 lr=0.000299711 grad_norm=0.3913
step=410 train_loss=2.8489 lr=0.000299697 grad_norm=0.4037
step=415 train_loss=2.8504 lr=0.000299682 grad_norm=0.4582
step=420 train_loss=2.8160 lr=0.000299667 grad_norm=0.3930
step=425 train_loss=2.7986 lr=0.000299652 grad_norm=0.5536
step=430 train_loss=2.8108 lr=0.000299636 grad_norm=0.5126
step=435 train_loss=2.8175 lr=0.00029962 grad_norm=0.5301
step=440 train_loss=2.8223 lr=0.000299604 grad_norm=0.4337
step=445 train_loss=2.7329 lr=0.000299587 grad_norm=0.5295
step=450 train_loss=2.7764 lr=0.00029957 grad_norm=0.6741
step=455 train_loss=2.7579 lr=0.000299553 grad_norm=0.4572
step=460 train_loss=2.7469 lr=0.000299535 grad_norm=0.5652
step=465 train_loss=2.7146 lr=0.000299517 grad_norm=0.4418
step=470 train_loss=2.7524 lr=0.000299498 grad_norm=0.4832
step=475 train_loss=2.7452 lr=0.000299479 grad_norm=0.3526
step=480 train_loss=2.7273 lr=0.00029946 grad_norm=0.4329
step=485 train_loss=2.6892 lr=0.000299441 grad_norm=0.6503
step=490 train_loss=2.6757 lr=0.000299421 grad_norm=0.4734
step=495 train_loss=2.6947 lr=0.000299401 grad_norm=0.5894
step=500 train_loss=2.7059 lr=0.00029938 grad_norm=0.4836 val_loss=2.6559
step=505 train_loss=2.6850 lr=0.000299359 grad_norm=0.4460
step=510 train_loss=2.6539 lr=0.000299338 grad_norm=0.5385
step=515 train_loss=2.6749 lr=0.000299317 grad_norm=0.5651
step=520 train_loss=2.6864 lr=0.000299295 grad_norm=0.5128
step=525 train_loss=2.6586 lr=0.000299272 grad_norm=0.5377
step=530 train_loss=2.6889 lr=0.00029925 grad_norm=0.4490
step=535 train_loss=2.6547 lr=0.000299227 grad_norm=0.4414
step=540 train_loss=2.6374 lr=0.000299203 grad_norm=0.6641
step=545 train_loss=2.6574 lr=0.00029918 grad_norm=0.4307
step=550 train_loss=2.6238 lr=0.000299156 grad_norm=0.5958
step=555 train_loss=2.6255 lr=0.000299131 grad_norm=0.4402
step=560 train_loss=2.5921 lr=0.000299107 grad_norm=0.4440
step=565 train_loss=2.6031 lr=0.000299082 grad_norm=0.4425
step=570 train_loss=2.6349 lr=0.000299056 grad_norm=0.4882
step=575 train_loss=2.6077 lr=0.000299031 grad_norm=0.4408
step=580 train_loss=2.5806 lr=0.000299005 grad_norm=0.6991
step=585 train_loss=2.6004 lr=0.000298978 grad_norm=0.5364
step=590 train_loss=2.5401 lr=0.000298951 grad_norm=0.6356
step=595 train_loss=2.6030 lr=0.000298924 grad_norm=0.6445
step=600 train_loss=2.5547 lr=0.000298897 grad_norm=0.5594 val_loss=2.6008
step=605 train_loss=2.5814 lr=0.000298869 grad_norm=0.5273
step=610 train_loss=2.5643 lr=0.000298841 grad_norm=0.5510
step=615 train_loss=2.5792 lr=0.000298813 grad_norm=0.4993
step=620 train_loss=2.6256 lr=0.000298784 grad_norm=0.4972
step=625 train_loss=2.5157 lr=0.000298755 grad_norm=0.3844
step=630 train_loss=2.5677 lr=0.000298725 grad_norm=0.4998
step=635 train_loss=2.5234 lr=0.000298695 grad_norm=0.4378
step=640 train_loss=2.5105 lr=0.000298665 grad_norm=0.4638
step=645 train_loss=2.5284 lr=0.000298635 grad_norm=0.5280
step=650 train_loss=2.5258 lr=0.000298604 grad_norm=0.5079
step=655 train_loss=2.4968 lr=0.000298572 grad_norm=0.6665
step=660 train_loss=2.5181 lr=0.000298541 grad_norm=0.5523
step=665 train_loss=2.5290 lr=0.000298509 grad_norm=0.4191
step=670 train_loss=2.5261 lr=0.000298477 grad_norm=0.4961
step=675 train_loss=2.5245 lr=0.000298444 grad_norm=0.4388
step=680 train_loss=2.5303 lr=0.000298411 grad_norm=0.5350
step=685 train_loss=2.4864 lr=0.000298378 grad_norm=0.5060
step=690 train_loss=2.5170 lr=0.000298344 grad_norm=0.4788
step=695 train_loss=2.5201 lr=0.00029831 grad_norm=0.4568
step=700 train_loss=2.4768 lr=0.000298276 grad_norm=0.4435 val_loss=2.4738
step=705 train_loss=2.4523 lr=0.000298241 grad_norm=0.5691
step=710 train_loss=2.4802 lr=0.000298206 grad_norm=0.4039
step=715 train_loss=2.4536 lr=0.000298171 grad_norm=0.4798
step=720 train_loss=2.4760 lr=0.000298135 grad_norm=0.4643
step=725 train_loss=2.4918 lr=0.000298099 grad_norm=0.5859
step=730 train_loss=2.4440 lr=0.000298063 grad_norm=0.5436
step=735 train_loss=2.4513 lr=0.000298026 grad_norm=0.5407
step=740 train_loss=2.4997 lr=0.000297989 grad_norm=0.4567
step=745 train_loss=2.3921 lr=0.000297952 grad_norm=0.4594
step=750 train_loss=2.4572 lr=0.000297914 grad_norm=0.4529
step=755 train_loss=2.4755 lr=0.000297876 grad_norm=0.4694
step=760 train_loss=2.4321 lr=0.000297838 grad_norm=0.4260
step=765 train_loss=2.4549 lr=0.000297799 grad_norm=0.5303
step=770 train_loss=2.4211 lr=0.00029776 grad_norm=0.4747
step=775 train_loss=2.4535 lr=0.000297721 grad_norm=0.5055
step=780 train_loss=2.4465 lr=0.000297681 grad_norm=0.5132
step=785 train_loss=2.4141 lr=0.000297641 grad_norm=0.4780
step=790 train_loss=2.4203 lr=0.0002976 grad_norm=0.5061
step=795 train_loss=2.4159 lr=0.000297559 grad_norm=0.4449
step=800 train_loss=2.4111 lr=0.000297518 grad_norm=0.5251 val_loss=2.4181
step=805 train_loss=2.4149 lr=0.000297477 grad_norm=0.5132
step=810 train_loss=2.4097 lr=0.000297435 grad_norm=0.4482
step=815 train_loss=2.4174 lr=0.000297393 grad_norm=0.4948
step=820 train_loss=2.3882 lr=0.00029735 grad_norm=0.4409
step=825 train_loss=2.4339 lr=0.000297307 grad_norm=0.4752
step=830 train_loss=2.4067 lr=0.000297264 grad_norm=0.5183
step=835 train_loss=2.3776 lr=0.000297221 grad_norm=0.5468
step=840 train_loss=2.4045 lr=0.000297177 grad_norm=0.5072
step=845 train_loss=2.4242 lr=0.000297133 grad_norm=0.4624
step=850 train_loss=2.3558 lr=0.000297088 grad_norm=0.4573
step=855 train_loss=2.3454 lr=0.000297043 grad_norm=0.5430
step=860 train_loss=2.4207 lr=0.000296998 grad_norm=0.4776
step=865 train_loss=2.3589 lr=0.000296953 grad_norm=0.4749
step=870 train_loss=2.3110 lr=0.000296907 grad_norm=0.5021
step=875 train_loss=2.4036 lr=0.00029686 grad_norm=0.4852
step=880 train_loss=2.3668 lr=0.000296814 grad_norm=0.4632
step=885 train_loss=2.3553 lr=0.000296767 grad_norm=0.4847
step=890 train_loss=2.4068 lr=0.00029672 grad_norm=0.5512
step=895 train_loss=2.3589 lr=0.000296672 grad_norm=0.4865
step=900 train_loss=2.3238 lr=0.000296624 grad_norm=0.4757 val_loss=2.3278
step=905 train_loss=2.3806 lr=0.000296576 grad_norm=0.4705
step=910 train_loss=2.3291 lr=0.000296527 grad_norm=0.5486
step=915 train_loss=2.3783 lr=0.000296478 grad_norm=0.4339
step=920 train_loss=2.2987 lr=0.000296429 grad_norm=0.4521
step=925 train_loss=2.3257 lr=0.00029638 grad_norm=0.4804
step=930 train_loss=2.2959 lr=0.00029633 grad_norm=0.4502
step=935 train_loss=2.3484 lr=0.000296279 grad_norm=0.4639
step=940 train_loss=2.3157 lr=0.000296229 grad_norm=0.5049
step=945 train_loss=2.2902 lr=0.000296178 grad_norm=0.5300
step=950 train_loss=2.3264 lr=0.000296126 grad_norm=0.4871
step=955 train_loss=2.3210 lr=0.000296075 grad_norm=0.4436
step=960 train_loss=2.2800 lr=0.000296023 grad_norm=0.5024
step=965 train_loss=2.3450 lr=0.00029597 grad_norm=0.4817
step=970 train_loss=2.2838 lr=0.000295918 grad_norm=0.4531
step=975 train_loss=2.3366 lr=0.000295865 grad_norm=0.5481
step=980 train_loss=2.3061 lr=0.000295812 grad_norm=0.4768
step=985 train_loss=2.2344 lr=0.000295758 grad_norm=0.4514
step=990 train_loss=2.3202 lr=0.000295704 grad_norm=0.4701
step=995 train_loss=2.2779 lr=0.00029565 grad_norm=0.4056
step=1000 train_loss=2.3008 lr=0.000295595 grad_norm=0.5242 val_loss=2.3366
step=1005 train_loss=2.2999 lr=0.00029554 grad_norm=0.4657
step=1010 train_loss=2.2967 lr=0.000295485 grad_norm=0.4218
step=1015 train_loss=2.2467 lr=0.000295429 grad_norm=0.4391
step=1020 train_loss=2.2469 lr=0.000295373 grad_norm=0.5190
step=1025 train_loss=2.2248 lr=0.000295317 grad_norm=0.4685
step=1030 train_loss=2.2965 lr=0.00029526 grad_norm=0.5239
step=1035 train_loss=2.2641 lr=0.000295203 grad_norm=0.4758
step=1040 train_loss=2.2546 lr=0.000295146 grad_norm=0.5192
step=1045 train_loss=2.2551 lr=0.000295088 grad_norm=0.4303
step=1050 train_loss=2.3019 lr=0.00029503 grad_norm=0.4634
step=1055 train_loss=2.2590 lr=0.000294971 grad_norm=0.5346
step=1060 train_loss=2.2922 lr=0.000294913 grad_norm=0.5465
step=1065 train_loss=2.2848 lr=0.000294854 grad_norm=0.4850
step=1070 train_loss=2.2679 lr=0.000294794 grad_norm=0.4249
step=1075 train_loss=2.2800 lr=0.000294735 grad_norm=0.3933
step=1080 train_loss=2.2655 lr=0.000294675 grad_norm=0.4862
step=1085 train_loss=2.2530 lr=0.000294614 grad_norm=0.4411
step=1090 train_loss=2.2363 lr=0.000294554 grad_norm=0.4494
step=1095 train_loss=2.1907 lr=0.000294493 grad_norm=0.5005
step=1100 train_loss=2.2718 lr=0.000294431 grad_norm=0.5108 val_loss=2.1738
step=1105 train_loss=2.2902 lr=0.00029437 grad_norm=0.5664
step=1110 train_loss=2.2150 lr=0.000294308 grad_norm=0.4814
step=1115 train_loss=2.1783 lr=0.000294245 grad_norm=0.3867
step=1120 train_loss=2.2181 lr=0.000294183 grad_norm=0.4600
step=1125 train_loss=2.2215 lr=0.00029412 grad_norm=0.4694
step=1130 train_loss=2.2553 lr=0.000294056 grad_norm=0.4676
step=1135 train_loss=2.1856 lr=0.000293993 grad_norm=0.4290
step=1140 train_loss=2.2288 lr=0.000293929 grad_norm=0.4177
step=1145 train_loss=2.2422 lr=0.000293864 grad_norm=0.4296
step=1150 train_loss=2.2348 lr=0.0002938 grad_norm=0.4156
step=1155 train_loss=2.2062 lr=0.000293735 grad_norm=0.4380
step=1160 train_loss=2.2064 lr=0.000293669 grad_norm=0.4615
step=1165 train_loss=2.2134 lr=0.000293604 grad_norm=0.4364
step=1170 train_loss=2.2182 lr=0.000293538 grad_norm=0.4658
step=1175 train_loss=2.2076 lr=0.000293471 grad_norm=0.5304
step=1180 train_loss=2.2150 lr=0.000293405 grad_norm=0.4734
step=1185 train_loss=2.2061 lr=0.000293338 grad_norm=0.4755
step=1190 train_loss=2.1889 lr=0.00029327 grad_norm=0.4779
step=1195 train_loss=2.1961 lr=0.000293203 grad_norm=0.4209
step=1200 train_loss=2.2454 lr=0.000293135 grad_norm=0.4493 val_loss=2.2535
step=1205 train_loss=2.2152 lr=0.000293066 grad_norm=0.4162
step=1210 train_loss=2.1740 lr=0.000292998 grad_norm=0.4468
step=1215 train_loss=2.2497 lr=0.000292929 grad_norm=0.4465
step=1220 train_loss=2.2088 lr=0.00029286 grad_norm=0.4537
step=1225 train_loss=2.2043 lr=0.00029279 grad_norm=0.4770
step=1230 train_loss=2.2029 lr=0.00029272 grad_norm=0.4546
step=1235 train_loss=2.2082 lr=0.00029265 grad_norm=0.3923
step=1240 train_loss=2.2338 lr=0.000292579 grad_norm=0.4768
step=1245 train_loss=2.1978 lr=0.000292508 grad_norm=0.4865
step=1250 train_loss=2.1519 lr=0.000292437 grad_norm=0.4567
step=1255 train_loss=2.2158 lr=0.000292365 grad_norm=0.4699
step=1260 train_loss=2.1824 lr=0.000292294 grad_norm=0.4467
step=1265 train_loss=2.2186 lr=0.000292221 grad_norm=0.4236
step=1270 train_loss=2.1567 lr=0.000292149 grad_norm=0.4200
step=1275 train_loss=2.1637 lr=0.000292076 grad_norm=0.4352
step=1280 train_loss=2.1798 lr=0.000292003 grad_norm=0.4237
step=1285 train_loss=2.1884 lr=0.000291929 grad_norm=0.4100
step=1290 train_loss=2.1808 lr=0.000291855 grad_norm=0.4629
step=1295 train_loss=2.1577 lr=0.000291781 grad_norm=0.4849
step=1300 train_loss=2.1978 lr=0.000291707 grad_norm=0.4205 val_loss=2.1793
step=1305 train_loss=2.1416 lr=0.000291632 grad_norm=0.4284
step=1310 train_loss=2.1938 lr=0.000291556 grad_norm=0.3865
step=1315 train_loss=2.1638 lr=0.000291481 grad_norm=0.4100
step=1320 train_loss=2.1828 lr=0.000291405 grad_norm=0.4691
step=1325 train_loss=2.1360 lr=0.000291329 grad_norm=0.4099
step=1330 train_loss=2.1782 lr=0.000291253 grad_norm=0.3963
step=1335 train_loss=2.1385 lr=0.000291176 grad_norm=0.3908
step=1340 train_loss=2.1216 lr=0.000291099 grad_norm=0.4277
step=1345 train_loss=2.1675 lr=0.000291021 grad_norm=0.4511
step=1350 train_loss=2.1572 lr=0.000290943 grad_norm=0.4664
step=1355 train_loss=2.1389 lr=0.000290865 grad_norm=0.4064
step=1360 train_loss=2.1149 lr=0.000290787 grad_norm=0.4166
step=1365 train_loss=2.1321 lr=0.000290708 grad_norm=0.4424
step=1370 train_loss=2.1558 lr=0.000290629 grad_norm=0.4326
step=1375 train_loss=2.1907 lr=0.00029055 grad_norm=0.4330
step=1380 train_loss=2.1454 lr=0.00029047 grad_norm=0.4454
step=1385 train_loss=2.1857 lr=0.00029039 grad_norm=0.4172
step=1390 train_loss=2.1347 lr=0.00029031 grad_norm=0.4359
step=1395 train_loss=2.1348 lr=0.000290229 grad_norm=0.4364
step=1400 train_loss=2.1652 lr=0.000290148 grad_norm=0.4242 val_loss=2.1780
step=1405 train_loss=2.1467 lr=0.000290067 grad_norm=0.3971
step=1410 train_loss=2.1736 lr=0.000289985 grad_norm=0.4100
step=1415 train_loss=2.1003 lr=0.000289903 grad_norm=0.4064
step=1420 train_loss=2.1179 lr=0.000289821 grad_norm=0.4320
step=1425 train_loss=2.1336 lr=0.000289738 grad_norm=0.4187
step=1430 train_loss=2.1130 lr=0.000289655 grad_norm=0.4274
step=1435 train_loss=2.1215 lr=0.000289572 grad_norm=0.5713
step=1440 train_loss=2.1124 lr=0.000289489 grad_norm=0.4383
step=1445 train_loss=2.0813 lr=0.000289405 grad_norm=0.3947
step=1450 train_loss=2.1549 lr=0.00028932 grad_norm=0.5417
step=1455 train_loss=2.1001 lr=0.000289236 grad_norm=0.3966
step=1460 train_loss=2.1203 lr=0.000289151 grad_norm=0.3903
step=1465 train_loss=2.1573 lr=0.000289066 grad_norm=0.4249
step=1470 train_loss=2.1314 lr=0.00028898 grad_norm=0.3996
step=1475 train_loss=2.0944 lr=0.000288895 grad_norm=0.4642
step=1480 train_loss=2.0993 lr=0.000288809 grad_norm=0.3990
step=1485 train_loss=2.1364 lr=0.000288722 grad_norm=0.3937
step=1490 train_loss=2.1223 lr=0.000288635 grad_norm=0.4122
step=1495 train_loss=2.0905 lr=0.000288548 grad_norm=0.4524
step=1500 train_loss=2.1039 lr=0.000288461 grad_norm=0.4071 val_loss=2.0943
Saved checkpoint at step 1500
