step=5 train_loss=9.0681 lr=6e-06 grad_norm=1.3136
step=10 train_loss=9.0087 lr=1.35e-05 grad_norm=1.3399
step=15 train_loss=8.9058 lr=2.1e-05 grad_norm=1.3415
step=20 train_loss=8.7516 lr=2.85e-05 grad_norm=1.4738
step=25 train_loss=8.5478 lr=3.6e-05 grad_norm=1.7398
step=30 train_loss=8.3219 lr=4.35e-05 grad_norm=1.9707
step=35 train_loss=8.0630 lr=5.1e-05 grad_norm=2.1809
step=40 train_loss=7.8144 lr=5.85e-05 grad_norm=2.2695
step=45 train_loss=7.5746 lr=6.6e-05 grad_norm=2.2856
step=50 train_loss=7.3430 lr=7.35e-05 grad_norm=2.2489
step=55 train_loss=7.0882 lr=8.1e-05 grad_norm=2.2028
step=60 train_loss=6.8227 lr=8.85e-05 grad_norm=2.1225
step=65 train_loss=6.5776 lr=9.6e-05 grad_norm=1.9810
step=70 train_loss=6.3497 lr=0.0001035 grad_norm=1.7943
step=75 train_loss=6.1149 lr=0.000111 grad_norm=1.6223
step=80 train_loss=5.8605 lr=0.0001185 grad_norm=1.4096
step=85 train_loss=5.6486 lr=0.000126 grad_norm=1.1392
step=90 train_loss=5.4544 lr=0.0001335 grad_norm=0.8992
step=95 train_loss=5.2745 lr=0.000141 grad_norm=0.6782
step=100 train_loss=5.1256 lr=0.0001485 grad_norm=0.5580 val_loss=5.0763
step=105 train_loss=4.9329 lr=0.000156 grad_norm=0.4569
step=110 train_loss=4.7690 lr=0.0001635 grad_norm=0.4112
step=115 train_loss=4.5988 lr=0.000171 grad_norm=0.3988
step=120 train_loss=4.5131 lr=0.0001785 grad_norm=0.3279
step=125 train_loss=4.4034 lr=0.000186 grad_norm=0.2697
step=130 train_loss=4.3177 lr=0.0001935 grad_norm=0.3326
step=135 train_loss=4.2152 lr=0.000201 grad_norm=0.2475
step=140 train_loss=4.1002 lr=0.0002085 grad_norm=0.3399
step=145 train_loss=4.0429 lr=0.000216 grad_norm=0.3640
step=150 train_loss=4.0035 lr=0.0002235 grad_norm=0.2941
step=155 train_loss=3.9331 lr=0.000231 grad_norm=0.2743
step=160 train_loss=3.8823 lr=0.0002385 grad_norm=0.2701
step=165 train_loss=3.8002 lr=0.000246 grad_norm=0.3443
step=170 train_loss=3.7762 lr=0.0002535 grad_norm=0.4429
step=175 train_loss=3.7081 lr=0.000261 grad_norm=0.4052
step=180 train_loss=3.6764 lr=0.0002685 grad_norm=0.5011
step=185 train_loss=3.6375 lr=0.000276 grad_norm=0.3521
step=190 train_loss=3.5656 lr=0.0002835 grad_norm=0.3439
step=195 train_loss=3.5559 lr=0.000291 grad_norm=0.6753
step=200 train_loss=3.5107 lr=0.0002985 grad_norm=0.5645 val_loss=3.5551
step=205 train_loss=3.4300 lr=0.0003 grad_norm=0.4211
step=210 train_loss=3.4414 lr=0.000299999 grad_norm=0.5387
step=215 train_loss=3.4351 lr=0.000299999 grad_norm=0.4037
step=220 train_loss=3.3561 lr=0.000299997 grad_norm=0.4489
step=225 train_loss=3.3375 lr=0.000299996 grad_norm=0.3809
step=230 train_loss=3.3339 lr=0.000299994 grad_norm=0.4844
step=235 train_loss=3.2792 lr=0.000299992 grad_norm=0.4390
step=240 train_loss=3.3138 lr=0.000299989 grad_norm=0.4803
step=245 train_loss=3.2594 lr=0.000299987 grad_norm=0.4077
step=250 train_loss=3.2194 lr=0.000299983 grad_norm=0.3834
step=255 train_loss=3.2046 lr=0.00029998 grad_norm=0.5003
step=260 train_loss=3.1579 lr=0.000299976 grad_norm=0.4001
step=265 train_loss=3.1659 lr=0.000299972 grad_norm=0.5105
step=270 train_loss=3.1478 lr=0.000299967 grad_norm=0.5435
step=275 train_loss=3.2020 lr=0.000299962 grad_norm=0.4755
step=280 train_loss=3.1534 lr=0.000299957 grad_norm=0.3919
step=285 train_loss=3.0960 lr=0.000299951 grad_norm=0.4381
step=290 train_loss=3.1134 lr=0.000299945 grad_norm=0.6438
step=295 train_loss=3.0724 lr=0.000299939 grad_norm=0.4132
step=300 train_loss=3.0768 lr=0.000299932 grad_norm=0.4786 val_loss=3.0956
step=305 train_loss=3.0601 lr=0.000299925 grad_norm=0.5870
step=310 train_loss=3.0245 lr=0.000299918 grad_norm=0.4346
step=315 train_loss=3.0019 lr=0.00029991 grad_norm=0.3747
step=320 train_loss=3.0206 lr=0.000299902 grad_norm=0.4659
step=325 train_loss=2.9795 lr=0.000299893 grad_norm=0.5558
step=330 train_loss=2.9524 lr=0.000299885 grad_norm=0.4162
step=335 train_loss=2.9743 lr=0.000299875 grad_norm=0.4557
step=340 train_loss=2.9901 lr=0.000299866 grad_norm=0.4312
step=345 train_loss=2.9611 lr=0.000299856 grad_norm=0.4707
step=350 train_loss=2.9537 lr=0.000299846 grad_norm=0.4818
step=355 train_loss=2.8991 lr=0.000299835 grad_norm=0.4149
step=360 train_loss=2.9290 lr=0.000299825 grad_norm=0.3797
step=365 train_loss=2.9181 lr=0.000299813 grad_norm=0.4489
step=370 train_loss=2.8925 lr=0.000299802 grad_norm=0.4967
step=375 train_loss=2.8904 lr=0.00029979 grad_norm=0.4187
step=380 train_loss=2.8886 lr=0.000299778 grad_norm=0.5587
step=385 train_loss=2.8580 lr=0.000299765 grad_norm=0.4788
step=390 train_loss=2.8778 lr=0.000299752 grad_norm=0.4949
step=395 train_loss=2.8515 lr=0.000299739 grad_norm=0.4380
step=400 train_loss=2.8649 lr=0.000299725 grad_norm=0.4429 val_loss=2.8500
step=405 train_loss=2.8518 lr=0.000299711 grad_norm=0.5243
step=410 train_loss=2.8371 lr=0.000299697 grad_norm=0.4518
step=415 train_loss=2.8301 lr=0.000299682 grad_norm=0.4521
step=420 train_loss=2.7986 lr=0.000299667 grad_norm=0.4767
step=425 train_loss=2.7843 lr=0.000299652 grad_norm=0.6048
step=430 train_loss=2.7967 lr=0.000299636 grad_norm=0.5018
step=435 train_loss=2.8080 lr=0.00029962 grad_norm=0.4434
step=440 train_loss=2.8052 lr=0.000299604 grad_norm=0.4185
step=445 train_loss=2.7202 lr=0.000299587 grad_norm=0.6983
step=450 train_loss=2.7609 lr=0.00029957 grad_norm=0.4433
step=455 train_loss=2.7425 lr=0.000299553 grad_norm=0.4777
step=460 train_loss=2.7356 lr=0.000299535 grad_norm=0.6574
step=465 train_loss=2.7082 lr=0.000299517 grad_norm=0.5802
step=470 train_loss=2.7386 lr=0.000299498 grad_norm=0.4780
step=475 train_loss=2.7344 lr=0.000299479 grad_norm=0.4437
step=480 train_loss=2.7198 lr=0.00029946 grad_norm=0.4150
step=485 train_loss=2.6791 lr=0.000299441 grad_norm=0.4001
step=490 train_loss=2.6661 lr=0.000299421 grad_norm=0.5458
step=495 train_loss=2.6850 lr=0.000299401 grad_norm=0.4472
step=500 train_loss=2.6944 lr=0.00029938 grad_norm=0.4800 val_loss=2.6455
step=505 train_loss=2.6829 lr=0.000299359 grad_norm=0.4383
step=510 train_loss=2.6427 lr=0.000299338 grad_norm=0.6080
step=515 train_loss=2.6638 lr=0.000299317 grad_norm=0.4960
step=520 train_loss=2.6783 lr=0.000299295 grad_norm=0.5755
step=525 train_loss=2.6472 lr=0.000299272 grad_norm=0.4986
step=530 train_loss=2.6765 lr=0.00029925 grad_norm=0.4442
step=535 train_loss=2.6456 lr=0.000299227 grad_norm=0.4311
step=540 train_loss=2.6317 lr=0.000299203 grad_norm=0.6406
step=545 train_loss=2.6505 lr=0.00029918 grad_norm=0.6053
step=550 train_loss=2.6172 lr=0.000299156 grad_norm=0.4457
step=555 train_loss=2.6214 lr=0.000299131 grad_norm=0.4909
step=560 train_loss=2.5899 lr=0.000299107 grad_norm=0.4936
step=565 train_loss=2.5939 lr=0.000299082 grad_norm=0.4376
step=570 train_loss=2.6311 lr=0.000299056 grad_norm=0.4862
step=575 train_loss=2.6069 lr=0.000299031 grad_norm=0.4547
step=580 train_loss=2.5672 lr=0.000299005 grad_norm=0.4916
step=585 train_loss=2.5919 lr=0.000298978 grad_norm=0.4349
step=590 train_loss=2.5286 lr=0.000298951 grad_norm=0.5262
step=595 train_loss=2.5904 lr=0.000298924 grad_norm=0.4791
step=600 train_loss=2.5505 lr=0.000298897 grad_norm=0.5384 val_loss=2.5974
step=605 train_loss=2.5714 lr=0.000298869 grad_norm=0.5382
step=610 train_loss=2.5593 lr=0.000298841 grad_norm=0.5409
step=615 train_loss=2.5721 lr=0.000298813 grad_norm=0.4976
step=620 train_loss=2.6198 lr=0.000298784 grad_norm=0.4486
step=625 train_loss=2.5123 lr=0.000298755 grad_norm=0.4426
step=630 train_loss=2.5628 lr=0.000298725 grad_norm=0.4526
step=635 train_loss=2.5207 lr=0.000298695 grad_norm=0.4574
step=640 train_loss=2.5042 lr=0.000298665 grad_norm=0.4237
step=645 train_loss=2.5242 lr=0.000298635 grad_norm=0.4448
step=650 train_loss=2.5188 lr=0.000298604 grad_norm=0.4848
step=655 train_loss=2.4921 lr=0.000298572 grad_norm=0.5051
step=660 train_loss=2.5119 lr=0.000298541 grad_norm=0.5126
step=665 train_loss=2.5197 lr=0.000298509 grad_norm=0.4689
step=670 train_loss=2.5193 lr=0.000298477 grad_norm=0.4424
step=675 train_loss=2.5191 lr=0.000298444 grad_norm=0.4139
step=680 train_loss=2.5217 lr=0.000298411 grad_norm=0.4852
step=685 train_loss=2.4820 lr=0.000298378 grad_norm=0.6531
step=690 train_loss=2.5061 lr=0.000298344 grad_norm=0.4241
step=695 train_loss=2.5182 lr=0.00029831 grad_norm=0.4605
step=700 train_loss=2.4761 lr=0.000298276 grad_norm=0.4894 val_loss=2.4686
step=705 train_loss=2.4444 lr=0.000298241 grad_norm=0.4061
step=710 train_loss=2.4763 lr=0.000298206 grad_norm=0.4183
step=715 train_loss=2.4470 lr=0.000298171 grad_norm=0.4378
step=720 train_loss=2.4701 lr=0.000298135 grad_norm=0.5586
step=725 train_loss=2.4835 lr=0.000298099 grad_norm=0.4631
step=730 train_loss=2.4377 lr=0.000298063 grad_norm=0.5325
step=735 train_loss=2.4456 lr=0.000298026 grad_norm=0.4681
step=740 train_loss=2.4956 lr=0.000297989 grad_norm=0.5010
step=745 train_loss=2.3894 lr=0.000297952 grad_norm=0.5685
step=750 train_loss=2.4536 lr=0.000297914 grad_norm=0.4399
step=755 train_loss=2.4694 lr=0.000297876 grad_norm=0.5393
step=760 train_loss=2.4346 lr=0.000297838 grad_norm=0.6628
step=765 train_loss=2.4523 lr=0.000297799 grad_norm=0.5197
step=770 train_loss=2.4156 lr=0.00029776 grad_norm=0.5126
step=775 train_loss=2.4467 lr=0.000297721 grad_norm=0.4872
step=780 train_loss=2.4377 lr=0.000297681 grad_norm=0.5146
step=785 train_loss=2.4166 lr=0.000297641 grad_norm=0.6910
step=790 train_loss=2.4134 lr=0.0002976 grad_norm=0.4528
step=795 train_loss=2.4129 lr=0.000297559 grad_norm=0.4767
step=800 train_loss=2.4066 lr=0.000297518 grad_norm=0.4569 val_loss=2.4097
step=805 train_loss=2.4092 lr=0.000297477 grad_norm=0.4260
step=810 train_loss=2.4008 lr=0.000297435 grad_norm=0.4771
step=815 train_loss=2.4112 lr=0.000297393 grad_norm=0.4547
step=820 train_loss=2.3833 lr=0.00029735 grad_norm=0.4274
step=825 train_loss=2.4277 lr=0.000297307 grad_norm=0.4536
step=830 train_loss=2.4036 lr=0.000297264 grad_norm=0.4754
step=835 train_loss=2.3750 lr=0.000297221 grad_norm=0.5298
step=840 train_loss=2.4001 lr=0.000297177 grad_norm=0.4309
step=845 train_loss=2.4196 lr=0.000297133 grad_norm=0.4583
step=850 train_loss=2.3522 lr=0.000297088 grad_norm=0.4948
step=855 train_loss=2.3414 lr=0.000297043 grad_norm=0.5502
step=860 train_loss=2.4128 lr=0.000296998 grad_norm=0.5935
step=865 train_loss=2.3584 lr=0.000296953 grad_norm=0.5079
step=870 train_loss=2.3010 lr=0.000296907 grad_norm=0.5036
step=875 train_loss=2.3980 lr=0.00029686 grad_norm=0.5222
step=880 train_loss=2.3630 lr=0.000296814 grad_norm=0.5320
step=885 train_loss=2.3594 lr=0.000296767 grad_norm=0.4435
step=890 train_loss=2.4039 lr=0.00029672 grad_norm=0.4496
step=895 train_loss=2.3496 lr=0.000296672 grad_norm=0.4183
step=900 train_loss=2.3200 lr=0.000296624 grad_norm=0.4142 val_loss=2.3188
step=905 train_loss=2.3785 lr=0.000296576 grad_norm=0.5067
step=910 train_loss=2.3211 lr=0.000296527 grad_norm=0.5089
step=915 train_loss=2.3754 lr=0.000296478 grad_norm=0.4367
step=920 train_loss=2.2924 lr=0.000296429 grad_norm=0.4604
step=925 train_loss=2.3211 lr=0.00029638 grad_norm=0.4955
step=930 train_loss=2.2936 lr=0.00029633 grad_norm=0.4323
step=935 train_loss=2.3446 lr=0.000296279 grad_norm=0.5022
step=940 train_loss=2.3182 lr=0.000296229 grad_norm=0.4982
step=945 train_loss=2.2868 lr=0.000296178 grad_norm=0.4968
step=950 train_loss=2.3247 lr=0.000296126 grad_norm=0.4423
step=955 train_loss=2.3159 lr=0.000296075 grad_norm=0.4783
step=960 train_loss=2.2798 lr=0.000296023 grad_norm=0.5457
step=965 train_loss=2.3358 lr=0.00029597 grad_norm=0.4404
step=970 train_loss=2.2848 lr=0.000295918 grad_norm=0.4749
step=975 train_loss=2.3353 lr=0.000295865 grad_norm=0.5388
step=980 train_loss=2.3016 lr=0.000295812 grad_norm=0.4848
step=985 train_loss=2.2303 lr=0.000295758 grad_norm=0.4289
step=990 train_loss=2.3174 lr=0.000295704 grad_norm=0.4654
step=995 train_loss=2.2714 lr=0.00029565 grad_norm=0.4323
step=1000 train_loss=2.3006 lr=0.000295595 grad_norm=0.5337 val_loss=2.3275
step=1005 train_loss=2.2948 lr=0.00029554 grad_norm=0.4323
step=1010 train_loss=2.2933 lr=0.000295485 grad_norm=0.3973
step=1015 train_loss=2.2401 lr=0.000295429 grad_norm=0.4112
step=1020 train_loss=2.2412 lr=0.000295373 grad_norm=0.5097
step=1025 train_loss=2.2225 lr=0.000295317 grad_norm=0.5030
step=1030 train_loss=2.2944 lr=0.00029526 grad_norm=0.4202
step=1035 train_loss=2.2627 lr=0.000295203 grad_norm=0.4984
step=1040 train_loss=2.2502 lr=0.000295146 grad_norm=0.6005
step=1045 train_loss=2.2535 lr=0.000295088 grad_norm=0.4506
step=1050 train_loss=2.2969 lr=0.00029503 grad_norm=0.3910
step=1055 train_loss=2.2565 lr=0.000294971 grad_norm=0.4427
step=1060 train_loss=2.2901 lr=0.000294913 grad_norm=0.5383
step=1065 train_loss=2.2779 lr=0.000294854 grad_norm=0.5120
step=1070 train_loss=2.2657 lr=0.000294794 grad_norm=0.5737
step=1075 train_loss=2.2788 lr=0.000294735 grad_norm=0.5041
step=1080 train_loss=2.2622 lr=0.000294675 grad_norm=0.5301
step=1085 train_loss=2.2550 lr=0.000294614 grad_norm=0.4378
step=1090 train_loss=2.2331 lr=0.000294554 grad_norm=0.4300
step=1095 train_loss=2.1834 lr=0.000294493 grad_norm=0.4594
step=1100 train_loss=2.2643 lr=0.000294431 grad_norm=0.4638 val_loss=2.1715
step=1105 train_loss=2.2854 lr=0.00029437 grad_norm=0.4828
step=1110 train_loss=2.2122 lr=0.000294308 grad_norm=0.4530
step=1115 train_loss=2.1784 lr=0.000294245 grad_norm=0.4458
step=1120 train_loss=2.2163 lr=0.000294183 grad_norm=0.4220
step=1125 train_loss=2.2258 lr=0.00029412 grad_norm=0.4499
step=1130 train_loss=2.2537 lr=0.000294056 grad_norm=0.4371
step=1135 train_loss=2.1816 lr=0.000293993 grad_norm=0.4166
step=1140 train_loss=2.2279 lr=0.000293929 grad_norm=0.4415
step=1145 train_loss=2.2378 lr=0.000293864 grad_norm=0.4245
step=1150 train_loss=2.2295 lr=0.0002938 grad_norm=0.4298
step=1155 train_loss=2.2081 lr=0.000293735 grad_norm=0.4547
step=1160 train_loss=2.2036 lr=0.000293669 grad_norm=0.4791
step=1165 train_loss=2.2062 lr=0.000293604 grad_norm=0.3777
step=1170 train_loss=2.2165 lr=0.000293538 grad_norm=0.4084
step=1175 train_loss=2.2033 lr=0.000293471 grad_norm=0.5088
step=1180 train_loss=2.2076 lr=0.000293405 grad_norm=0.4974
step=1185 train_loss=2.2009 lr=0.000293338 grad_norm=0.5055
step=1190 train_loss=2.1826 lr=0.00029327 grad_norm=0.4317
step=1195 train_loss=2.1929 lr=0.000293203 grad_norm=0.3988
step=1200 train_loss=2.2429 lr=0.000293135 grad_norm=0.4066 val_loss=2.2516
step=1205 train_loss=2.2151 lr=0.000293066 grad_norm=0.3774
step=1210 train_loss=2.1715 lr=0.000292998 grad_norm=0.4602
step=1215 train_loss=2.2464 lr=0.000292929 grad_norm=0.4665
step=1220 train_loss=2.2062 lr=0.00029286 grad_norm=0.3987
step=1225 train_loss=2.2003 lr=0.00029279 grad_norm=0.4205
step=1230 train_loss=2.2003 lr=0.00029272 grad_norm=0.4013
step=1235 train_loss=2.2071 lr=0.00029265 grad_norm=0.4413
step=1240 train_loss=2.2298 lr=0.000292579 grad_norm=0.4491
step=1245 train_loss=2.1952 lr=0.000292508 grad_norm=0.4171
step=1250 train_loss=2.1517 lr=0.000292437 grad_norm=0.4435
step=1255 train_loss=2.2136 lr=0.000292365 grad_norm=0.4793
step=1260 train_loss=2.1751 lr=0.000292294 grad_norm=0.3908
step=1265 train_loss=2.2146 lr=0.000292221 grad_norm=0.4261
step=1270 train_loss=2.1546 lr=0.000292149 grad_norm=0.4327
step=1275 train_loss=2.1589 lr=0.000292076 grad_norm=0.4073
step=1280 train_loss=2.1784 lr=0.000292003 grad_norm=0.4290
step=1285 train_loss=2.1852 lr=0.000291929 grad_norm=0.3881
step=1290 train_loss=2.1810 lr=0.000291855 grad_norm=0.4368
step=1295 train_loss=2.1583 lr=0.000291781 grad_norm=0.4137
step=1300 train_loss=2.1954 lr=0.000291707 grad_norm=0.4419 val_loss=2.1836
step=1305 train_loss=2.1431 lr=0.000291632 grad_norm=0.4895
step=1310 train_loss=2.1909 lr=0.000291556 grad_norm=0.3888
step=1315 train_loss=2.1661 lr=0.000291481 grad_norm=0.4306
step=1320 train_loss=2.1835 lr=0.000291405 grad_norm=0.4601
step=1325 train_loss=2.1356 lr=0.000291329 grad_norm=0.4105
step=1330 train_loss=2.1736 lr=0.000291253 grad_norm=0.3676
step=1335 train_loss=2.1356 lr=0.000291176 grad_norm=0.4366
step=1340 train_loss=2.1202 lr=0.000291099 grad_norm=0.4068
step=1345 train_loss=2.1637 lr=0.000291021 grad_norm=0.4108
step=1350 train_loss=2.1531 lr=0.000290943 grad_norm=0.4364
step=1355 train_loss=2.1372 lr=0.000290865 grad_norm=0.3904
step=1360 train_loss=2.1159 lr=0.000290787 grad_norm=0.4329
step=1365 train_loss=2.1302 lr=0.000290708 grad_norm=0.4418
step=1370 train_loss=2.1543 lr=0.000290629 grad_norm=0.4345
step=1375 train_loss=2.1844 lr=0.00029055 grad_norm=0.3981
step=1380 train_loss=2.1408 lr=0.00029047 grad_norm=0.4241
step=1385 train_loss=2.1846 lr=0.00029039 grad_norm=0.3830
step=1390 train_loss=2.1307 lr=0.00029031 grad_norm=0.4764
step=1395 train_loss=2.1332 lr=0.000290229 grad_norm=0.4316
step=1400 train_loss=2.1688 lr=0.000290148 grad_norm=0.4322 val_loss=2.1706
step=1405 train_loss=2.1481 lr=0.000290067 grad_norm=0.4023
step=1410 train_loss=2.1706 lr=0.000289985 grad_norm=0.4314
step=1415 train_loss=2.0995 lr=0.000289903 grad_norm=0.3845
step=1420 train_loss=2.1125 lr=0.000289821 grad_norm=0.3924
step=1425 train_loss=2.1307 lr=0.000289738 grad_norm=0.4296
step=1430 train_loss=2.1133 lr=0.000289655 grad_norm=0.4725
step=1435 train_loss=2.1226 lr=0.000289572 grad_norm=0.3933
step=1440 train_loss=2.1141 lr=0.000289489 grad_norm=0.5221
step=1445 train_loss=2.0800 lr=0.000289405 grad_norm=0.5153
step=1450 train_loss=2.1505 lr=0.00028932 grad_norm=0.4609
step=1455 train_loss=2.0934 lr=0.000289236 grad_norm=0.3919
step=1460 train_loss=2.1207 lr=0.000289151 grad_norm=0.4085
step=1465 train_loss=2.1540 lr=0.000289066 grad_norm=0.4072
step=1470 train_loss=2.1289 lr=0.00028898 grad_norm=0.3871
step=1475 train_loss=2.0901 lr=0.000288895 grad_norm=0.3935
step=1480 train_loss=2.0966 lr=0.000288809 grad_norm=0.3768
step=1485 train_loss=2.1364 lr=0.000288722 grad_norm=0.3953
step=1490 train_loss=2.1210 lr=0.000288635 grad_norm=0.4614
step=1495 train_loss=2.0891 lr=0.000288548 grad_norm=0.4122
step=1500 train_loss=2.1048 lr=0.000288461 grad_norm=0.4033 val_loss=2.0962
Saved checkpoint at step 1500
