step=5 train_loss=9.0813 lr=2e-06 grad_norm=1.1622
step=10 train_loss=9.0666 lr=4.5e-06 grad_norm=1.1505
step=15 train_loss=9.0282 lr=7e-06 grad_norm=1.1316
step=20 train_loss=8.9756 lr=9.5e-06 grad_norm=1.1389
step=25 train_loss=8.9114 lr=1.2e-05 grad_norm=1.1848
step=30 train_loss=8.8335 lr=1.45e-05 grad_norm=1.2491
step=35 train_loss=8.7322 lr=1.7e-05 grad_norm=1.3996
step=40 train_loss=8.6143 lr=1.95e-05 grad_norm=1.5655
step=45 train_loss=8.4770 lr=2.2e-05 grad_norm=1.7738
step=50 train_loss=8.3372 lr=2.45e-05 grad_norm=1.9311
step=55 train_loss=8.1811 lr=2.7e-05 grad_norm=2.0833
step=60 train_loss=8.0210 lr=2.95e-05 grad_norm=2.1947
step=65 train_loss=7.8724 lr=3.2e-05 grad_norm=2.2577
step=70 train_loss=7.7315 lr=3.45e-05 grad_norm=2.2670
step=75 train_loss=7.5883 lr=3.7e-05 grad_norm=2.2948
step=80 train_loss=7.4337 lr=3.95e-05 grad_norm=2.2952
step=85 train_loss=7.2913 lr=4.2e-05 grad_norm=2.2588
step=90 train_loss=7.1483 lr=4.45e-05 grad_norm=2.2258
step=95 train_loss=7.0003 lr=4.7e-05 grad_norm=2.1670
step=100 train_loss=6.8709 lr=4.95e-05 grad_norm=2.0746 val_loss=6.8179
step=105 train_loss=6.6920 lr=5.2e-05 grad_norm=2.0730
step=110 train_loss=6.5420 lr=5.45e-05 grad_norm=1.9894
step=115 train_loss=6.3770 lr=5.7e-05 grad_norm=1.9060
step=120 train_loss=6.2544 lr=5.95e-05 grad_norm=1.7732
step=125 train_loss=6.1056 lr=6.2e-05 grad_norm=1.6596
step=130 train_loss=5.9727 lr=6.45e-05 grad_norm=1.5340
step=135 train_loss=5.8259 lr=6.7e-05 grad_norm=1.3942
step=140 train_loss=5.6623 lr=6.95e-05 grad_norm=1.2970
step=145 train_loss=5.5515 lr=7.2e-05 grad_norm=1.0919
step=150 train_loss=5.4388 lr=7.45e-05 grad_norm=0.9606
step=155 train_loss=5.3207 lr=7.7e-05 grad_norm=0.8112
step=160 train_loss=5.2270 lr=7.95e-05 grad_norm=0.7123
step=165 train_loss=5.0960 lr=8.2e-05 grad_norm=0.6684
step=170 train_loss=5.0249 lr=8.45e-05 grad_norm=0.5723
step=175 train_loss=4.9133 lr=8.7e-05 grad_norm=0.5133
step=180 train_loss=4.8367 lr=8.95e-05 grad_norm=0.5518
step=185 train_loss=4.7531 lr=9.2e-05 grad_norm=0.4344
step=190 train_loss=4.6463 lr=9.45e-05 grad_norm=0.4603
step=195 train_loss=4.5925 lr=9.7e-05 grad_norm=0.3793
step=200 train_loss=4.5128 lr=9.95e-05 grad_norm=0.3822 val_loss=4.5322
step=205 train_loss=4.4046 lr=0.0001 grad_norm=0.4286
step=210 train_loss=4.3858 lr=9.99999e-05 grad_norm=0.3628
step=215 train_loss=4.3433 lr=9.99996e-05 grad_norm=0.3525
step=220 train_loss=4.2497 lr=9.99994e-05 grad_norm=0.3090
step=225 train_loss=4.2137 lr=9.9999e-05 grad_norm=0.3022
step=230 train_loss=4.1586 lr=9.99985e-05 grad_norm=0.2989
step=235 train_loss=4.1009 lr=9.99979e-05 grad_norm=0.2921
step=240 train_loss=4.1048 lr=9.99973e-05 grad_norm=0.3167
step=245 train_loss=4.0459 lr=9.99965e-05 grad_norm=0.3723
step=250 train_loss=3.9923 lr=9.99957e-05 grad_norm=0.3708
step=255 train_loss=3.9721 lr=9.99948e-05 grad_norm=0.4360
step=260 train_loss=3.9146 lr=9.99937e-05 grad_norm=0.3052
step=265 train_loss=3.8873 lr=9.99926e-05 grad_norm=0.3848
step=270 train_loss=3.8723 lr=9.99914e-05 grad_norm=0.4321
step=275 train_loss=3.9139 lr=9.99902e-05 grad_norm=0.4168
step=280 train_loss=3.8555 lr=9.99888e-05 grad_norm=0.4384
step=285 train_loss=3.7967 lr=9.99873e-05 grad_norm=0.3624
step=290 train_loss=3.7922 lr=9.99858e-05 grad_norm=0.4255
step=295 train_loss=3.7519 lr=9.99841e-05 grad_norm=0.4640
step=300 train_loss=3.7313 lr=9.99824e-05 grad_norm=0.4281 val_loss=3.7558
step=305 train_loss=3.7169 lr=9.99805e-05 grad_norm=0.3496
step=310 train_loss=3.6744 lr=9.99786e-05 grad_norm=0.3797
step=315 train_loss=3.6557 lr=9.99766e-05 grad_norm=0.4165
step=320 train_loss=3.6565 lr=9.99745e-05 grad_norm=0.3541
step=325 train_loss=3.6176 lr=9.99723e-05 grad_norm=0.3630
step=330 train_loss=3.5836 lr=9.99701e-05 grad_norm=0.4915
step=335 train_loss=3.5995 lr=9.99677e-05 grad_norm=0.5158
step=340 train_loss=3.6006 lr=9.99653e-05 grad_norm=0.3940
step=345 train_loss=3.5679 lr=9.99627e-05 grad_norm=0.3705
step=350 train_loss=3.5589 lr=9.99601e-05 grad_norm=0.3566
step=355 train_loss=3.5152 lr=9.99573e-05 grad_norm=0.3450
step=360 train_loss=3.5127 lr=9.99545e-05 grad_norm=0.3847
step=365 train_loss=3.5126 lr=9.99516e-05 grad_norm=0.5765
step=370 train_loss=3.4843 lr=9.99486e-05 grad_norm=0.4764
step=375 train_loss=3.4770 lr=9.99456e-05 grad_norm=0.6445
step=380 train_loss=3.4691 lr=9.99424e-05 grad_norm=0.5731
step=385 train_loss=3.4441 lr=9.99391e-05 grad_norm=0.6049
step=390 train_loss=3.4528 lr=9.99358e-05 grad_norm=0.4822
step=395 train_loss=3.4193 lr=9.99323e-05 grad_norm=0.5115
step=400 train_loss=3.4436 lr=9.99288e-05 grad_norm=0.5319 val_loss=3.4173
step=405 train_loss=3.4111 lr=9.99252e-05 grad_norm=0.4567
step=410 train_loss=3.3992 lr=9.99215e-05 grad_norm=0.4631
step=415 train_loss=3.3987 lr=9.99177e-05 grad_norm=0.4330
step=420 train_loss=3.3652 lr=9.99138e-05 grad_norm=0.5002
step=425 train_loss=3.3464 lr=9.99098e-05 grad_norm=0.5090
step=430 train_loss=3.3450 lr=9.99057e-05 grad_norm=0.5169
step=435 train_loss=3.3537 lr=9.99016e-05 grad_norm=0.3974
step=440 train_loss=3.3657 lr=9.98973e-05 grad_norm=0.5638
step=445 train_loss=3.2609 lr=9.9893e-05 grad_norm=0.4496
step=450 train_loss=3.3081 lr=9.98885e-05 grad_norm=0.6011
step=455 train_loss=3.2863 lr=9.9884e-05 grad_norm=0.5475
step=460 train_loss=3.2685 lr=9.98794e-05 grad_norm=0.3621
step=465 train_loss=3.2470 lr=9.98747e-05 grad_norm=0.5205
step=470 train_loss=3.2695 lr=9.98699e-05 grad_norm=0.3930
step=475 train_loss=3.2604 lr=9.9865e-05 grad_norm=0.5970
step=480 train_loss=3.2526 lr=9.98601e-05 grad_norm=0.5076
step=485 train_loss=3.1963 lr=9.9855e-05 grad_norm=0.4468
step=490 train_loss=3.1921 lr=9.98499e-05 grad_norm=0.5861
step=495 train_loss=3.2186 lr=9.98446e-05 grad_norm=0.4560
step=500 train_loss=3.2164 lr=9.98393e-05 grad_norm=0.5012 val_loss=3.1828
step=505 train_loss=3.2030 lr=9.98339e-05 grad_norm=0.6222
step=510 train_loss=3.1632 lr=9.98284e-05 grad_norm=0.5074
step=515 train_loss=3.1800 lr=9.98228e-05 grad_norm=0.7754
step=520 train_loss=3.1964 lr=9.98171e-05 grad_norm=0.5457
step=525 train_loss=3.1692 lr=9.98113e-05 grad_norm=0.6055
step=530 train_loss=3.1955 lr=9.98055e-05 grad_norm=0.5914
step=535 train_loss=3.1600 lr=9.97995e-05 grad_norm=0.4893
step=540 train_loss=3.1379 lr=9.97935e-05 grad_norm=0.6296
step=545 train_loss=3.1581 lr=9.97874e-05 grad_norm=0.5172
step=550 train_loss=3.1234 lr=9.97811e-05 grad_norm=0.4617
step=555 train_loss=3.1317 lr=9.97748e-05 grad_norm=0.4203
step=560 train_loss=3.0886 lr=9.97684e-05 grad_norm=0.4261
step=565 train_loss=3.1007 lr=9.97619e-05 grad_norm=0.5504
step=570 train_loss=3.1411 lr=9.97554e-05 grad_norm=0.6472
step=575 train_loss=3.1230 lr=9.97487e-05 grad_norm=0.7469
step=580 train_loss=3.0748 lr=9.97419e-05 grad_norm=0.4356
step=585 train_loss=3.1020 lr=9.97351e-05 grad_norm=0.6539
step=590 train_loss=3.0346 lr=9.97282e-05 grad_norm=0.5669
step=595 train_loss=3.0870 lr=9.97211e-05 grad_norm=0.5165
step=600 train_loss=3.0549 lr=9.9714e-05 grad_norm=0.5304 val_loss=3.0891
step=605 train_loss=3.0748 lr=9.97068e-05 grad_norm=0.6210
step=610 train_loss=3.0609 lr=9.96995e-05 grad_norm=0.4809
step=615 train_loss=3.0757 lr=9.96922e-05 grad_norm=0.4869
step=620 train_loss=3.1189 lr=9.96847e-05 grad_norm=0.5206
step=625 train_loss=3.0197 lr=9.96771e-05 grad_norm=0.5646
step=630 train_loss=3.0642 lr=9.96695e-05 grad_norm=0.6192
step=635 train_loss=3.0320 lr=9.96617e-05 grad_norm=0.6174
step=640 train_loss=3.0010 lr=9.96539e-05 grad_norm=0.4893
step=645 train_loss=3.0231 lr=9.9646e-05 grad_norm=0.5924
step=650 train_loss=3.0040 lr=9.9638e-05 grad_norm=0.6467
step=655 train_loss=2.9840 lr=9.96299e-05 grad_norm=0.6557
step=660 train_loss=3.0047 lr=9.96217e-05 grad_norm=0.7354
step=665 train_loss=3.0194 lr=9.96134e-05 grad_norm=0.7855
step=670 train_loss=3.0187 lr=9.96051e-05 grad_norm=0.6655
step=675 train_loss=3.0225 lr=9.95966e-05 grad_norm=0.6344
step=680 train_loss=3.0187 lr=9.95881e-05 grad_norm=0.6554
step=685 train_loss=2.9792 lr=9.95795e-05 grad_norm=0.6094
step=690 train_loss=3.0026 lr=9.95708e-05 grad_norm=0.6277
step=695 train_loss=3.0087 lr=9.9562e-05 grad_norm=0.6115
step=700 train_loss=2.9730 lr=9.95531e-05 grad_norm=0.6496 val_loss=2.9645
step=705 train_loss=2.9411 lr=9.95441e-05 grad_norm=0.5261
step=710 train_loss=2.9668 lr=9.9535e-05 grad_norm=0.4950
step=715 train_loss=2.9381 lr=9.95258e-05 grad_norm=0.5382
step=720 train_loss=2.9538 lr=9.95166e-05 grad_norm=0.5352
step=725 train_loss=2.9717 lr=9.95073e-05 grad_norm=0.6074
step=730 train_loss=2.9356 lr=9.94978e-05 grad_norm=0.5205
step=735 train_loss=2.9440 lr=9.94883e-05 grad_norm=0.7832
step=740 train_loss=2.9804 lr=9.94787e-05 grad_norm=0.5172
step=745 train_loss=2.8853 lr=9.9469e-05 grad_norm=0.5288
step=750 train_loss=2.9514 lr=9.94592e-05 grad_norm=0.5090
step=755 train_loss=2.9644 lr=9.94494e-05 grad_norm=0.5899
step=760 train_loss=2.9204 lr=9.94394e-05 grad_norm=0.6283
step=765 train_loss=2.9458 lr=9.94294e-05 grad_norm=0.6181
step=770 train_loss=2.9019 lr=9.94192e-05 grad_norm=0.5335
step=775 train_loss=2.9351 lr=9.9409e-05 grad_norm=0.5181
step=780 train_loss=2.9341 lr=9.93987e-05 grad_norm=0.6640
step=785 train_loss=2.9031 lr=9.93883e-05 grad_norm=0.8583
step=790 train_loss=2.9096 lr=9.93778e-05 grad_norm=0.7204
step=795 train_loss=2.9064 lr=9.93672e-05 grad_norm=0.6834
step=800 train_loss=2.8878 lr=9.93566e-05 grad_norm=0.5088 val_loss=2.9004
step=805 train_loss=2.8932 lr=9.93458e-05 grad_norm=0.6520
step=810 train_loss=2.8828 lr=9.9335e-05 grad_norm=0.4669
step=815 train_loss=2.8920 lr=9.93241e-05 grad_norm=0.5749
step=820 train_loss=2.8762 lr=9.9313e-05 grad_norm=0.5718
step=825 train_loss=2.9221 lr=9.93019e-05 grad_norm=0.5029
step=830 train_loss=2.8837 lr=9.92907e-05 grad_norm=0.6282
step=835 train_loss=2.8716 lr=9.92795e-05 grad_norm=0.9409
step=840 train_loss=2.8922 lr=9.92681e-05 grad_norm=0.6133
step=845 train_loss=2.9057 lr=9.92566e-05 grad_norm=0.6694
step=850 train_loss=2.8428 lr=9.92451e-05 grad_norm=0.6442
step=855 train_loss=2.8275 lr=9.92335e-05 grad_norm=0.8410
step=860 train_loss=2.8933 lr=9.92217e-05 grad_norm=0.5884
step=865 train_loss=2.8376 lr=9.92099e-05 grad_norm=0.6241
step=870 train_loss=2.7923 lr=9.9198e-05 grad_norm=0.5766
step=875 train_loss=2.8886 lr=9.9186e-05 grad_norm=0.7716
step=880 train_loss=2.8482 lr=9.9174e-05 grad_norm=0.5534
step=885 train_loss=2.8412 lr=9.91618e-05 grad_norm=0.6146
step=890 train_loss=2.8790 lr=9.91496e-05 grad_norm=0.5611
step=895 train_loss=2.8358 lr=9.91372e-05 grad_norm=0.6682
step=900 train_loss=2.8041 lr=9.91248e-05 grad_norm=0.5948 val_loss=2.8077
step=905 train_loss=2.8658 lr=9.91123e-05 grad_norm=0.5284
step=910 train_loss=2.8048 lr=9.90997e-05 grad_norm=0.6510
step=915 train_loss=2.8592 lr=9.9087e-05 grad_norm=0.6449
step=920 train_loss=2.7848 lr=9.90742e-05 grad_norm=0.6429
step=925 train_loss=2.8150 lr=9.90614e-05 grad_norm=0.7578
step=930 train_loss=2.7775 lr=9.90484e-05 grad_norm=0.6475
step=935 train_loss=2.8210 lr=9.90354e-05 grad_norm=0.6830
step=940 train_loss=2.8029 lr=9.90222e-05 grad_norm=0.5122
step=945 train_loss=2.7822 lr=9.9009e-05 grad_norm=0.5559
step=950 train_loss=2.8097 lr=9.89957e-05 grad_norm=0.6854
step=955 train_loss=2.8046 lr=9.89823e-05 grad_norm=0.5066
step=960 train_loss=2.7711 lr=9.89689e-05 grad_norm=0.5686
step=965 train_loss=2.8278 lr=9.89553e-05 grad_norm=0.5868
step=970 train_loss=2.7694 lr=9.89417e-05 grad_norm=0.6753
step=975 train_loss=2.8379 lr=9.89279e-05 grad_norm=0.7432
step=980 train_loss=2.7854 lr=9.89141e-05 grad_norm=0.5377
step=985 train_loss=2.7187 lr=9.89002e-05 grad_norm=0.5721
step=990 train_loss=2.7898 lr=9.88862e-05 grad_norm=0.6622
step=995 train_loss=2.7598 lr=9.88721e-05 grad_norm=0.6264
step=1000 train_loss=2.7749 lr=9.88579e-05 grad_norm=0.7315 val_loss=2.8167
step=1005 train_loss=2.7804 lr=9.88437e-05 grad_norm=0.6317
step=1010 train_loss=2.7810 lr=9.88293e-05 grad_norm=0.5880
step=1015 train_loss=2.7266 lr=9.88149e-05 grad_norm=0.6151
step=1020 train_loss=2.7274 lr=9.88004e-05 grad_norm=0.6091
step=1025 train_loss=2.7078 lr=9.87858e-05 grad_norm=1.0645
step=1030 train_loss=2.7747 lr=9.87711e-05 grad_norm=0.6733
step=1035 train_loss=2.7483 lr=9.87563e-05 grad_norm=0.7398
step=1040 train_loss=2.7285 lr=9.87414e-05 grad_norm=0.6686
step=1045 train_loss=2.7356 lr=9.87265e-05 grad_norm=0.5802
step=1050 train_loss=2.7752 lr=9.87114e-05 grad_norm=0.6071
step=1055 train_loss=2.7336 lr=9.86963e-05 grad_norm=0.5801
step=1060 train_loss=2.7820 lr=9.86811e-05 grad_norm=1.0201
step=1065 train_loss=2.7636 lr=9.86658e-05 grad_norm=0.8069
step=1070 train_loss=2.7423 lr=9.86504e-05 grad_norm=0.6210
step=1075 train_loss=2.7434 lr=9.86349e-05 grad_norm=0.7184
step=1080 train_loss=2.7482 lr=9.86194e-05 grad_norm=0.7484
step=1085 train_loss=2.7456 lr=9.86037e-05 grad_norm=0.7169
step=1090 train_loss=2.7216 lr=9.8588e-05 grad_norm=0.5971
step=1095 train_loss=2.6648 lr=9.85722e-05 grad_norm=0.6395
step=1100 train_loss=2.7402 lr=9.85563e-05 grad_norm=0.7525 val_loss=2.6416
step=1105 train_loss=2.7615 lr=9.85403e-05 grad_norm=0.8565
step=1110 train_loss=2.6969 lr=9.85242e-05 grad_norm=0.6084
step=1115 train_loss=2.6545 lr=9.8508e-05 grad_norm=0.8243
step=1120 train_loss=2.7003 lr=9.84918e-05 grad_norm=0.7157
step=1125 train_loss=2.7018 lr=9.84755e-05 grad_norm=0.8957
step=1130 train_loss=2.7254 lr=9.8459e-05 grad_norm=0.5437
step=1135 train_loss=2.6630 lr=9.84425e-05 grad_norm=0.5303
step=1140 train_loss=2.7068 lr=9.84259e-05 grad_norm=0.6658
step=1145 train_loss=2.7202 lr=9.84093e-05 grad_norm=0.7169
step=1150 train_loss=2.7088 lr=9.83925e-05 grad_norm=0.5757
step=1155 train_loss=2.6854 lr=9.83756e-05 grad_norm=0.7274
step=1160 train_loss=2.6779 lr=9.83587e-05 grad_norm=0.4852
step=1165 train_loss=2.6886 lr=9.83417e-05 grad_norm=0.8268
step=1170 train_loss=2.6926 lr=9.83246e-05 grad_norm=0.5794
step=1175 train_loss=2.6919 lr=9.83074e-05 grad_norm=0.7446
step=1180 train_loss=2.6785 lr=9.82901e-05 grad_norm=0.5626
step=1185 train_loss=2.6771 lr=9.82727e-05 grad_norm=0.5896
step=1190 train_loss=2.6635 lr=9.82553e-05 grad_norm=0.6233
step=1195 train_loss=2.6733 lr=9.82377e-05 grad_norm=0.6988
step=1200 train_loss=2.7217 lr=9.82201e-05 grad_norm=0.5643 val_loss=2.7311
step=1205 train_loss=2.6991 lr=9.82024e-05 grad_norm=0.8043
step=1210 train_loss=2.6414 lr=9.81846e-05 grad_norm=0.6781
step=1215 train_loss=2.7187 lr=9.81667e-05 grad_norm=0.6379
step=1220 train_loss=2.6859 lr=9.81488e-05 grad_norm=0.5926
step=1225 train_loss=2.6741 lr=9.81307e-05 grad_norm=0.5290
step=1230 train_loss=2.6683 lr=9.81126e-05 grad_norm=0.5822
step=1235 train_loss=2.6774 lr=9.80944e-05 grad_norm=0.6229
step=1240 train_loss=2.6987 lr=9.80761e-05 grad_norm=0.7255
step=1245 train_loss=2.6753 lr=9.80577e-05 grad_norm=0.7043
step=1250 train_loss=2.6250 lr=9.80392e-05 grad_norm=0.6177
step=1255 train_loss=2.6905 lr=9.80207e-05 grad_norm=0.7652
step=1260 train_loss=2.6547 lr=9.8002e-05 grad_norm=0.6901
step=1265 train_loss=2.6927 lr=9.79833e-05 grad_norm=0.5343
step=1270 train_loss=2.6286 lr=9.79645e-05 grad_norm=0.7138
step=1275 train_loss=2.6364 lr=9.79456e-05 grad_norm=0.9651
step=1280 train_loss=2.6668 lr=9.79266e-05 grad_norm=0.8969
step=1285 train_loss=2.6574 lr=9.79075e-05 grad_norm=0.8221
step=1290 train_loss=2.6506 lr=9.78884e-05 grad_norm=0.7623
step=1295 train_loss=2.6385 lr=9.78692e-05 grad_norm=0.6512
step=1300 train_loss=2.6678 lr=9.78498e-05 grad_norm=0.7595 val_loss=2.6561
step=1305 train_loss=2.6063 lr=9.78304e-05 grad_norm=0.6509
step=1310 train_loss=2.6588 lr=9.78109e-05 grad_norm=0.5788
step=1315 train_loss=2.6375 lr=9.77914e-05 grad_norm=0.6033
step=1320 train_loss=2.6486 lr=9.77717e-05 grad_norm=0.8122
step=1325 train_loss=2.6030 lr=9.7752e-05 grad_norm=0.7063
step=1330 train_loss=2.6451 lr=9.77321e-05 grad_norm=0.5255
step=1335 train_loss=2.6099 lr=9.77122e-05 grad_norm=0.6773
step=1340 train_loss=2.5804 lr=9.76922e-05 grad_norm=0.6378
step=1345 train_loss=2.6239 lr=9.76722e-05 grad_norm=0.6301
step=1350 train_loss=2.6116 lr=9.7652e-05 grad_norm=0.7487
step=1355 train_loss=2.5976 lr=9.76318e-05 grad_norm=0.9297
step=1360 train_loss=2.5708 lr=9.76114e-05 grad_norm=0.7898
step=1365 train_loss=2.6001 lr=9.7591e-05 grad_norm=0.9232
step=1370 train_loss=2.6228 lr=9.75705e-05 grad_norm=0.6930
step=1375 train_loss=2.6546 lr=9.75499e-05 grad_norm=0.7320
step=1380 train_loss=2.6120 lr=9.75293e-05 grad_norm=0.5460
step=1385 train_loss=2.6383 lr=9.75085e-05 grad_norm=0.4928
step=1390 train_loss=2.5989 lr=9.74877e-05 grad_norm=0.6881
step=1395 train_loss=2.5946 lr=9.74668e-05 grad_norm=0.6510
step=1400 train_loss=2.6389 lr=9.74458e-05 grad_norm=0.8651 val_loss=2.6339
step=1405 train_loss=2.6130 lr=9.74247e-05 grad_norm=0.6261
step=1410 train_loss=2.6334 lr=9.74035e-05 grad_norm=0.6978
step=1415 train_loss=2.5611 lr=9.73823e-05 grad_norm=0.6410
step=1420 train_loss=2.5758 lr=9.7361e-05 grad_norm=0.7000
step=1425 train_loss=2.5870 lr=9.73395e-05 grad_norm=0.6722
step=1430 train_loss=2.5626 lr=9.7318e-05 grad_norm=0.5850
step=1435 train_loss=2.5889 lr=9.72965e-05 grad_norm=0.7303
step=1440 train_loss=2.5685 lr=9.72748e-05 grad_norm=0.7638
step=1445 train_loss=2.5420 lr=9.72531e-05 grad_norm=0.5877
step=1450 train_loss=2.6194 lr=9.72312e-05 grad_norm=0.6184
step=1455 train_loss=2.5454 lr=9.72093e-05 grad_norm=0.4963
step=1460 train_loss=2.5829 lr=9.71873e-05 grad_norm=0.6459
step=1465 train_loss=2.6056 lr=9.71652e-05 grad_norm=0.7066
step=1470 train_loss=2.5804 lr=9.71431e-05 grad_norm=0.5167
step=1475 train_loss=2.5457 lr=9.71208e-05 grad_norm=0.7423
step=1480 train_loss=2.5562 lr=9.70985e-05 grad_norm=0.7079
step=1485 train_loss=2.6030 lr=9.70761e-05 grad_norm=0.7010
step=1490 train_loss=2.5767 lr=9.70536e-05 grad_norm=0.8211
step=1495 train_loss=2.5405 lr=9.7031e-05 grad_norm=0.6251
step=1500 train_loss=2.5530 lr=9.70084e-05 grad_norm=0.6128 val_loss=2.5505
Saved checkpoint at step 1500
