step=5 train_loss=9.0526 lr=1e-05 grad_norm=1.1511
step=10 train_loss=8.9549 lr=2.25e-05 grad_norm=1.1888
step=15 train_loss=8.7943 lr=3.5e-05 grad_norm=1.3228
step=20 train_loss=8.5629 lr=4.75e-05 grad_norm=1.6307
step=25 train_loss=8.2649 lr=6e-05 grad_norm=2.0214
step=30 train_loss=7.9622 lr=7.25e-05 grad_norm=2.2099
step=35 train_loss=7.6549 lr=8.5e-05 grad_norm=2.3175
step=40 train_loss=7.3541 lr=9.75e-05 grad_norm=2.2821
step=45 train_loss=7.0385 lr=0.00011 grad_norm=2.1932
step=50 train_loss=6.7203 lr=0.0001225 grad_norm=2.0441
step=55 train_loss=6.4060 lr=0.000135 grad_norm=1.8475
step=60 train_loss=6.0827 lr=0.0001475 grad_norm=1.6114
step=65 train_loss=5.8040 lr=0.00016 grad_norm=1.3065
step=70 train_loss=5.5711 lr=0.0001725 grad_norm=0.9539
step=75 train_loss=5.3422 lr=0.000185 grad_norm=0.7125
step=80 train_loss=5.1101 lr=0.0001975 grad_norm=0.5291
step=85 train_loss=4.9236 lr=0.00021 grad_norm=0.4099
step=90 train_loss=4.7554 lr=0.0002225 grad_norm=0.3605
step=95 train_loss=4.6189 lr=0.000235 grad_norm=0.5264
step=100 train_loss=4.5010 lr=0.0002475 grad_norm=0.3091 val_loss=4.4652
step=105 train_loss=4.3537 lr=0.00026 grad_norm=0.2871
step=110 train_loss=4.2236 lr=0.0002725 grad_norm=0.3437
step=115 train_loss=4.0924 lr=0.000285 grad_norm=0.2491
step=120 train_loss=4.0567 lr=0.0002975 grad_norm=0.5434
step=125 train_loss=3.9729 lr=0.00031 grad_norm=0.3951
step=130 train_loss=3.9112 lr=0.0003225 grad_norm=0.2935
step=135 train_loss=3.8319 lr=0.000335 grad_norm=0.3987
step=140 train_loss=3.7273 lr=0.0003475 grad_norm=0.5136
step=145 train_loss=3.6881 lr=0.00036 grad_norm=0.4145
step=150 train_loss=3.6595 lr=0.0003725 grad_norm=0.4655
step=155 train_loss=3.6041 lr=0.000385 grad_norm=0.4650
step=160 train_loss=3.5623 lr=0.0003975 grad_norm=0.4280
step=165 train_loss=3.5003 lr=0.00041 grad_norm=0.4780
step=170 train_loss=3.4822 lr=0.0004225 grad_norm=0.4675
step=175 train_loss=3.4286 lr=0.000435 grad_norm=0.5168
step=180 train_loss=3.3960 lr=0.0004475 grad_norm=0.4531
step=185 train_loss=3.3617 lr=0.00046 grad_norm=0.4522
step=190 train_loss=3.3006 lr=0.0004725 grad_norm=0.3615
step=195 train_loss=3.2923 lr=0.000485 grad_norm=0.5040
step=200 train_loss=3.2439 lr=0.0004975 grad_norm=0.4749 val_loss=3.2955
step=205 train_loss=3.1691 lr=0.0005 grad_norm=0.4116
step=210 train_loss=3.1774 lr=0.000499999 grad_norm=0.3928
step=215 train_loss=3.1831 lr=0.000499998 grad_norm=0.4320
step=220 train_loss=3.0982 lr=0.000499996 grad_norm=0.3871
step=225 train_loss=3.0812 lr=0.000499993 grad_norm=0.5067
step=230 train_loss=3.0757 lr=0.00049999 grad_norm=0.3146
step=235 train_loss=3.0329 lr=0.000499986 grad_norm=0.4240
step=240 train_loss=3.0726 lr=0.000499982 grad_norm=0.6407
step=245 train_loss=3.0139 lr=0.000499977 grad_norm=0.3802
step=250 train_loss=2.9795 lr=0.000499971 grad_norm=0.3737
step=255 train_loss=2.9733 lr=0.000499965 grad_norm=0.5073
step=260 train_loss=2.9318 lr=0.000499958 grad_norm=0.4590
step=265 train_loss=2.9414 lr=0.000499951 grad_norm=0.4673
step=270 train_loss=2.9160 lr=0.000499943 grad_norm=0.3858
step=275 train_loss=2.9785 lr=0.000499934 grad_norm=0.5393
step=280 train_loss=2.9379 lr=0.000499925 grad_norm=0.5779
step=285 train_loss=2.8798 lr=0.000499915 grad_norm=0.5476
step=290 train_loss=2.8920 lr=0.000499904 grad_norm=0.4894
step=295 train_loss=2.8560 lr=0.000499893 grad_norm=0.4295
step=300 train_loss=2.8671 lr=0.000499882 grad_norm=0.4655 val_loss=2.8832
step=305 train_loss=2.8355 lr=0.000499869 grad_norm=0.4322
step=310 train_loss=2.8073 lr=0.000499857 grad_norm=0.4428
step=315 train_loss=2.7923 lr=0.000499843 grad_norm=0.3551
step=320 train_loss=2.8108 lr=0.000499829 grad_norm=0.4982
step=325 train_loss=2.7658 lr=0.000499814 grad_norm=0.4013
step=330 train_loss=2.7478 lr=0.000499799 grad_norm=0.4811
step=335 train_loss=2.7688 lr=0.000499783 grad_norm=0.4477
step=340 train_loss=2.7805 lr=0.000499767 grad_norm=0.3759
step=345 train_loss=2.7552 lr=0.00049975 grad_norm=0.5025
step=350 train_loss=2.7393 lr=0.000499732 grad_norm=0.3975
step=355 train_loss=2.6913 lr=0.000499714 grad_norm=0.3813
step=360 train_loss=2.7209 lr=0.000499695 grad_norm=0.3721
step=365 train_loss=2.7069 lr=0.000499675 grad_norm=0.3446
step=370 train_loss=2.6802 lr=0.000499655 grad_norm=0.3813
step=375 train_loss=2.6850 lr=0.000499634 grad_norm=0.4359
step=380 train_loss=2.6851 lr=0.000499613 grad_norm=0.5529
step=385 train_loss=2.6501 lr=0.000499591 grad_norm=0.3915
step=390 train_loss=2.6750 lr=0.000499569 grad_norm=0.3542
step=395 train_loss=2.6513 lr=0.000499546 grad_norm=0.5110
step=400 train_loss=2.6616 lr=0.000499522 grad_norm=0.5379 val_loss=2.6345
step=405 train_loss=2.6471 lr=0.000499498 grad_norm=0.3639
step=410 train_loss=2.6294 lr=0.000499473 grad_norm=0.4074
step=415 train_loss=2.6198 lr=0.000499447 grad_norm=0.3907
step=420 train_loss=2.5973 lr=0.000499421 grad_norm=0.3762
step=425 train_loss=2.5788 lr=0.000499394 grad_norm=0.3947
step=430 train_loss=2.5945 lr=0.000499367 grad_norm=0.4582
step=435 train_loss=2.6016 lr=0.000499339 grad_norm=0.4751
step=440 train_loss=2.5974 lr=0.00049931 grad_norm=0.3799
step=445 train_loss=2.5109 lr=0.000499281 grad_norm=0.3691
step=450 train_loss=2.5571 lr=0.000499252 grad_norm=0.4102
step=455 train_loss=2.5395 lr=0.000499221 grad_norm=0.3751
step=460 train_loss=2.5302 lr=0.00049919 grad_norm=0.5342
step=465 train_loss=2.4984 lr=0.000499159 grad_norm=0.3746
step=470 train_loss=2.5342 lr=0.000499127 grad_norm=0.4011
step=475 train_loss=2.5281 lr=0.000499094 grad_norm=0.3525
step=480 train_loss=2.5093 lr=0.000499061 grad_norm=0.3837
step=485 train_loss=2.4692 lr=0.000499027 grad_norm=0.3915
step=490 train_loss=2.4593 lr=0.000498992 grad_norm=0.4235
step=495 train_loss=2.4800 lr=0.000498957 grad_norm=0.5760
step=500 train_loss=2.4941 lr=0.000498921 grad_norm=0.4086 val_loss=2.4360
step=505 train_loss=2.4690 lr=0.000498885 grad_norm=0.3805
step=510 train_loss=2.4480 lr=0.000498848 grad_norm=0.4280
step=515 train_loss=2.4645 lr=0.00049881 grad_norm=0.4389
step=520 train_loss=2.4698 lr=0.000498772 grad_norm=0.3945
step=525 train_loss=2.4435 lr=0.000498733 grad_norm=0.3691
step=530 train_loss=2.4738 lr=0.000498694 grad_norm=0.3822
step=535 train_loss=2.4387 lr=0.000498654 grad_norm=0.3631
step=540 train_loss=2.4248 lr=0.000498613 grad_norm=0.4378
step=545 train_loss=2.4410 lr=0.000498572 grad_norm=0.3857
step=550 train_loss=2.4106 lr=0.00049853 grad_norm=0.3527
step=555 train_loss=2.4180 lr=0.000498488 grad_norm=0.3980
step=560 train_loss=2.3871 lr=0.000498445 grad_norm=0.3896
step=565 train_loss=2.3919 lr=0.000498402 grad_norm=0.3600
step=570 train_loss=2.4271 lr=0.000498357 grad_norm=0.3754
step=575 train_loss=2.3924 lr=0.000498313 grad_norm=0.3839
step=580 train_loss=2.3717 lr=0.000498267 grad_norm=0.5291
step=585 train_loss=2.3858 lr=0.000498221 grad_norm=0.3718
step=590 train_loss=2.3292 lr=0.000498175 grad_norm=0.3973
step=595 train_loss=2.3889 lr=0.000498128 grad_norm=0.4031
step=600 train_loss=2.3407 lr=0.00049808 grad_norm=0.3686 val_loss=2.3975
step=605 train_loss=2.3636 lr=0.000498032 grad_norm=0.3827
step=610 train_loss=2.3614 lr=0.000497983 grad_norm=0.4589
step=615 train_loss=2.3685 lr=0.000497933 grad_norm=0.4388
step=620 train_loss=2.4159 lr=0.000497883 grad_norm=0.3808
step=625 train_loss=2.3079 lr=0.000497832 grad_norm=0.3638
step=630 train_loss=2.3630 lr=0.000497781 grad_norm=0.3889
step=635 train_loss=2.3152 lr=0.000497729 grad_norm=0.3882
step=640 train_loss=2.3077 lr=0.000497676 grad_norm=0.3351
step=645 train_loss=2.3252 lr=0.000497623 grad_norm=0.3662
step=650 train_loss=2.3222 lr=0.000497569 grad_norm=0.3916
step=655 train_loss=2.2865 lr=0.000497515 grad_norm=0.3550
step=660 train_loss=2.3130 lr=0.00049746 grad_norm=0.4044
step=665 train_loss=2.3236 lr=0.000497405 grad_norm=0.4093
step=670 train_loss=2.3238 lr=0.000497348 grad_norm=0.3922
step=675 train_loss=2.3143 lr=0.000497292 grad_norm=0.3634
step=680 train_loss=2.3189 lr=0.000497234 grad_norm=0.3946
step=685 train_loss=2.2809 lr=0.000497176 grad_norm=0.4495
step=690 train_loss=2.3117 lr=0.000497118 grad_norm=0.3713
step=695 train_loss=2.3159 lr=0.000497059 grad_norm=0.3629
step=700 train_loss=2.2769 lr=0.000496999 grad_norm=0.3521 val_loss=2.2765
step=705 train_loss=2.2420 lr=0.000496939 grad_norm=0.3572
step=710 train_loss=2.2801 lr=0.000496878 grad_norm=0.4153
step=715 train_loss=2.2509 lr=0.000496816 grad_norm=0.3622
step=720 train_loss=2.2692 lr=0.000496754 grad_norm=0.3636
step=725 train_loss=2.2841 lr=0.000496692 grad_norm=0.3322
step=730 train_loss=2.2371 lr=0.000496628 grad_norm=0.4394
step=735 train_loss=2.2546 lr=0.000496564 grad_norm=0.3752
step=740 train_loss=2.2974 lr=0.0004965 grad_norm=0.3580
step=745 train_loss=2.1930 lr=0.000496435 grad_norm=0.3807
step=750 train_loss=2.2505 lr=0.000496369 grad_norm=0.3871
step=755 train_loss=2.2625 lr=0.000496303 grad_norm=0.3877
step=760 train_loss=2.2366 lr=0.000496236 grad_norm=0.3603
step=765 train_loss=2.2553 lr=0.000496169 grad_norm=0.3831
step=770 train_loss=2.2168 lr=0.000496101 grad_norm=0.3036
step=775 train_loss=2.2552 lr=0.000496032 grad_norm=0.3581
step=780 train_loss=2.2425 lr=0.000495963 grad_norm=0.4059
step=785 train_loss=2.2153 lr=0.000495893 grad_norm=0.3602
step=790 train_loss=2.2209 lr=0.000495823 grad_norm=0.3751
step=795 train_loss=2.2145 lr=0.000495752 grad_norm=0.3530
step=800 train_loss=2.2164 lr=0.00049568 grad_norm=0.4257 val_loss=2.2122
step=805 train_loss=2.2115 lr=0.000495608 grad_norm=0.3722
step=810 train_loss=2.2104 lr=0.000495535 grad_norm=0.3726
step=815 train_loss=2.2165 lr=0.000495462 grad_norm=0.3529
step=820 train_loss=2.1932 lr=0.000495388 grad_norm=0.3593
step=825 train_loss=2.2365 lr=0.000495313 grad_norm=0.3355
step=830 train_loss=2.2136 lr=0.000495238 grad_norm=0.3383
step=835 train_loss=2.1811 lr=0.000495162 grad_norm=0.4122
step=840 train_loss=2.2099 lr=0.000495086 grad_norm=0.3364
step=845 train_loss=2.2247 lr=0.000495009 grad_norm=0.3495
step=850 train_loss=2.1557 lr=0.000494931 grad_norm=0.3476
step=855 train_loss=2.1555 lr=0.000494853 grad_norm=0.3767
step=860 train_loss=2.2250 lr=0.000494774 grad_norm=0.4123
step=865 train_loss=2.1734 lr=0.000494695 grad_norm=0.3397
step=870 train_loss=2.1141 lr=0.000494615 grad_norm=0.3177
step=875 train_loss=2.2120 lr=0.000494535 grad_norm=0.3642
step=880 train_loss=2.1798 lr=0.000494454 grad_norm=0.4139
step=885 train_loss=2.1753 lr=0.000494372 grad_norm=0.4177
step=890 train_loss=2.2276 lr=0.00049429 grad_norm=0.4417
step=895 train_loss=2.1654 lr=0.000494207 grad_norm=0.3878
step=900 train_loss=2.1331 lr=0.000494124 grad_norm=0.3778 val_loss=2.1422
step=905 train_loss=2.1926 lr=0.00049404 grad_norm=0.3170
step=910 train_loss=2.1428 lr=0.000493955 grad_norm=0.3575
step=915 train_loss=2.1963 lr=0.00049387 grad_norm=0.3316
step=920 train_loss=2.1080 lr=0.000493784 grad_norm=0.3606
step=925 train_loss=2.1397 lr=0.000493698 grad_norm=0.3351
step=930 train_loss=2.1084 lr=0.000493611 grad_norm=0.3564
step=935 train_loss=2.1612 lr=0.000493523 grad_norm=0.3603
step=940 train_loss=2.1413 lr=0.000493435 grad_norm=0.3508
step=945 train_loss=2.1051 lr=0.000493346 grad_norm=0.3815
step=950 train_loss=2.1478 lr=0.000493257 grad_norm=0.3874
step=955 train_loss=2.1360 lr=0.000493167 grad_norm=0.3487
step=960 train_loss=2.0973 lr=0.000493077 grad_norm=0.3474
step=965 train_loss=2.1603 lr=0.000492986 grad_norm=0.3404
step=970 train_loss=2.1098 lr=0.000492894 grad_norm=0.3314
step=975 train_loss=2.1578 lr=0.000492802 grad_norm=0.4169
step=980 train_loss=2.1236 lr=0.000492709 grad_norm=0.3333
step=985 train_loss=2.0656 lr=0.000492616 grad_norm=0.3477
step=990 train_loss=2.1489 lr=0.000492522 grad_norm=0.3447
step=995 train_loss=2.1006 lr=0.000492427 grad_norm=0.3531
step=1000 train_loss=2.1345 lr=0.000492332 grad_norm=0.3374 val_loss=2.1609
step=1005 train_loss=2.1266 lr=0.000492236 grad_norm=0.3413
step=1010 train_loss=2.1204 lr=0.00049214 grad_norm=0.3332
step=1015 train_loss=2.0701 lr=0.000492043 grad_norm=0.3304
step=1020 train_loss=2.0666 lr=0.000491945 grad_norm=0.3347
step=1025 train_loss=2.0512 lr=0.000491847 grad_norm=0.3579
step=1030 train_loss=2.1270 lr=0.000491749 grad_norm=0.3465
step=1035 train_loss=2.0931 lr=0.000491649 grad_norm=0.3473
step=1040 train_loss=2.0826 lr=0.00049155 grad_norm=0.3459
step=1045 train_loss=2.0878 lr=0.000491449 grad_norm=0.3546
step=1050 train_loss=2.1315 lr=0.000491348 grad_norm=0.3242
step=1055 train_loss=2.0901 lr=0.000491247 grad_norm=0.3601
step=1060 train_loss=2.1262 lr=0.000491144 grad_norm=0.3833
step=1065 train_loss=2.1147 lr=0.000491042 grad_norm=0.3388
step=1070 train_loss=2.1022 lr=0.000490938 grad_norm=0.3418
step=1075 train_loss=2.1195 lr=0.000490835 grad_norm=0.3368
step=1080 train_loss=2.0932 lr=0.00049073 grad_norm=0.3542
step=1085 train_loss=2.0866 lr=0.000490625 grad_norm=0.3250
step=1090 train_loss=2.0685 lr=0.000490519 grad_norm=0.3052
step=1095 train_loss=2.0244 lr=0.000490413 grad_norm=0.3360
step=1100 train_loss=2.1084 lr=0.000490306 grad_norm=0.3589 val_loss=2.0074
step=1105 train_loss=2.1257 lr=0.000490199 grad_norm=0.4554
step=1110 train_loss=2.0568 lr=0.000490091 grad_norm=0.3652
step=1115 train_loss=2.0181 lr=0.000489983 grad_norm=0.3149
step=1120 train_loss=2.0478 lr=0.000489873 grad_norm=0.3087
step=1125 train_loss=2.0625 lr=0.000489764 grad_norm=0.3506
step=1130 train_loss=2.0871 lr=0.000489654 grad_norm=0.3362
step=1135 train_loss=2.0217 lr=0.000489543 grad_norm=0.3189
step=1140 train_loss=2.0701 lr=0.000489431 grad_norm=0.3357
step=1145 train_loss=2.0818 lr=0.000489319 grad_norm=0.3240
step=1150 train_loss=2.0784 lr=0.000489207 grad_norm=0.3472
step=1155 train_loss=2.0451 lr=0.000489094 grad_norm=0.3398
step=1160 train_loss=2.0461 lr=0.00048898 grad_norm=0.3367
step=1165 train_loss=2.0534 lr=0.000488866 grad_norm=0.3508
step=1170 train_loss=2.0624 lr=0.000488751 grad_norm=0.3411
step=1175 train_loss=2.0483 lr=0.000488635 grad_norm=0.3720
step=1180 train_loss=2.0550 lr=0.000488519 grad_norm=0.3473
step=1185 train_loss=2.0489 lr=0.000488403 grad_norm=0.3513
step=1190 train_loss=2.0330 lr=0.000488285 grad_norm=0.3332
step=1195 train_loss=2.0375 lr=0.000488168 grad_norm=0.3168
step=1200 train_loss=2.0871 lr=0.000488049 grad_norm=0.3329 val_loss=2.1050
step=1205 train_loss=2.0597 lr=0.000487931 grad_norm=0.3143
step=1210 train_loss=2.0228 lr=0.000487811 grad_norm=0.3233
step=1215 train_loss=2.0978 lr=0.000487691 grad_norm=0.3297
step=1220 train_loss=2.0562 lr=0.00048757 grad_norm=0.3223
step=1225 train_loss=2.0526 lr=0.000487449 grad_norm=0.3542
step=1230 train_loss=2.0490 lr=0.000487327 grad_norm=0.3372
step=1235 train_loss=2.0525 lr=0.000487205 grad_norm=0.3168
step=1240 train_loss=2.0850 lr=0.000487082 grad_norm=0.3263
step=1245 train_loss=2.0423 lr=0.000486959 grad_norm=0.3213
step=1250 train_loss=2.0124 lr=0.000486835 grad_norm=0.4210
step=1255 train_loss=2.0629 lr=0.00048671 grad_norm=0.3029
step=1260 train_loss=2.0293 lr=0.000486585 grad_norm=0.3346
step=1265 train_loss=2.0647 lr=0.000486459 grad_norm=0.3564
step=1270 train_loss=2.0148 lr=0.000486333 grad_norm=0.3302
step=1275 train_loss=2.0170 lr=0.000486206 grad_norm=0.3267
step=1280 train_loss=2.0306 lr=0.000486079 grad_norm=0.3245
step=1285 train_loss=2.0467 lr=0.000485951 grad_norm=0.3183
step=1290 train_loss=2.0344 lr=0.000485822 grad_norm=0.3119
step=1295 train_loss=2.0133 lr=0.000485693 grad_norm=0.3175
step=1300 train_loss=2.0415 lr=0.000485563 grad_norm=0.3022 val_loss=2.0354
step=1305 train_loss=1.9978 lr=0.000485433 grad_norm=0.3103
step=1310 train_loss=2.0496 lr=0.000485302 grad_norm=0.3101
step=1315 train_loss=2.0206 lr=0.000485171 grad_norm=0.3243
step=1320 train_loss=2.0408 lr=0.000485039 grad_norm=0.3344
step=1325 train_loss=1.9920 lr=0.000484906 grad_norm=0.2979
step=1330 train_loss=2.0361 lr=0.000484773 grad_norm=0.3229
step=1335 train_loss=1.9973 lr=0.000484639 grad_norm=0.3431
step=1340 train_loss=1.9803 lr=0.000484505 grad_norm=0.3440
step=1345 train_loss=2.0253 lr=0.00048437 grad_norm=0.3334
step=1350 train_loss=2.0185 lr=0.000484235 grad_norm=0.3796
step=1355 train_loss=1.9954 lr=0.000484099 grad_norm=0.3426
step=1360 train_loss=1.9740 lr=0.000483962 grad_norm=0.3343
step=1365 train_loss=1.9873 lr=0.000483825 grad_norm=0.3488
step=1370 train_loss=2.0102 lr=0.000483688 grad_norm=0.3202
step=1375 train_loss=2.0409 lr=0.00048355 grad_norm=0.3219
step=1380 train_loss=1.9922 lr=0.000483411 grad_norm=0.3169
step=1385 train_loss=2.0384 lr=0.000483272 grad_norm=0.3076
step=1390 train_loss=1.9924 lr=0.000483132 grad_norm=0.3351
step=1395 train_loss=1.9958 lr=0.000482991 grad_norm=0.3441
step=1400 train_loss=2.0248 lr=0.00048285 grad_norm=0.3339 val_loss=2.0372
step=1405 train_loss=2.0096 lr=0.000482709 grad_norm=0.2963
step=1410 train_loss=2.0379 lr=0.000482567 grad_norm=0.3044
step=1415 train_loss=1.9624 lr=0.000482424 grad_norm=0.3253
step=1420 train_loss=1.9813 lr=0.000482281 grad_norm=0.3262
step=1425 train_loss=1.9954 lr=0.000482137 grad_norm=0.3187
step=1430 train_loss=1.9765 lr=0.000481993 grad_norm=0.3063
step=1435 train_loss=1.9866 lr=0.000481848 grad_norm=0.3682
step=1440 train_loss=1.9771 lr=0.000481702 grad_norm=0.3088
step=1445 train_loss=1.9471 lr=0.000481556 grad_norm=0.3292
step=1450 train_loss=2.0162 lr=0.00048141 grad_norm=0.3371
step=1455 train_loss=1.9657 lr=0.000481263 grad_norm=0.3011
step=1460 train_loss=1.9886 lr=0.000481115 grad_norm=0.3198
step=1465 train_loss=2.0210 lr=0.000480967 grad_norm=0.3247
step=1470 train_loss=1.9972 lr=0.000480818 grad_norm=0.3114
step=1475 train_loss=1.9607 lr=0.000480668 grad_norm=0.3255
step=1480 train_loss=1.9671 lr=0.000480519 grad_norm=0.3787
step=1485 train_loss=2.0039 lr=0.000480368 grad_norm=0.3359
step=1490 train_loss=1.9952 lr=0.000480217 grad_norm=0.3462
step=1495 train_loss=1.9578 lr=0.000480066 grad_norm=0.3135
step=1500 train_loss=1.9709 lr=0.000479913 grad_norm=0.3158 val_loss=1.9586
Saved checkpoint at step 1500
