step=5 train_loss=9.0735 lr=6e-06 grad_norm=1.2600
step=10 train_loss=9.0122 lr=1.35e-05 grad_norm=1.2784
step=15 train_loss=8.9013 lr=2.1e-05 grad_norm=1.3277
step=20 train_loss=8.7461 lr=2.85e-05 grad_norm=1.4909
step=25 train_loss=8.5368 lr=3.6e-05 grad_norm=1.7596
step=30 train_loss=8.3111 lr=4.35e-05 grad_norm=1.9944
step=35 train_loss=8.0518 lr=5.1e-05 grad_norm=2.2054
step=40 train_loss=7.8033 lr=5.85e-05 grad_norm=2.2828
step=45 train_loss=7.5559 lr=6.6e-05 grad_norm=2.2896
step=50 train_loss=7.3166 lr=7.35e-05 grad_norm=2.2230
step=55 train_loss=7.0622 lr=8.1e-05 grad_norm=2.1375
step=60 train_loss=6.7967 lr=8.85e-05 grad_norm=2.0342
step=65 train_loss=6.5546 lr=9.6e-05 grad_norm=1.8882
step=70 train_loss=6.3263 lr=0.0001035 grad_norm=1.6999
step=75 train_loss=6.0916 lr=0.000111 grad_norm=1.5361
step=80 train_loss=5.8441 lr=0.0001185 grad_norm=1.3305
step=85 train_loss=5.6322 lr=0.000126 grad_norm=1.0724
step=90 train_loss=5.4382 lr=0.0001335 grad_norm=0.8538
step=95 train_loss=5.2679 lr=0.000141 grad_norm=0.6400
step=100 train_loss=5.1296 lr=0.0001485 grad_norm=0.5038 val_loss=5.0799
step=105 train_loss=4.9511 lr=0.000156 grad_norm=0.4680
step=110 train_loss=4.8039 lr=0.0001635 grad_norm=0.3894
step=115 train_loss=4.6422 lr=0.000171 grad_norm=0.3575
step=120 train_loss=4.5698 lr=0.0001785 grad_norm=0.3452
step=125 train_loss=4.4621 lr=0.000186 grad_norm=0.3563
step=130 train_loss=4.3731 lr=0.0001935 grad_norm=0.4398
step=135 train_loss=4.2660 lr=0.000201 grad_norm=0.3972
step=140 train_loss=4.1434 lr=0.0002085 grad_norm=0.3588
step=145 train_loss=4.0810 lr=0.000216 grad_norm=0.3203
step=150 train_loss=4.0408 lr=0.0002235 grad_norm=0.2846
step=155 train_loss=3.9681 lr=0.000231 grad_norm=0.2230
step=160 train_loss=3.9208 lr=0.0002385 grad_norm=0.4789
step=165 train_loss=3.8360 lr=0.000246 grad_norm=0.3945
step=170 train_loss=3.8053 lr=0.0002535 grad_norm=0.3637
step=175 train_loss=3.7375 lr=0.000261 grad_norm=0.2822
step=180 train_loss=3.7013 lr=0.0002685 grad_norm=0.3041
step=185 train_loss=3.6675 lr=0.000276 grad_norm=0.5399
step=190 train_loss=3.5898 lr=0.0002835 grad_norm=0.3479
step=195 train_loss=3.5738 lr=0.000291 grad_norm=0.5661
step=200 train_loss=3.5254 lr=0.0002985 grad_norm=0.3457 val_loss=3.5793
step=205 train_loss=3.4474 lr=0.0003 grad_norm=0.4975
step=210 train_loss=3.4550 lr=0.000299999 grad_norm=0.5667
step=215 train_loss=3.4503 lr=0.000299999 grad_norm=0.4686
step=220 train_loss=3.3704 lr=0.000299998 grad_norm=0.4038
step=225 train_loss=3.3471 lr=0.000299996 grad_norm=0.3645
step=230 train_loss=3.3381 lr=0.000299995 grad_norm=0.4289
step=235 train_loss=3.2871 lr=0.000299993 grad_norm=0.4369
step=240 train_loss=3.3229 lr=0.00029999 grad_norm=0.4574
step=245 train_loss=3.2742 lr=0.000299988 grad_norm=0.5760
step=250 train_loss=3.2330 lr=0.000299985 grad_norm=0.3461
step=255 train_loss=3.2189 lr=0.000299981 grad_norm=0.4732
step=260 train_loss=3.1718 lr=0.000299978 grad_norm=0.4389
step=265 train_loss=3.1740 lr=0.000299974 grad_norm=0.4751
step=270 train_loss=3.1589 lr=0.000299969 grad_norm=0.4230
step=275 train_loss=3.2148 lr=0.000299965 grad_norm=0.4910
step=280 train_loss=3.1683 lr=0.00029996 grad_norm=0.4546
step=285 train_loss=3.1123 lr=0.000299955 grad_norm=0.4641
step=290 train_loss=3.1237 lr=0.000299949 grad_norm=0.5526
step=295 train_loss=3.0895 lr=0.000299943 grad_norm=0.5174
step=300 train_loss=3.0878 lr=0.000299937 grad_norm=0.4560 val_loss=3.1082
step=305 train_loss=3.0654 lr=0.000299931 grad_norm=0.4898
step=310 train_loss=3.0318 lr=0.000299924 grad_norm=0.4626
step=315 train_loss=3.0189 lr=0.000299917 grad_norm=0.4315
step=320 train_loss=3.0346 lr=0.000299909 grad_norm=0.4686
step=325 train_loss=2.9850 lr=0.000299901 grad_norm=0.3699
step=330 train_loss=2.9633 lr=0.000299893 grad_norm=0.6288
step=335 train_loss=2.9886 lr=0.000299885 grad_norm=0.5276
step=340 train_loss=2.9982 lr=0.000299876 grad_norm=0.3951
step=345 train_loss=2.9708 lr=0.000299867 grad_norm=0.4626
step=350 train_loss=2.9621 lr=0.000299857 grad_norm=0.5458
step=355 train_loss=2.9126 lr=0.000299848 grad_norm=0.4499
step=360 train_loss=2.9420 lr=0.000299838 grad_norm=0.4933
step=365 train_loss=2.9299 lr=0.000299827 grad_norm=0.5257
step=370 train_loss=2.9012 lr=0.000299817 grad_norm=0.4524
step=375 train_loss=2.8975 lr=0.000299806 grad_norm=0.5276
step=380 train_loss=2.8946 lr=0.000299794 grad_norm=0.5210
step=385 train_loss=2.8678 lr=0.000299783 grad_norm=0.6343
step=390 train_loss=2.8861 lr=0.000299771 grad_norm=0.4070
step=395 train_loss=2.8600 lr=0.000299758 grad_norm=0.4436
step=400 train_loss=2.8684 lr=0.000299746 grad_norm=0.4106 val_loss=2.8579
step=405 train_loss=2.8564 lr=0.000299733 grad_norm=0.4695
step=410 train_loss=2.8475 lr=0.000299719 grad_norm=0.5180
step=415 train_loss=2.8438 lr=0.000299706 grad_norm=0.5054
step=420 train_loss=2.8132 lr=0.000299692 grad_norm=0.5638
step=425 train_loss=2.7916 lr=0.000299678 grad_norm=0.4597
step=430 train_loss=2.8072 lr=0.000299663 grad_norm=0.5506
step=435 train_loss=2.8134 lr=0.000299648 grad_norm=0.4413
step=440 train_loss=2.8159 lr=0.000299633 grad_norm=0.4246
step=445 train_loss=2.7239 lr=0.000299618 grad_norm=0.3804
step=450 train_loss=2.7705 lr=0.000299602 grad_norm=0.6548
step=455 train_loss=2.7582 lr=0.000299586 grad_norm=0.5066
step=460 train_loss=2.7483 lr=0.000299569 grad_norm=0.6573
step=465 train_loss=2.7125 lr=0.000299553 grad_norm=0.4441
step=470 train_loss=2.7481 lr=0.000299535 grad_norm=0.4931
step=475 train_loss=2.7426 lr=0.000299518 grad_norm=0.3590
step=480 train_loss=2.7292 lr=0.0002995 grad_norm=0.4842
step=485 train_loss=2.6851 lr=0.000299482 grad_norm=0.4196
step=490 train_loss=2.6718 lr=0.000299464 grad_norm=0.4381
step=495 train_loss=2.6943 lr=0.000299445 grad_norm=0.5625
step=500 train_loss=2.7056 lr=0.000299426 grad_norm=0.5493 val_loss=2.6521
step=505 train_loss=2.6809 lr=0.000299407 grad_norm=0.3836
step=510 train_loss=2.6547 lr=0.000299387 grad_norm=0.4910
step=515 train_loss=2.6702 lr=0.000299367 grad_norm=0.5423
step=520 train_loss=2.6852 lr=0.000299347 grad_norm=0.5314
step=525 train_loss=2.6575 lr=0.000299326 grad_norm=0.4917
step=530 train_loss=2.6859 lr=0.000299305 grad_norm=0.4679
step=535 train_loss=2.6513 lr=0.000299284 grad_norm=0.4310
step=540 train_loss=2.6373 lr=0.000299262 grad_norm=0.5966
step=545 train_loss=2.6548 lr=0.000299241 grad_norm=0.6019
step=550 train_loss=2.6223 lr=0.000299218 grad_norm=0.4038
step=555 train_loss=2.6288 lr=0.000299196 grad_norm=0.4901
step=560 train_loss=2.5950 lr=0.000299173 grad_norm=0.4372
step=565 train_loss=2.6005 lr=0.00029915 grad_norm=0.4492
step=570 train_loss=2.6343 lr=0.000299126 grad_norm=0.4614
step=575 train_loss=2.6116 lr=0.000299102 grad_norm=0.4569
step=580 train_loss=2.5793 lr=0.000299078 grad_norm=0.5653
step=585 train_loss=2.5980 lr=0.000299054 grad_norm=0.5301
step=590 train_loss=2.5390 lr=0.000299029 grad_norm=0.5713
step=595 train_loss=2.5941 lr=0.000299004 grad_norm=0.5208
step=600 train_loss=2.5513 lr=0.000298979 grad_norm=0.4238 val_loss=2.6070
step=605 train_loss=2.5804 lr=0.000298953 grad_norm=0.4802
step=610 train_loss=2.5649 lr=0.000298927 grad_norm=0.5238
step=615 train_loss=2.5727 lr=0.000298901 grad_norm=0.4814
step=620 train_loss=2.6238 lr=0.000298874 grad_norm=0.4483
step=625 train_loss=2.5176 lr=0.000298847 grad_norm=0.4079
step=630 train_loss=2.5680 lr=0.00029882 grad_norm=0.4767
step=635 train_loss=2.5321 lr=0.000298792 grad_norm=0.4962
step=640 train_loss=2.5120 lr=0.000298764 grad_norm=0.4473
step=645 train_loss=2.5276 lr=0.000298736 grad_norm=0.4243
step=650 train_loss=2.5229 lr=0.000298707 grad_norm=0.4071
step=655 train_loss=2.4969 lr=0.000298678 grad_norm=0.4552
step=660 train_loss=2.5129 lr=0.000298649 grad_norm=0.4843
step=665 train_loss=2.5237 lr=0.000298619 grad_norm=0.4549
step=670 train_loss=2.5274 lr=0.00029859 grad_norm=0.4806
step=675 train_loss=2.5271 lr=0.000298559 grad_norm=0.5462
step=680 train_loss=2.5265 lr=0.000298529 grad_norm=0.5068
step=685 train_loss=2.4927 lr=0.000298498 grad_norm=0.6480
step=690 train_loss=2.5152 lr=0.000298467 grad_norm=0.4964
step=695 train_loss=2.5220 lr=0.000298436 grad_norm=0.4577
step=700 train_loss=2.4779 lr=0.000298404 grad_norm=0.4117 val_loss=2.4730
step=705 train_loss=2.4527 lr=0.000298372 grad_norm=0.4280
step=710 train_loss=2.4760 lr=0.000298339 grad_norm=0.4074
step=715 train_loss=2.4502 lr=0.000298307 grad_norm=0.4863
step=720 train_loss=2.4726 lr=0.000298274 grad_norm=0.4784
step=725 train_loss=2.4883 lr=0.00029824 grad_norm=0.4191
step=730 train_loss=2.4463 lr=0.000298207 grad_norm=0.5491
step=735 train_loss=2.4498 lr=0.000298173 grad_norm=0.5302
step=740 train_loss=2.5028 lr=0.000298138 grad_norm=0.4605
step=745 train_loss=2.3951 lr=0.000298104 grad_norm=0.5086
step=750 train_loss=2.4601 lr=0.000298069 grad_norm=0.5646
step=755 train_loss=2.4745 lr=0.000298034 grad_norm=0.4988
step=760 train_loss=2.4320 lr=0.000297998 grad_norm=0.4515
step=765 train_loss=2.4577 lr=0.000297962 grad_norm=0.5614
step=770 train_loss=2.4213 lr=0.000297926 grad_norm=0.4407
step=775 train_loss=2.4564 lr=0.000297889 grad_norm=0.5042
step=780 train_loss=2.4469 lr=0.000297853 grad_norm=0.4952
step=785 train_loss=2.4121 lr=0.000297815 grad_norm=0.4680
step=790 train_loss=2.4171 lr=0.000297778 grad_norm=0.4690
step=795 train_loss=2.4140 lr=0.00029774 grad_norm=0.4300
step=800 train_loss=2.4079 lr=0.000297702 grad_norm=0.4586 val_loss=2.4182
step=805 train_loss=2.4085 lr=0.000297664 grad_norm=0.4295
step=810 train_loss=2.4079 lr=0.000297625 grad_norm=0.5285
step=815 train_loss=2.4141 lr=0.000297586 grad_norm=0.4757
step=820 train_loss=2.3980 lr=0.000297547 grad_norm=0.4837
step=825 train_loss=2.4378 lr=0.000297507 grad_norm=0.4203
step=830 train_loss=2.4038 lr=0.000297467 grad_norm=0.3930
step=835 train_loss=2.3775 lr=0.000297427 grad_norm=0.5415
step=840 train_loss=2.4048 lr=0.000297386 grad_norm=0.5126
step=845 train_loss=2.4232 lr=0.000297345 grad_norm=0.4842
step=850 train_loss=2.3546 lr=0.000297304 grad_norm=0.4883
step=855 train_loss=2.3461 lr=0.000297262 grad_norm=0.4609
step=860 train_loss=2.4160 lr=0.00029722 grad_norm=0.4941
step=865 train_loss=2.3639 lr=0.000297178 grad_norm=0.4668
step=870 train_loss=2.3041 lr=0.000297136 grad_norm=0.4103
step=875 train_loss=2.4038 lr=0.000297093 grad_norm=0.5563
step=880 train_loss=2.3653 lr=0.00029705 grad_norm=0.4750
step=885 train_loss=2.3637 lr=0.000297006 grad_norm=0.4933
step=890 train_loss=2.4045 lr=0.000296963 grad_norm=0.4347
step=895 train_loss=2.3583 lr=0.000296919 grad_norm=0.4319
step=900 train_loss=2.3229 lr=0.000296874 grad_norm=0.4343 val_loss=2.3316
step=905 train_loss=2.3832 lr=0.00029683 grad_norm=0.4488
step=910 train_loss=2.3273 lr=0.000296785 grad_norm=0.4722
step=915 train_loss=2.3774 lr=0.000296739 grad_norm=0.4901
step=920 train_loss=2.2916 lr=0.000296694 grad_norm=0.4314
step=925 train_loss=2.3237 lr=0.000296648 grad_norm=0.4547
step=930 train_loss=2.2942 lr=0.000296601 grad_norm=0.4248
step=935 train_loss=2.3485 lr=0.000296555 grad_norm=0.4456
step=940 train_loss=2.3160 lr=0.000296508 grad_norm=0.5356
step=945 train_loss=2.2920 lr=0.000296461 grad_norm=0.5236
step=950 train_loss=2.3272 lr=0.000296413 grad_norm=0.4520
step=955 train_loss=2.3138 lr=0.000296366 grad_norm=0.4113
step=960 train_loss=2.2782 lr=0.000296317 grad_norm=0.4819
step=965 train_loss=2.3407 lr=0.000296269 grad_norm=0.4532
step=970 train_loss=2.2850 lr=0.00029622 grad_norm=0.4758
step=975 train_loss=2.3398 lr=0.000296171 grad_norm=0.5140
step=980 train_loss=2.3036 lr=0.000296122 grad_norm=0.4717
step=985 train_loss=2.2316 lr=0.000296072 grad_norm=0.4059
step=990 train_loss=2.3239 lr=0.000296022 grad_norm=0.4749
step=995 train_loss=2.2740 lr=0.000295972 grad_norm=0.4271
step=1000 train_loss=2.2973 lr=0.000295921 grad_norm=0.4394 val_loss=2.3291
step=1005 train_loss=2.2989 lr=0.00029587 grad_norm=0.4719
step=1010 train_loss=2.2986 lr=0.000295819 grad_norm=0.3991
step=1015 train_loss=2.2430 lr=0.000295767 grad_norm=0.4100
step=1020 train_loss=2.2394 lr=0.000295716 grad_norm=0.4933
step=1025 train_loss=2.2240 lr=0.000295663 grad_norm=0.4930
step=1030 train_loss=2.2991 lr=0.000295611 grad_norm=0.4692
step=1035 train_loss=2.2644 lr=0.000295558 grad_norm=0.4433
step=1040 train_loss=2.2536 lr=0.000295505 grad_norm=0.5256
step=1045 train_loss=2.2545 lr=0.000295452 grad_norm=0.4610
step=1050 train_loss=2.3013 lr=0.000295398 grad_norm=0.4105
step=1055 train_loss=2.2557 lr=0.000295344 grad_norm=0.4323
step=1060 train_loss=2.2858 lr=0.00029529 grad_norm=0.4918
step=1065 train_loss=2.2784 lr=0.000295235 grad_norm=0.4556
step=1070 train_loss=2.2625 lr=0.00029518 grad_norm=0.3986
step=1075 train_loss=2.2765 lr=0.000295125 grad_norm=0.4321
step=1080 train_loss=2.2620 lr=0.000295069 grad_norm=0.4232
step=1085 train_loss=2.2582 lr=0.000295013 grad_norm=0.5265
step=1090 train_loss=2.2393 lr=0.000294957 grad_norm=0.4928
step=1095 train_loss=2.1843 lr=0.000294901 grad_norm=0.5175
step=1100 train_loss=2.2648 lr=0.000294844 grad_norm=0.3747 val_loss=2.1664
step=1105 train_loss=2.2852 lr=0.000294787 grad_norm=0.4557
step=1110 train_loss=2.2140 lr=0.000294729 grad_norm=0.4689
step=1115 train_loss=2.1740 lr=0.000294672 grad_norm=0.3969
step=1120 train_loss=2.2135 lr=0.000294614 grad_norm=0.4386
step=1125 train_loss=2.2193 lr=0.000294555 grad_norm=0.4285
step=1130 train_loss=2.2520 lr=0.000294497 grad_norm=0.4498
step=1135 train_loss=2.1821 lr=0.000294438 grad_norm=0.4115
step=1140 train_loss=2.2271 lr=0.000294378 grad_norm=0.4548
step=1145 train_loss=2.2420 lr=0.000294319 grad_norm=0.4698
step=1150 train_loss=2.2318 lr=0.000294259 grad_norm=0.4213
step=1155 train_loss=2.2045 lr=0.000294199 grad_norm=0.4657
step=1160 train_loss=2.2060 lr=0.000294138 grad_norm=0.4587
step=1165 train_loss=2.2086 lr=0.000294077 grad_norm=0.4354
step=1170 train_loss=2.2135 lr=0.000294016 grad_norm=0.4401
step=1175 train_loss=2.1993 lr=0.000293955 grad_norm=0.4605
step=1180 train_loss=2.2038 lr=0.000293893 grad_norm=0.4017
step=1185 train_loss=2.1980 lr=0.000293831 grad_norm=0.4233
step=1190 train_loss=2.1812 lr=0.000293769 grad_norm=0.4381
step=1195 train_loss=2.1910 lr=0.000293706 grad_norm=0.4414
step=1200 train_loss=2.2426 lr=0.000293643 grad_norm=0.4708 val_loss=2.2496
step=1205 train_loss=2.2117 lr=0.00029358 grad_norm=0.4141
step=1210 train_loss=2.1712 lr=0.000293517 grad_norm=0.3983
step=1215 train_loss=2.2437 lr=0.000293453 grad_norm=0.4947
step=1220 train_loss=2.2075 lr=0.000293389 grad_norm=0.4066
step=1225 train_loss=2.1984 lr=0.000293324 grad_norm=0.4075
step=1230 train_loss=2.1970 lr=0.000293259 grad_norm=0.4261
step=1235 train_loss=2.2044 lr=0.000293194 grad_norm=0.3774
step=1240 train_loss=2.2283 lr=0.000293129 grad_norm=0.3885
step=1245 train_loss=2.1902 lr=0.000293063 grad_norm=0.4415
step=1250 train_loss=2.1508 lr=0.000292997 grad_norm=0.4485
step=1255 train_loss=2.2106 lr=0.000292931 grad_norm=0.4691
step=1260 train_loss=2.1765 lr=0.000292864 grad_norm=0.3914
step=1265 train_loss=2.2112 lr=0.000292797 grad_norm=0.4189
step=1270 train_loss=2.1511 lr=0.00029273 grad_norm=0.4075
step=1275 train_loss=2.1596 lr=0.000292663 grad_norm=0.4280
step=1280 train_loss=2.1781 lr=0.000292595 grad_norm=0.4147
step=1285 train_loss=2.1872 lr=0.000292527 grad_norm=0.4103
step=1290 train_loss=2.1803 lr=0.000292459 grad_norm=0.4070
step=1295 train_loss=2.1595 lr=0.00029239 grad_norm=0.4952
step=1300 train_loss=2.1939 lr=0.000292321 grad_norm=0.3875 val_loss=2.1820
step=1305 train_loss=2.1353 lr=0.000292252 grad_norm=0.4353
step=1310 train_loss=2.1912 lr=0.000292182 grad_norm=0.4118
step=1315 train_loss=2.1627 lr=0.000292112 grad_norm=0.4155
step=1320 train_loss=2.1828 lr=0.000292042 grad_norm=0.4981
step=1325 train_loss=2.1340 lr=0.000291971 grad_norm=0.3821
step=1330 train_loss=2.1726 lr=0.000291901 grad_norm=0.3543
step=1335 train_loss=2.1353 lr=0.000291829 grad_norm=0.3831
step=1340 train_loss=2.1190 lr=0.000291758 grad_norm=0.4236
step=1345 train_loss=2.1610 lr=0.000291686 grad_norm=0.4404
step=1350 train_loss=2.1516 lr=0.000291614 grad_norm=0.4540
step=1355 train_loss=2.1348 lr=0.000291542 grad_norm=0.4108
step=1360 train_loss=2.1149 lr=0.000291469 grad_norm=0.4269
step=1365 train_loss=2.1260 lr=0.000291396 grad_norm=0.4323
step=1370 train_loss=2.1501 lr=0.000291323 grad_norm=0.4076
step=1375 train_loss=2.1833 lr=0.00029125 grad_norm=0.4050
step=1380 train_loss=2.1408 lr=0.000291176 grad_norm=0.4317
step=1385 train_loss=2.1855 lr=0.000291102 grad_norm=0.4079
step=1390 train_loss=2.1275 lr=0.000291027 grad_norm=0.4607
step=1395 train_loss=2.1305 lr=0.000290953 grad_norm=0.4205
step=1400 train_loss=2.1611 lr=0.000290878 grad_norm=0.4060 val_loss=2.1711
step=1405 train_loss=2.1432 lr=0.000290802 grad_norm=0.3987
step=1410 train_loss=2.1718 lr=0.000290727 grad_norm=0.4164
step=1415 train_loss=2.0961 lr=0.000290651 grad_norm=0.3684
step=1420 train_loss=2.1146 lr=0.000290575 grad_norm=0.3873
step=1425 train_loss=2.1282 lr=0.000290498 grad_norm=0.4115
step=1430 train_loss=2.1101 lr=0.000290422 grad_norm=0.4222
step=1435 train_loss=2.1299 lr=0.000290345 grad_norm=0.5655
step=1440 train_loss=2.1123 lr=0.000290267 grad_norm=0.4480
step=1445 train_loss=2.0784 lr=0.000290189 grad_norm=0.3598
step=1450 train_loss=2.1477 lr=0.000290112 grad_norm=0.4331
step=1455 train_loss=2.0945 lr=0.000290033 grad_norm=0.3536
step=1460 train_loss=2.1132 lr=0.000289955 grad_norm=0.3514
step=1465 train_loss=2.1559 lr=0.000289876 grad_norm=0.3959
step=1470 train_loss=2.1214 lr=0.000289797 grad_norm=0.3617
step=1475 train_loss=2.0925 lr=0.000289717 grad_norm=0.4468
step=1480 train_loss=2.0990 lr=0.000289638 grad_norm=0.3996
step=1485 train_loss=2.1410 lr=0.000289557 grad_norm=0.4203
step=1490 train_loss=2.1260 lr=0.000289477 grad_norm=0.4427
step=1495 train_loss=2.0852 lr=0.000289397 grad_norm=0.4575
step=1500 train_loss=2.1004 lr=0.000289316 grad_norm=0.4524 val_loss=2.0929
Saved checkpoint at step 1500
