step=5 train_loss=9.0501 lr=6e-06 grad_norm=1.1739
step=10 train_loss=8.9990 lr=1.35e-05 grad_norm=1.1885
step=15 train_loss=8.8955 lr=2.1e-05 grad_norm=1.2416
step=20 train_loss=8.7474 lr=2.85e-05 grad_norm=1.4240
step=25 train_loss=8.5516 lr=3.6e-05 grad_norm=1.6952
step=30 train_loss=8.3237 lr=4.35e-05 grad_norm=1.9558
step=35 train_loss=8.0658 lr=5.1e-05 grad_norm=2.1765
step=40 train_loss=7.8143 lr=5.85e-05 grad_norm=2.2607
step=45 train_loss=7.5662 lr=6.6e-05 grad_norm=2.2818
step=50 train_loss=7.3291 lr=7.35e-05 grad_norm=2.2249
step=55 train_loss=7.0753 lr=8.1e-05 grad_norm=2.1643
step=60 train_loss=6.8087 lr=8.85e-05 grad_norm=2.0760
step=65 train_loss=6.5615 lr=9.6e-05 grad_norm=1.9303
step=70 train_loss=6.3367 lr=0.0001035 grad_norm=1.7389
step=75 train_loss=6.1049 lr=0.000111 grad_norm=1.5696
step=80 train_loss=5.8648 lr=0.0001185 grad_norm=1.3488
step=85 train_loss=5.6537 lr=0.000126 grad_norm=1.1062
step=90 train_loss=5.4585 lr=0.0001335 grad_norm=0.8963
step=95 train_loss=5.2832 lr=0.000141 grad_norm=0.6897
step=100 train_loss=5.1424 lr=0.0001485 grad_norm=0.5342 val_loss=5.0971
step=105 train_loss=4.9631 lr=0.000156 grad_norm=0.4764
step=110 train_loss=4.8094 lr=0.0001635 grad_norm=0.4257
step=115 train_loss=4.6460 lr=0.000171 grad_norm=0.3836
step=120 train_loss=4.5742 lr=0.0001785 grad_norm=0.3724
step=125 train_loss=4.4646 lr=0.000186 grad_norm=0.3068
step=130 train_loss=4.3740 lr=0.0001935 grad_norm=0.3004
step=135 train_loss=4.2688 lr=0.000201 grad_norm=0.2896
step=140 train_loss=4.1457 lr=0.0002085 grad_norm=0.2908
step=145 train_loss=4.0833 lr=0.000216 grad_norm=0.2912
step=150 train_loss=4.0405 lr=0.0002235 grad_norm=0.4650
step=155 train_loss=3.9664 lr=0.000231 grad_norm=0.3662
step=160 train_loss=3.9188 lr=0.0002385 grad_norm=0.3065
step=165 train_loss=3.8318 lr=0.000246 grad_norm=0.3207
step=170 train_loss=3.8071 lr=0.0002535 grad_norm=0.3893
step=175 train_loss=3.7343 lr=0.000261 grad_norm=0.2820
step=180 train_loss=3.6976 lr=0.0002685 grad_norm=0.4585
step=185 train_loss=3.6666 lr=0.000276 grad_norm=0.5829
step=190 train_loss=3.5860 lr=0.0002835 grad_norm=0.3490
step=195 train_loss=3.5734 lr=0.000291 grad_norm=0.5516
step=200 train_loss=3.5210 lr=0.0002985 grad_norm=0.3782 val_loss=3.5711
step=205 train_loss=3.4418 lr=0.0003 grad_norm=0.4179
step=210 train_loss=3.4472 lr=0.000299999 grad_norm=0.4028
step=215 train_loss=3.4483 lr=0.000299999 grad_norm=0.4758
step=220 train_loss=3.3623 lr=0.000299997 grad_norm=0.3770
step=225 train_loss=3.3443 lr=0.000299996 grad_norm=0.4580
step=230 train_loss=3.3312 lr=0.000299994 grad_norm=0.4451
step=235 train_loss=3.2809 lr=0.000299991 grad_norm=0.4994
step=240 train_loss=3.3123 lr=0.000299989 grad_norm=0.3683
step=245 train_loss=3.2661 lr=0.000299986 grad_norm=0.6753
step=250 train_loss=3.2189 lr=0.000299982 grad_norm=0.4487
step=255 train_loss=3.2096 lr=0.000299978 grad_norm=0.5211
step=260 train_loss=3.1638 lr=0.000299974 grad_norm=0.4079
step=265 train_loss=3.1697 lr=0.000299969 grad_norm=0.4579
step=270 train_loss=3.1480 lr=0.000299965 grad_norm=0.5261
step=275 train_loss=3.2055 lr=0.000299959 grad_norm=0.5194
step=280 train_loss=3.1597 lr=0.000299953 grad_norm=0.5279
step=285 train_loss=3.1037 lr=0.000299947 grad_norm=0.4775
step=290 train_loss=3.1135 lr=0.000299941 grad_norm=0.5055
step=295 train_loss=3.0797 lr=0.000299934 grad_norm=0.4802
step=300 train_loss=3.0802 lr=0.000299927 grad_norm=0.4776 val_loss=3.0939
step=305 train_loss=3.0594 lr=0.000299919 grad_norm=0.5313
step=310 train_loss=3.0262 lr=0.000299911 grad_norm=0.5321
step=315 train_loss=3.0137 lr=0.000299903 grad_norm=0.5362
step=320 train_loss=3.0245 lr=0.000299894 grad_norm=0.4192
step=325 train_loss=2.9821 lr=0.000299885 grad_norm=0.3705
step=330 train_loss=2.9569 lr=0.000299876 grad_norm=0.5358
step=335 train_loss=2.9792 lr=0.000299866 grad_norm=0.4855
step=340 train_loss=2.9932 lr=0.000299856 grad_norm=0.4559
step=345 train_loss=2.9657 lr=0.000299846 grad_norm=0.4228
step=350 train_loss=2.9575 lr=0.000299835 grad_norm=0.5927
step=355 train_loss=2.9044 lr=0.000299823 grad_norm=0.4553
step=360 train_loss=2.9369 lr=0.000299812 grad_norm=0.6281
step=365 train_loss=2.9220 lr=0.0002998 grad_norm=0.4611
step=370 train_loss=2.8944 lr=0.000299787 grad_norm=0.4955
step=375 train_loss=2.8924 lr=0.000299774 grad_norm=0.4623
step=380 train_loss=2.8881 lr=0.000299761 grad_norm=0.5015
step=385 train_loss=2.8604 lr=0.000299748 grad_norm=0.5038
step=390 train_loss=2.8796 lr=0.000299734 grad_norm=0.4978
step=395 train_loss=2.8550 lr=0.00029972 grad_norm=0.4016
step=400 train_loss=2.8727 lr=0.000299705 grad_norm=0.7627 val_loss=2.8445
step=405 train_loss=2.8543 lr=0.00029969 grad_norm=0.5036
step=410 train_loss=2.8401 lr=0.000299675 grad_norm=0.4710
step=415 train_loss=2.8348 lr=0.000299659 grad_norm=0.4615
step=420 train_loss=2.8038 lr=0.000299643 grad_norm=0.4711
step=425 train_loss=2.7876 lr=0.000299626 grad_norm=0.4581
step=430 train_loss=2.7946 lr=0.000299609 grad_norm=0.4948
step=435 train_loss=2.8062 lr=0.000299592 grad_norm=0.4954
step=440 train_loss=2.8086 lr=0.000299575 grad_norm=0.5058
step=445 train_loss=2.7162 lr=0.000299557 grad_norm=0.4823
step=450 train_loss=2.7630 lr=0.000299538 grad_norm=0.5720
step=455 train_loss=2.7466 lr=0.000299519 grad_norm=0.4972
step=460 train_loss=2.7414 lr=0.0002995 grad_norm=0.7590
step=465 train_loss=2.7045 lr=0.000299481 grad_norm=0.5777
step=470 train_loss=2.7398 lr=0.000299461 grad_norm=0.4158
step=475 train_loss=2.7376 lr=0.000299441 grad_norm=0.4508
step=480 train_loss=2.7193 lr=0.00029942 grad_norm=0.4238
step=485 train_loss=2.6801 lr=0.000299399 grad_norm=0.4812
step=490 train_loss=2.6669 lr=0.000299378 grad_norm=0.5311
step=495 train_loss=2.6894 lr=0.000299356 grad_norm=0.6623
step=500 train_loss=2.6973 lr=0.000299334 grad_norm=0.4934 val_loss=2.6554
step=505 train_loss=2.6812 lr=0.000299312 grad_norm=0.4934
step=510 train_loss=2.6416 lr=0.000299289 grad_norm=0.4353
step=515 train_loss=2.6628 lr=0.000299266 grad_norm=0.4358
step=520 train_loss=2.6769 lr=0.000299242 grad_norm=0.4350
step=525 train_loss=2.6511 lr=0.000299218 grad_norm=0.5326
step=530 train_loss=2.6808 lr=0.000299194 grad_norm=0.5264
step=535 train_loss=2.6470 lr=0.000299169 grad_norm=0.5025
step=540 train_loss=2.6260 lr=0.000299144 grad_norm=0.4465
step=545 train_loss=2.6506 lr=0.000299119 grad_norm=0.5887
step=550 train_loss=2.6158 lr=0.000299093 grad_norm=0.4293
step=555 train_loss=2.6201 lr=0.000299067 grad_norm=0.4603
step=560 train_loss=2.5858 lr=0.000299041 grad_norm=0.4938
step=565 train_loss=2.5954 lr=0.000299014 grad_norm=0.4907
step=570 train_loss=2.6325 lr=0.000298987 grad_norm=0.4624
step=575 train_loss=2.6072 lr=0.000298959 grad_norm=0.4976
step=580 train_loss=2.5751 lr=0.000298931 grad_norm=0.6591
step=585 train_loss=2.5963 lr=0.000298903 grad_norm=0.6523
step=590 train_loss=2.5323 lr=0.000298874 grad_norm=0.7211
step=595 train_loss=2.5908 lr=0.000298845 grad_norm=0.4327
step=600 train_loss=2.5491 lr=0.000298815 grad_norm=0.4540 val_loss=2.5978
step=605 train_loss=2.5719 lr=0.000298785 grad_norm=0.5142
step=610 train_loss=2.5532 lr=0.000298755 grad_norm=0.4978
step=615 train_loss=2.5713 lr=0.000298725 grad_norm=0.5859
step=620 train_loss=2.6219 lr=0.000298694 grad_norm=0.4468
step=625 train_loss=2.5154 lr=0.000298662 grad_norm=0.4971
step=630 train_loss=2.5659 lr=0.000298631 grad_norm=0.5309
step=635 train_loss=2.5280 lr=0.000298599 grad_norm=0.5464
step=640 train_loss=2.5031 lr=0.000298566 grad_norm=0.4024
step=645 train_loss=2.5233 lr=0.000298533 grad_norm=0.4207
step=650 train_loss=2.5167 lr=0.0002985 grad_norm=0.5036
step=655 train_loss=2.4920 lr=0.000298467 grad_norm=0.5458
step=660 train_loss=2.5077 lr=0.000298433 grad_norm=0.4109
step=665 train_loss=2.5217 lr=0.000298399 grad_norm=0.4791
step=670 train_loss=2.5248 lr=0.000298364 grad_norm=0.5343
step=675 train_loss=2.5225 lr=0.000298329 grad_norm=0.4616
step=680 train_loss=2.5215 lr=0.000298294 grad_norm=0.5277
step=685 train_loss=2.4789 lr=0.000298258 grad_norm=0.4541
step=690 train_loss=2.5072 lr=0.000298222 grad_norm=0.4415
step=695 train_loss=2.5159 lr=0.000298185 grad_norm=0.4610
step=700 train_loss=2.4742 lr=0.000298148 grad_norm=0.4276 val_loss=2.4687
step=705 train_loss=2.4449 lr=0.000298111 grad_norm=0.4855
step=710 train_loss=2.4748 lr=0.000298074 grad_norm=0.5604
step=715 train_loss=2.4438 lr=0.000298036 grad_norm=0.4662
step=720 train_loss=2.4703 lr=0.000297997 grad_norm=0.5684
step=725 train_loss=2.4846 lr=0.000297959 grad_norm=0.4537
step=730 train_loss=2.4375 lr=0.00029792 grad_norm=0.4953
step=735 train_loss=2.4446 lr=0.00029788 grad_norm=0.4430
step=740 train_loss=2.4946 lr=0.00029784 grad_norm=0.4786
step=745 train_loss=2.3884 lr=0.0002978 grad_norm=0.4259
step=750 train_loss=2.4524 lr=0.00029776 grad_norm=0.4493
step=755 train_loss=2.4640 lr=0.000297719 grad_norm=0.4534
step=760 train_loss=2.4297 lr=0.000297678 grad_norm=0.4894
step=765 train_loss=2.4499 lr=0.000297636 grad_norm=0.5024
step=770 train_loss=2.4161 lr=0.000297594 grad_norm=0.4755
step=775 train_loss=2.4482 lr=0.000297552 grad_norm=0.4935
step=780 train_loss=2.4371 lr=0.000297509 grad_norm=0.4996
step=785 train_loss=2.4075 lr=0.000297466 grad_norm=0.4499
step=790 train_loss=2.4104 lr=0.000297422 grad_norm=0.4209
step=795 train_loss=2.4137 lr=0.000297379 grad_norm=0.4952
step=800 train_loss=2.4073 lr=0.000297334 grad_norm=0.4724 val_loss=2.4125
step=805 train_loss=2.4089 lr=0.00029729 grad_norm=0.4876
step=810 train_loss=2.4042 lr=0.000297245 grad_norm=0.5701
step=815 train_loss=2.4100 lr=0.0002972 grad_norm=0.4200
step=820 train_loss=2.3849 lr=0.000297154 grad_norm=0.4681
step=825 train_loss=2.4263 lr=0.000297108 grad_norm=0.4374
step=830 train_loss=2.4005 lr=0.000297062 grad_norm=0.4407
step=835 train_loss=2.3711 lr=0.000297015 grad_norm=0.5371
step=840 train_loss=2.3940 lr=0.000296968 grad_norm=0.4631
step=845 train_loss=2.4232 lr=0.00029692 grad_norm=0.5069
step=850 train_loss=2.3534 lr=0.000296873 grad_norm=0.4667
step=855 train_loss=2.3396 lr=0.000296824 grad_norm=0.4410
step=860 train_loss=2.4084 lr=0.000296776 grad_norm=0.4820
step=865 train_loss=2.3525 lr=0.000296727 grad_norm=0.4531
step=870 train_loss=2.3011 lr=0.000296678 grad_norm=0.5229
step=875 train_loss=2.3942 lr=0.000296628 grad_norm=0.5124
step=880 train_loss=2.3636 lr=0.000296578 grad_norm=0.4402
step=885 train_loss=2.3533 lr=0.000296527 grad_norm=0.4364
step=890 train_loss=2.4015 lr=0.000296477 grad_norm=0.4533
step=895 train_loss=2.3523 lr=0.000296426 grad_norm=0.4569
step=900 train_loss=2.3153 lr=0.000296374 grad_norm=0.4886 val_loss=2.3216
step=905 train_loss=2.3772 lr=0.000296322 grad_norm=0.4537
step=910 train_loss=2.3240 lr=0.00029627 grad_norm=0.5578
step=915 train_loss=2.3732 lr=0.000296218 grad_norm=0.4245
step=920 train_loss=2.2912 lr=0.000296165 grad_norm=0.4256
step=925 train_loss=2.3202 lr=0.000296111 grad_norm=0.4425
step=930 train_loss=2.2901 lr=0.000296058 grad_norm=0.4480
step=935 train_loss=2.3391 lr=0.000296004 grad_norm=0.4343
step=940 train_loss=2.3127 lr=0.000295949 grad_norm=0.5908
step=945 train_loss=2.2863 lr=0.000295895 grad_norm=0.4728
step=950 train_loss=2.3267 lr=0.000295839 grad_norm=0.4507
step=955 train_loss=2.3147 lr=0.000295784 grad_norm=0.3964
step=960 train_loss=2.2737 lr=0.000295728 grad_norm=0.4139
step=965 train_loss=2.3368 lr=0.000295672 grad_norm=0.4930
step=970 train_loss=2.2854 lr=0.000295615 grad_norm=0.4365
step=975 train_loss=2.3346 lr=0.000295559 grad_norm=0.4851
step=980 train_loss=2.3003 lr=0.000295501 grad_norm=0.5204
step=985 train_loss=2.2310 lr=0.000295444 grad_norm=0.4481
step=990 train_loss=2.3188 lr=0.000295386 grad_norm=0.4793
step=995 train_loss=2.2737 lr=0.000295327 grad_norm=0.4331
step=1000 train_loss=2.2980 lr=0.000295269 grad_norm=0.4974 val_loss=2.3238
step=1005 train_loss=2.2931 lr=0.00029521 grad_norm=0.4180
step=1010 train_loss=2.2960 lr=0.00029515 grad_norm=0.4415
step=1015 train_loss=2.2422 lr=0.00029509 grad_norm=0.3999
step=1020 train_loss=2.2334 lr=0.00029503 grad_norm=0.4483
step=1025 train_loss=2.2203 lr=0.00029497 grad_norm=0.6173
step=1030 train_loss=2.2904 lr=0.000294909 grad_norm=0.5155
step=1035 train_loss=2.2583 lr=0.000294848 grad_norm=0.4618
step=1040 train_loss=2.2449 lr=0.000294786 grad_norm=0.4859
step=1045 train_loss=2.2492 lr=0.000294724 grad_norm=0.4411
step=1050 train_loss=2.2966 lr=0.000294662 grad_norm=0.4103
step=1055 train_loss=2.2528 lr=0.000294599 grad_norm=0.4344
step=1060 train_loss=2.2863 lr=0.000294536 grad_norm=0.5197
step=1065 train_loss=2.2823 lr=0.000294473 grad_norm=0.4184
step=1070 train_loss=2.2631 lr=0.000294409 grad_norm=0.4178
step=1075 train_loss=2.2760 lr=0.000294345 grad_norm=0.4298
step=1080 train_loss=2.2572 lr=0.00029428 grad_norm=0.4811
step=1085 train_loss=2.2548 lr=0.000294215 grad_norm=0.4368
step=1090 train_loss=2.2378 lr=0.00029415 grad_norm=0.4515
step=1095 train_loss=2.1842 lr=0.000294085 grad_norm=0.4728
step=1100 train_loss=2.2678 lr=0.000294019 grad_norm=0.4362 val_loss=2.1694
step=1105 train_loss=2.2833 lr=0.000293953 grad_norm=0.4963
step=1110 train_loss=2.2155 lr=0.000293886 grad_norm=0.4774
step=1115 train_loss=2.1700 lr=0.000293819 grad_norm=0.4013
step=1120 train_loss=2.2135 lr=0.000293752 grad_norm=0.4132
step=1125 train_loss=2.2224 lr=0.000293684 grad_norm=0.4474
step=1130 train_loss=2.2540 lr=0.000293616 grad_norm=0.4522
step=1135 train_loss=2.1773 lr=0.000293548 grad_norm=0.3981
step=1140 train_loss=2.2261 lr=0.000293479 grad_norm=0.4741
step=1145 train_loss=2.2396 lr=0.00029341 grad_norm=0.4678
step=1150 train_loss=2.2272 lr=0.00029334 grad_norm=0.4308
step=1155 train_loss=2.2029 lr=0.000293271 grad_norm=0.4474
step=1160 train_loss=2.1997 lr=0.0002932 grad_norm=0.4664
step=1165 train_loss=2.2074 lr=0.00029313 grad_norm=0.4218
step=1170 train_loss=2.2125 lr=0.000293059 grad_norm=0.4488
step=1175 train_loss=2.2018 lr=0.000292988 grad_norm=0.5602
step=1180 train_loss=2.2060 lr=0.000292916 grad_norm=0.4986
step=1185 train_loss=2.2042 lr=0.000292844 grad_norm=0.4664
step=1190 train_loss=2.1847 lr=0.000292772 grad_norm=0.4780
step=1195 train_loss=2.1953 lr=0.000292699 grad_norm=0.4552
step=1200 train_loss=2.2445 lr=0.000292626 grad_norm=0.4446 val_loss=2.2492
step=1205 train_loss=2.2100 lr=0.000292553 grad_norm=0.3840
step=1210 train_loss=2.1639 lr=0.000292479 grad_norm=0.4218
step=1215 train_loss=2.2431 lr=0.000292405 grad_norm=0.4656
step=1220 train_loss=2.2071 lr=0.000292331 grad_norm=0.4212
step=1225 train_loss=2.1984 lr=0.000292256 grad_norm=0.3795
step=1230 train_loss=2.1962 lr=0.000292181 grad_norm=0.4062
step=1235 train_loss=2.2078 lr=0.000292105 grad_norm=0.4195
step=1240 train_loss=2.2308 lr=0.000292029 grad_norm=0.4097
step=1245 train_loss=2.1911 lr=0.000291953 grad_norm=0.4661
step=1250 train_loss=2.1514 lr=0.000291877 grad_norm=0.5217
step=1255 train_loss=2.2078 lr=0.0002918 grad_norm=0.4504
step=1260 train_loss=2.1759 lr=0.000291723 grad_norm=0.4510
step=1265 train_loss=2.2162 lr=0.000291645 grad_norm=0.5110
step=1270 train_loss=2.1526 lr=0.000291567 grad_norm=0.4455
step=1275 train_loss=2.1584 lr=0.000291489 grad_norm=0.4635
step=1280 train_loss=2.1764 lr=0.00029141 grad_norm=0.4374
step=1285 train_loss=2.1893 lr=0.000291331 grad_norm=0.4616
step=1290 train_loss=2.1772 lr=0.000291252 grad_norm=0.3964
step=1295 train_loss=2.1517 lr=0.000291172 grad_norm=0.4742
step=1300 train_loss=2.1924 lr=0.000291092 grad_norm=0.4109 val_loss=2.1765
step=1305 train_loss=2.1400 lr=0.000291012 grad_norm=0.4374
step=1310 train_loss=2.1891 lr=0.000290931 grad_norm=0.3931
step=1315 train_loss=2.1679 lr=0.00029085 grad_norm=0.4371
step=1320 train_loss=2.1793 lr=0.000290769 grad_norm=0.4301
step=1325 train_loss=2.1351 lr=0.000290687 grad_norm=0.3995
step=1330 train_loss=2.1733 lr=0.000290605 grad_norm=0.3771
step=1335 train_loss=2.1343 lr=0.000290522 grad_norm=0.3966
step=1340 train_loss=2.1212 lr=0.000290439 grad_norm=0.4412
step=1345 train_loss=2.1619 lr=0.000290356 grad_norm=0.4460
step=1350 train_loss=2.1527 lr=0.000290273 grad_norm=0.4971
step=1355 train_loss=2.1325 lr=0.000290189 grad_norm=0.3889
step=1360 train_loss=2.1159 lr=0.000290104 grad_norm=0.4499
step=1365 train_loss=2.1267 lr=0.00029002 grad_norm=0.4215
step=1370 train_loss=2.1493 lr=0.000289935 grad_norm=0.4083
step=1375 train_loss=2.1840 lr=0.00028985 grad_norm=0.4036
step=1380 train_loss=2.1368 lr=0.000289764 grad_norm=0.4192
step=1385 train_loss=2.1782 lr=0.000289678 grad_norm=0.4285
step=1390 train_loss=2.1337 lr=0.000289592 grad_norm=0.4313
step=1395 train_loss=2.1346 lr=0.000289505 grad_norm=0.3918
step=1400 train_loss=2.1641 lr=0.000289418 grad_norm=0.4391 val_loss=2.1684
step=1405 train_loss=2.1479 lr=0.000289331 grad_norm=0.4344
step=1410 train_loss=2.1723 lr=0.000289243 grad_norm=0.4578
step=1415 train_loss=2.0945 lr=0.000289155 grad_norm=0.4312
step=1420 train_loss=2.1151 lr=0.000289067 grad_norm=0.4634
step=1425 train_loss=2.1260 lr=0.000288978 grad_norm=0.4059
step=1430 train_loss=2.1141 lr=0.000288889 grad_norm=0.4032
step=1435 train_loss=2.1218 lr=0.0002888 grad_norm=0.4283
step=1440 train_loss=2.1097 lr=0.00028871 grad_norm=0.4032
step=1445 train_loss=2.0766 lr=0.00028862 grad_norm=0.3825
step=1450 train_loss=2.1514 lr=0.000288529 grad_norm=0.4900
step=1455 train_loss=2.0941 lr=0.000288439 grad_norm=0.3683
step=1460 train_loss=2.1150 lr=0.000288347 grad_norm=0.3943
step=1465 train_loss=2.1585 lr=0.000288256 grad_norm=0.4128
step=1470 train_loss=2.1263 lr=0.000288164 grad_norm=0.3916
step=1475 train_loss=2.0908 lr=0.000288072 grad_norm=0.4259
step=1480 train_loss=2.0977 lr=0.00028798 grad_norm=0.4046
step=1485 train_loss=2.1365 lr=0.000287887 grad_norm=0.4251
step=1490 train_loss=2.1215 lr=0.000287794 grad_norm=0.4854
step=1495 train_loss=2.0870 lr=0.0002877 grad_norm=0.4134
step=1500 train_loss=2.1035 lr=0.000287606 grad_norm=0.4310 val_loss=2.0934
Saved checkpoint at step 1500
