step=5 train_loss=9.0556 lr=3e-06 grad_norm=1.1100
step=10 train_loss=9.0211 lr=6.75e-06 grad_norm=1.1342
step=15 train_loss=8.9769 lr=1.05e-05 grad_norm=1.1356
step=20 train_loss=8.9127 lr=1.425e-05 grad_norm=1.1697
step=25 train_loss=8.8125 lr=1.8e-05 grad_norm=1.3208
step=30 train_loss=8.7074 lr=2.175e-05 grad_norm=1.4521
step=35 train_loss=8.5550 lr=2.55e-05 grad_norm=1.6814
step=40 train_loss=8.3949 lr=2.925e-05 grad_norm=1.9104
step=45 train_loss=8.2158 lr=3.3e-05 grad_norm=2.0822
step=50 train_loss=8.0464 lr=3.675e-05 grad_norm=2.1867
step=55 train_loss=7.8640 lr=4.05e-05 grad_norm=2.2584
step=60 train_loss=7.6871 lr=4.425e-05 grad_norm=2.2767
step=65 train_loss=7.5148 lr=4.8e-05 grad_norm=2.2495
step=70 train_loss=7.3443 lr=5.175e-05 grad_norm=2.1803
step=75 train_loss=7.1670 lr=5.55e-05 grad_norm=2.1594
step=80 train_loss=6.9697 lr=5.925e-05 grad_norm=2.1057
step=85 train_loss=6.7893 lr=6.3e-05 grad_norm=2.0190
step=90 train_loss=6.6080 lr=6.675e-05 grad_norm=1.9361
step=95 train_loss=6.4338 lr=7.05e-05 grad_norm=1.8166
step=100 train_loss=6.2731 lr=7.425e-05 grad_norm=1.6743 val_loss=6.2244
step=105 train_loss=6.0694 lr=7.8e-05 grad_norm=1.5979
step=110 train_loss=5.8954 lr=8.175e-05 grad_norm=1.4590
step=115 train_loss=5.7076 lr=8.55e-05 grad_norm=1.2948
step=120 train_loss=5.5853 lr=8.925e-05 grad_norm=1.1291
step=125 train_loss=5.4371 lr=9.3e-05 grad_norm=0.9480
step=130 train_loss=5.3082 lr=9.675e-05 grad_norm=0.7939
step=135 train_loss=5.1681 lr=0.0001005 grad_norm=0.6913
step=140 train_loss=5.0166 lr=0.00010425 grad_norm=0.6659
step=145 train_loss=4.9199 lr=0.000108 grad_norm=0.5145
step=150 train_loss=4.8338 lr=0.00011175 grad_norm=0.4901
step=155 train_loss=4.7278 lr=0.0001155 grad_norm=0.4501
step=160 train_loss=4.6468 lr=0.00011925 grad_norm=0.4078
step=165 train_loss=4.5321 lr=0.000123 grad_norm=0.3555
step=170 train_loss=4.4736 lr=0.00012675 grad_norm=0.3490
step=175 train_loss=4.3747 lr=0.0001305 grad_norm=0.3371
step=180 train_loss=4.3195 lr=0.00013425 grad_norm=0.3094
step=185 train_loss=4.2532 lr=0.000138 grad_norm=0.2916
step=190 train_loss=4.1617 lr=0.00014175 grad_norm=0.3266
step=195 train_loss=4.1311 lr=0.0001455 grad_norm=0.4288
step=200 train_loss=4.0697 lr=0.00014925 grad_norm=0.3044 val_loss=4.1055
step=205 train_loss=3.9676 lr=0.000153 grad_norm=0.3336
step=210 train_loss=3.9642 lr=0.00015675 grad_norm=0.3718
step=215 train_loss=3.9414 lr=0.0001605 grad_norm=0.3311
step=220 train_loss=3.8555 lr=0.00016425 grad_norm=0.4448
step=225 train_loss=3.8224 lr=0.000168 grad_norm=0.3428
step=230 train_loss=3.7895 lr=0.00017175 grad_norm=0.4851
step=235 train_loss=3.7300 lr=0.0001755 grad_norm=0.4912
step=240 train_loss=3.7489 lr=0.00017925 grad_norm=0.3552
step=245 train_loss=3.6845 lr=0.000183 grad_norm=0.3389
step=250 train_loss=3.6440 lr=0.00018675 grad_norm=0.4073
step=255 train_loss=3.6196 lr=0.0001905 grad_norm=0.3909
step=260 train_loss=3.5639 lr=0.00019425 grad_norm=0.4602
step=265 train_loss=3.5506 lr=0.000198 grad_norm=0.6265
step=270 train_loss=3.5428 lr=0.00020175 grad_norm=0.5790
step=275 train_loss=3.5806 lr=0.0002055 grad_norm=0.5005
step=280 train_loss=3.5283 lr=0.00020925 grad_norm=0.4544
step=285 train_loss=3.4626 lr=0.000213 grad_norm=0.3808
step=290 train_loss=3.4617 lr=0.00021675 grad_norm=0.5407
step=295 train_loss=3.4250 lr=0.0002205 grad_norm=0.4792
step=300 train_loss=3.4113 lr=0.00022425 grad_norm=0.5980 val_loss=3.4360
step=305 train_loss=3.3897 lr=0.000228 grad_norm=0.7379
step=310 train_loss=3.3472 lr=0.00023175 grad_norm=0.5240
step=315 train_loss=3.3247 lr=0.0002355 grad_norm=0.5255
step=320 train_loss=3.3314 lr=0.00023925 grad_norm=0.4550
step=325 train_loss=3.2816 lr=0.000243 grad_norm=0.4787
step=330 train_loss=3.2553 lr=0.00024675 grad_norm=0.8525
step=335 train_loss=3.2675 lr=0.0002505 grad_norm=0.5778
step=340 train_loss=3.2769 lr=0.00025425 grad_norm=0.7146
step=345 train_loss=3.2356 lr=0.000258 grad_norm=0.4579
step=350 train_loss=3.2270 lr=0.00026175 grad_norm=0.5525
step=355 train_loss=3.1685 lr=0.0002655 grad_norm=0.5165
step=360 train_loss=3.1790 lr=0.00026925 grad_norm=0.4855
step=365 train_loss=3.1666 lr=0.000273 grad_norm=0.3481
step=370 train_loss=3.1497 lr=0.00027675 grad_norm=0.9346
step=375 train_loss=3.1285 lr=0.0002805 grad_norm=0.5751
step=380 train_loss=3.1299 lr=0.00028425 grad_norm=0.6634
step=385 train_loss=3.0983 lr=0.000288 grad_norm=0.7186
step=390 train_loss=3.1026 lr=0.00029175 grad_norm=0.4557
step=395 train_loss=3.0687 lr=0.0002955 grad_norm=0.5151
step=400 train_loss=3.0811 lr=0.00029925 grad_norm=0.5308 val_loss=3.0704
step=405 train_loss=3.0610 lr=0.0003 grad_norm=0.5473
step=410 train_loss=3.0466 lr=0.000299999 grad_norm=0.5776
step=415 train_loss=3.0365 lr=0.000299999 grad_norm=0.4534
step=420 train_loss=3.0049 lr=0.000299997 grad_norm=0.6471
step=425 train_loss=2.9815 lr=0.000299996 grad_norm=0.5258
step=430 train_loss=2.9891 lr=0.000299994 grad_norm=0.5807
step=435 train_loss=2.9958 lr=0.000299992 grad_norm=0.6808
step=440 train_loss=2.9978 lr=0.000299989 grad_norm=0.6504
step=445 train_loss=2.8978 lr=0.000299986 grad_norm=0.6687
step=450 train_loss=2.9429 lr=0.000299983 grad_norm=0.5808
step=455 train_loss=2.9240 lr=0.000299979 grad_norm=0.5558
step=460 train_loss=2.9120 lr=0.000299975 grad_norm=0.7983
step=465 train_loss=2.8736 lr=0.00029997 grad_norm=0.5106
step=470 train_loss=2.9058 lr=0.000299966 grad_norm=0.4978
step=475 train_loss=2.8955 lr=0.00029996 grad_norm=0.4545
step=480 train_loss=2.8830 lr=0.000299955 grad_norm=0.6478
step=485 train_loss=2.8299 lr=0.000299949 grad_norm=0.5664
step=490 train_loss=2.8211 lr=0.000299943 grad_norm=0.5192
step=495 train_loss=2.8433 lr=0.000299936 grad_norm=0.7859
step=500 train_loss=2.8423 lr=0.000299929 grad_norm=0.4752 val_loss=2.8000
step=505 train_loss=2.8262 lr=0.000299922 grad_norm=0.5924
step=510 train_loss=2.7887 lr=0.000299914 grad_norm=0.5077
step=515 train_loss=2.8087 lr=0.000299906 grad_norm=0.6920
step=520 train_loss=2.8207 lr=0.000299898 grad_norm=0.5565
step=525 train_loss=2.7910 lr=0.000299889 grad_norm=0.5296
step=530 train_loss=2.8146 lr=0.00029988 grad_norm=0.5265
step=535 train_loss=2.7832 lr=0.00029987 grad_norm=0.5047
step=540 train_loss=2.7672 lr=0.00029986 grad_norm=0.9018
step=545 train_loss=2.7830 lr=0.00029985 grad_norm=0.6693
step=550 train_loss=2.7430 lr=0.00029984 grad_norm=0.5430
step=555 train_loss=2.7497 lr=0.000299829 grad_norm=0.4768
step=560 train_loss=2.7124 lr=0.000299817 grad_norm=0.5360
step=565 train_loss=2.7257 lr=0.000299806 grad_norm=0.7119
step=570 train_loss=2.7487 lr=0.000299794 grad_norm=0.5065
step=575 train_loss=2.7286 lr=0.000299781 grad_norm=0.4939
step=580 train_loss=2.6898 lr=0.000299768 grad_norm=0.7063
step=585 train_loss=2.7141 lr=0.000299755 grad_norm=0.7011
step=590 train_loss=2.6460 lr=0.000299742 grad_norm=0.7735
step=595 train_loss=2.7094 lr=0.000299728 grad_norm=0.5771
step=600 train_loss=2.6611 lr=0.000299714 grad_norm=0.5344 val_loss=2.7127
step=605 train_loss=2.6861 lr=0.000299699 grad_norm=0.4987
step=610 train_loss=2.6696 lr=0.000299684 grad_norm=0.5714
step=615 train_loss=2.6825 lr=0.000299669 grad_norm=0.5167
step=620 train_loss=2.7315 lr=0.000299653 grad_norm=0.6600
step=625 train_loss=2.6206 lr=0.000299637 grad_norm=0.4561
step=630 train_loss=2.6716 lr=0.000299621 grad_norm=0.6627
step=635 train_loss=2.6277 lr=0.000299604 grad_norm=0.5242
step=640 train_loss=2.6051 lr=0.000299587 grad_norm=0.5174
step=645 train_loss=2.6208 lr=0.00029957 grad_norm=0.4644
step=650 train_loss=2.6112 lr=0.000299552 grad_norm=0.4596
step=655 train_loss=2.5920 lr=0.000299534 grad_norm=0.8426
step=660 train_loss=2.6069 lr=0.000299515 grad_norm=0.6599
step=665 train_loss=2.6187 lr=0.000299496 grad_norm=0.5111
step=670 train_loss=2.6143 lr=0.000299477 grad_norm=0.5806
step=675 train_loss=2.6182 lr=0.000299458 grad_norm=0.5013
step=680 train_loss=2.6168 lr=0.000299438 grad_norm=0.6087
step=685 train_loss=2.5772 lr=0.000299417 grad_norm=0.6239
step=690 train_loss=2.5971 lr=0.000299397 grad_norm=0.4846
step=695 train_loss=2.6031 lr=0.000299376 grad_norm=0.4856
step=700 train_loss=2.5658 lr=0.000299354 grad_norm=0.5534 val_loss=2.5525
step=705 train_loss=2.5317 lr=0.000299332 grad_norm=0.5344
step=710 train_loss=2.5553 lr=0.00029931 grad_norm=0.4289
step=715 train_loss=2.5337 lr=0.000299288 grad_norm=0.5425
step=720 train_loss=2.5522 lr=0.000299265 grad_norm=0.5494
step=725 train_loss=2.5687 lr=0.000299242 grad_norm=0.5678
step=730 train_loss=2.5282 lr=0.000299218 grad_norm=0.5615
step=735 train_loss=2.5255 lr=0.000299194 grad_norm=0.5587
step=740 train_loss=2.5757 lr=0.00029917 grad_norm=0.5152
step=745 train_loss=2.4752 lr=0.000299145 grad_norm=0.5791
step=750 train_loss=2.5309 lr=0.00029912 grad_norm=0.4907
step=755 train_loss=2.5442 lr=0.000299095 grad_norm=0.5173
step=760 train_loss=2.5071 lr=0.000299069 grad_norm=0.4667
step=765 train_loss=2.5317 lr=0.000299043 grad_norm=0.6618
step=770 train_loss=2.4957 lr=0.000299017 grad_norm=0.6113
step=775 train_loss=2.5222 lr=0.00029899 grad_norm=0.5712
step=780 train_loss=2.5182 lr=0.000298963 grad_norm=0.5168
step=785 train_loss=2.4843 lr=0.000298935 grad_norm=0.5924
step=790 train_loss=2.4875 lr=0.000298907 grad_norm=0.5363
step=795 train_loss=2.4857 lr=0.000298879 grad_norm=0.6120
step=800 train_loss=2.4771 lr=0.000298851 grad_norm=0.5251 val_loss=2.4874
step=805 train_loss=2.4792 lr=0.000298822 grad_norm=0.5746
step=810 train_loss=2.4707 lr=0.000298792 grad_norm=0.4992
step=815 train_loss=2.4832 lr=0.000298763 grad_norm=0.5986
step=820 train_loss=2.4537 lr=0.000298733 grad_norm=0.5658
step=825 train_loss=2.5015 lr=0.000298702 grad_norm=0.5452
step=830 train_loss=2.4715 lr=0.000298672 grad_norm=0.5561
step=835 train_loss=2.4379 lr=0.00029864 grad_norm=0.5859
step=840 train_loss=2.4607 lr=0.000298609 grad_norm=0.4468
step=845 train_loss=2.4834 lr=0.000298577 grad_norm=0.5259
step=850 train_loss=2.4141 lr=0.000298545 grad_norm=0.4956
step=855 train_loss=2.4020 lr=0.000298512 grad_norm=0.5588
step=860 train_loss=2.4713 lr=0.00029848 grad_norm=0.4547
step=865 train_loss=2.4158 lr=0.000298446 grad_norm=0.6102
step=870 train_loss=2.3639 lr=0.000298413 grad_norm=0.5928
step=875 train_loss=2.4582 lr=0.000298379 grad_norm=0.5332
step=880 train_loss=2.4209 lr=0.000298344 grad_norm=0.4991
step=885 train_loss=2.4166 lr=0.00029831 grad_norm=0.4961
step=890 train_loss=2.4590 lr=0.000298275 grad_norm=0.4742
step=895 train_loss=2.4091 lr=0.000298239 grad_norm=0.4231
step=900 train_loss=2.3771 lr=0.000298204 grad_norm=0.4085 val_loss=2.3769
step=905 train_loss=2.4349 lr=0.000298168 grad_norm=0.5200
step=910 train_loss=2.3741 lr=0.000298131 grad_norm=0.5425
step=915 train_loss=2.4274 lr=0.000298094 grad_norm=0.5164
step=920 train_loss=2.3433 lr=0.000298057 grad_norm=0.5250
step=925 train_loss=2.3702 lr=0.00029802 grad_norm=0.4204
step=930 train_loss=2.3420 lr=0.000297982 grad_norm=0.4497
step=935 train_loss=2.3954 lr=0.000297944 grad_norm=0.5299
step=940 train_loss=2.3654 lr=0.000297905 grad_norm=0.6082
step=945 train_loss=2.3416 lr=0.000297866 grad_norm=0.5951
step=950 train_loss=2.3788 lr=0.000297827 grad_norm=0.5305
step=955 train_loss=2.3632 lr=0.000297787 grad_norm=0.4464
step=960 train_loss=2.3238 lr=0.000297747 grad_norm=0.4869
step=965 train_loss=2.3843 lr=0.000297707 grad_norm=0.5050
step=970 train_loss=2.3317 lr=0.000297666 grad_norm=0.5658
step=975 train_loss=2.3872 lr=0.000297625 grad_norm=0.5378
step=980 train_loss=2.3451 lr=0.000297583 grad_norm=0.4546
step=985 train_loss=2.2740 lr=0.000297542 grad_norm=0.4287
step=990 train_loss=2.3637 lr=0.000297499 grad_norm=0.5150
step=995 train_loss=2.3154 lr=0.000297457 grad_norm=0.4335
step=1000 train_loss=2.3471 lr=0.000297414 grad_norm=0.5138 val_loss=2.3725
step=1005 train_loss=2.3395 lr=0.000297371 grad_norm=0.4280
step=1010 train_loss=2.3419 lr=0.000297327 grad_norm=0.4473
step=1015 train_loss=2.2830 lr=0.000297283 grad_norm=0.4204
step=1020 train_loss=2.2843 lr=0.000297239 grad_norm=0.5475
step=1025 train_loss=2.2591 lr=0.000297194 grad_norm=0.4769
step=1030 train_loss=2.3338 lr=0.00029715 grad_norm=0.4648
step=1035 train_loss=2.3039 lr=0.000297104 grad_norm=0.4793
step=1040 train_loss=2.2868 lr=0.000297058 grad_norm=0.5153
step=1045 train_loss=2.2948 lr=0.000297012 grad_norm=0.4749
step=1050 train_loss=2.3400 lr=0.000296966 grad_norm=0.5423
step=1055 train_loss=2.2986 lr=0.000296919 grad_norm=0.5721
step=1060 train_loss=2.3263 lr=0.000296872 grad_norm=0.5136
step=1065 train_loss=2.3185 lr=0.000296825 grad_norm=0.4725
step=1070 train_loss=2.3039 lr=0.000296777 grad_norm=0.4654
step=1075 train_loss=2.3092 lr=0.000296729 grad_norm=0.4248
step=1080 train_loss=2.3000 lr=0.00029668 grad_norm=0.4855
step=1085 train_loss=2.2847 lr=0.000296631 grad_norm=0.4484
step=1090 train_loss=2.2698 lr=0.000296582 grad_norm=0.4910
step=1095 train_loss=2.2131 lr=0.000296533 grad_norm=0.4606
step=1100 train_loss=2.2991 lr=0.000296483 grad_norm=0.5870 val_loss=2.2048
step=1105 train_loss=2.3198 lr=0.000296432 grad_norm=0.6354
step=1110 train_loss=2.2468 lr=0.000296382 grad_norm=0.5633
step=1115 train_loss=2.2111 lr=0.000296331 grad_norm=0.4558
step=1120 train_loss=2.2529 lr=0.000296279 grad_norm=0.5556
step=1125 train_loss=2.2547 lr=0.000296228 grad_norm=0.5030
step=1130 train_loss=2.2847 lr=0.000296176 grad_norm=0.4928
step=1135 train_loss=2.2158 lr=0.000296123 grad_norm=0.4383
step=1140 train_loss=2.2596 lr=0.000296071 grad_norm=0.4831
step=1145 train_loss=2.2681 lr=0.000296018 grad_norm=0.4354
step=1150 train_loss=2.2660 lr=0.000295964 grad_norm=0.4617
step=1155 train_loss=2.2362 lr=0.00029591 grad_norm=0.4530
step=1160 train_loss=2.2358 lr=0.000295856 grad_norm=0.4648
step=1165 train_loss=2.2398 lr=0.000295802 grad_norm=0.4660
step=1170 train_loss=2.2461 lr=0.000295747 grad_norm=0.5645
step=1175 train_loss=2.2326 lr=0.000295692 grad_norm=0.5374
step=1180 train_loss=2.2388 lr=0.000295636 grad_norm=0.5065
step=1185 train_loss=2.2293 lr=0.00029558 grad_norm=0.4919
step=1190 train_loss=2.2124 lr=0.000295524 grad_norm=0.4860
step=1195 train_loss=2.2250 lr=0.000295467 grad_norm=0.4511
step=1200 train_loss=2.2695 lr=0.00029541 grad_norm=0.4549 val_loss=2.2802
step=1205 train_loss=2.2417 lr=0.000295353 grad_norm=0.4230
step=1210 train_loss=2.1990 lr=0.000295296 grad_norm=0.4870
step=1215 train_loss=2.2725 lr=0.000295238 grad_norm=0.4921
step=1220 train_loss=2.2383 lr=0.000295179 grad_norm=0.4846
step=1225 train_loss=2.2226 lr=0.000295121 grad_norm=0.4395
step=1230 train_loss=2.2185 lr=0.000295062 grad_norm=0.4320
step=1235 train_loss=2.2354 lr=0.000295002 grad_norm=0.5080
step=1240 train_loss=2.2568 lr=0.000294942 grad_norm=0.5047
step=1245 train_loss=2.2217 lr=0.000294882 grad_norm=0.4956
step=1250 train_loss=2.1803 lr=0.000294822 grad_norm=0.4861
step=1255 train_loss=2.2348 lr=0.000294761 grad_norm=0.5174
step=1260 train_loss=2.1979 lr=0.0002947 grad_norm=0.4274
step=1265 train_loss=2.2339 lr=0.000294639 grad_norm=0.4776
step=1270 train_loss=2.1800 lr=0.000294577 grad_norm=0.3986
step=1275 train_loss=2.1824 lr=0.000294515 grad_norm=0.5169
step=1280 train_loss=2.2074 lr=0.000294452 grad_norm=0.5570
step=1285 train_loss=2.2099 lr=0.000294389 grad_norm=0.4692
step=1290 train_loss=2.2063 lr=0.000294326 grad_norm=0.5047
step=1295 train_loss=2.1764 lr=0.000294262 grad_norm=0.4923
step=1300 train_loss=2.2150 lr=0.000294199 grad_norm=0.4614 val_loss=2.2004
step=1305 train_loss=2.1625 lr=0.000294134 grad_norm=0.4710
step=1310 train_loss=2.2155 lr=0.00029407 grad_norm=0.4265
step=1315 train_loss=2.1843 lr=0.000294005 grad_norm=0.4525
step=1320 train_loss=2.2035 lr=0.00029394 grad_norm=0.5502
step=1325 train_loss=2.1548 lr=0.000293874 grad_norm=0.4393
step=1330 train_loss=2.1963 lr=0.000293808 grad_norm=0.3861
step=1335 train_loss=2.1555 lr=0.000293742 grad_norm=0.4784
step=1340 train_loss=2.1394 lr=0.000293675 grad_norm=0.4044
step=1345 train_loss=2.1829 lr=0.000293608 grad_norm=0.4950
step=1350 train_loss=2.1751 lr=0.000293541 grad_norm=0.5129
step=1355 train_loss=2.1554 lr=0.000293473 grad_norm=0.4390
step=1360 train_loss=2.1363 lr=0.000293405 grad_norm=0.4778
step=1365 train_loss=2.1512 lr=0.000293337 grad_norm=0.4410
step=1370 train_loss=2.1727 lr=0.000293268 grad_norm=0.4844
step=1375 train_loss=2.2013 lr=0.000293199 grad_norm=0.4512
step=1380 train_loss=2.1616 lr=0.000293129 grad_norm=0.4475
step=1385 train_loss=2.1942 lr=0.00029306 grad_norm=0.4053
step=1390 train_loss=2.1500 lr=0.000292989 grad_norm=0.5014
step=1395 train_loss=2.1546 lr=0.000292919 grad_norm=0.4951
step=1400 train_loss=2.1787 lr=0.000292848 grad_norm=0.4431 val_loss=2.1927
step=1405 train_loss=2.1668 lr=0.000292777 grad_norm=0.4321
step=1410 train_loss=2.1893 lr=0.000292706 grad_norm=0.4689
step=1415 train_loss=2.1149 lr=0.000292634 grad_norm=0.4145
step=1420 train_loss=2.1284 lr=0.000292562 grad_norm=0.4064
step=1425 train_loss=2.1466 lr=0.000292489 grad_norm=0.4498
step=1430 train_loss=2.1314 lr=0.000292416 grad_norm=0.4584
step=1435 train_loss=2.1413 lr=0.000292343 grad_norm=0.5343
step=1440 train_loss=2.1279 lr=0.00029227 grad_norm=0.4310
step=1445 train_loss=2.0980 lr=0.000292196 grad_norm=0.4512
step=1450 train_loss=2.1725 lr=0.000292122 grad_norm=0.5551
step=1455 train_loss=2.1103 lr=0.000292047 grad_norm=0.4182
step=1460 train_loss=2.1359 lr=0.000291972 grad_norm=0.4051
step=1465 train_loss=2.1725 lr=0.000291897 grad_norm=0.4872
step=1470 train_loss=2.1423 lr=0.000291822 grad_norm=0.4168
step=1475 train_loss=2.1052 lr=0.000291746 grad_norm=0.4168
step=1480 train_loss=2.1106 lr=0.000291669 grad_norm=0.4238
step=1485 train_loss=2.1504 lr=0.000291593 grad_norm=0.4233
step=1490 train_loss=2.1391 lr=0.000291516 grad_norm=0.4791
step=1495 train_loss=2.1021 lr=0.000291439 grad_norm=0.4807
step=1500 train_loss=2.1180 lr=0.000291361 grad_norm=0.4510 val_loss=2.1058
Saved checkpoint at step 1500
