step=5 train_loss=9.0698 lr=6e-06 grad_norm=1.1243
step=10 train_loss=9.0178 lr=1.35e-05 grad_norm=1.1268
step=15 train_loss=8.9244 lr=2.1e-05 grad_norm=1.1719
step=20 train_loss=8.7882 lr=2.85e-05 grad_norm=1.2962
step=25 train_loss=8.6053 lr=3.6e-05 grad_norm=1.5627
step=30 train_loss=8.3802 lr=4.35e-05 grad_norm=1.8516
step=35 train_loss=8.1223 lr=5.1e-05 grad_norm=2.1214
step=40 train_loss=7.8636 lr=5.85e-05 grad_norm=2.2628
step=45 train_loss=7.6122 lr=6.6e-05 grad_norm=2.3196
step=50 train_loss=7.3730 lr=7.35e-05 grad_norm=2.2975
step=55 train_loss=7.1161 lr=8.1e-05 grad_norm=2.2595
step=60 train_loss=6.8469 lr=8.85e-05 grad_norm=2.1705
step=65 train_loss=6.5991 lr=9.6e-05 grad_norm=2.0384
step=70 train_loss=6.3688 lr=0.0001035 grad_norm=1.8465
step=75 train_loss=6.1364 lr=0.000111 grad_norm=1.6673
step=80 train_loss=5.8879 lr=0.0001185 grad_norm=1.4397
step=85 train_loss=5.6768 lr=0.000126 grad_norm=1.1821
step=90 train_loss=5.4756 lr=0.0001335 grad_norm=0.9380
step=95 train_loss=5.3003 lr=0.000141 grad_norm=0.7003
step=100 train_loss=5.1556 lr=0.0001485 grad_norm=0.5430 val_loss=5.1104
step=105 train_loss=4.9747 lr=0.000156 grad_norm=0.4989
step=110 train_loss=4.8223 lr=0.0001635 grad_norm=0.4067
step=115 train_loss=4.6604 lr=0.000171 grad_norm=0.4676
step=120 train_loss=4.5863 lr=0.0001785 grad_norm=0.3778
step=125 train_loss=4.4713 lr=0.000186 grad_norm=0.3114
step=130 train_loss=4.3803 lr=0.0001935 grad_norm=0.3234
step=135 train_loss=4.2746 lr=0.000201 grad_norm=0.3040
step=140 train_loss=4.1543 lr=0.0002085 grad_norm=0.3167
step=145 train_loss=4.0950 lr=0.000216 grad_norm=0.2640
step=150 train_loss=4.0486 lr=0.0002235 grad_norm=0.3142
step=155 train_loss=3.9826 lr=0.000231 grad_norm=0.5202
step=160 train_loss=3.9317 lr=0.0002385 grad_norm=0.3096
step=165 train_loss=3.8481 lr=0.000246 grad_norm=0.3227
step=170 train_loss=3.8174 lr=0.0002535 grad_norm=0.3123
step=175 train_loss=3.7492 lr=0.000261 grad_norm=0.4177
step=180 train_loss=3.7114 lr=0.0002685 grad_norm=0.3673
step=185 train_loss=3.6742 lr=0.000276 grad_norm=0.4120
step=190 train_loss=3.5947 lr=0.0002835 grad_norm=0.3008
step=195 train_loss=3.5823 lr=0.000291 grad_norm=0.5309
step=200 train_loss=3.5311 lr=0.0002985 grad_norm=0.3963 val_loss=3.5803
step=205 train_loss=3.4528 lr=0.0003 grad_norm=0.4638
step=210 train_loss=3.4532 lr=0.000299999 grad_norm=0.4177
step=215 train_loss=3.4539 lr=0.000299999 grad_norm=0.4821
step=220 train_loss=3.3687 lr=0.000299997 grad_norm=0.4747
step=225 train_loss=3.3511 lr=0.000299996 grad_norm=0.4321
step=230 train_loss=3.3400 lr=0.000299994 grad_norm=0.4306
step=235 train_loss=3.2904 lr=0.000299992 grad_norm=0.4526
step=240 train_loss=3.3228 lr=0.000299989 grad_norm=0.4047
step=245 train_loss=3.2728 lr=0.000299987 grad_norm=0.5691
step=250 train_loss=3.2347 lr=0.000299983 grad_norm=0.5737
step=255 train_loss=3.2203 lr=0.00029998 grad_norm=0.5550
step=260 train_loss=3.1737 lr=0.000299976 grad_norm=0.4268
step=265 train_loss=3.1761 lr=0.000299972 grad_norm=0.4241
step=270 train_loss=3.1654 lr=0.000299967 grad_norm=0.6210
step=275 train_loss=3.2113 lr=0.000299962 grad_norm=0.4305
step=280 train_loss=3.1712 lr=0.000299957 grad_norm=0.6082
step=285 train_loss=3.1193 lr=0.000299951 grad_norm=0.5883
step=290 train_loss=3.1233 lr=0.000299945 grad_norm=0.5678
step=295 train_loss=3.0898 lr=0.000299939 grad_norm=0.4552
step=300 train_loss=3.0884 lr=0.000299932 grad_norm=0.3761 val_loss=3.1078
step=305 train_loss=3.0733 lr=0.000299925 grad_norm=0.5882
step=310 train_loss=3.0358 lr=0.000299918 grad_norm=0.4433
step=315 train_loss=3.0235 lr=0.00029991 grad_norm=0.5107
step=320 train_loss=3.0386 lr=0.000299902 grad_norm=0.6235
step=325 train_loss=2.9951 lr=0.000299893 grad_norm=0.4249
step=330 train_loss=2.9684 lr=0.000299885 grad_norm=0.6472
step=335 train_loss=2.9931 lr=0.000299875 grad_norm=0.4997
step=340 train_loss=3.0039 lr=0.000299866 grad_norm=0.4109
step=345 train_loss=2.9726 lr=0.000299856 grad_norm=0.4689
step=350 train_loss=2.9639 lr=0.000299846 grad_norm=0.4127
step=355 train_loss=2.9177 lr=0.000299835 grad_norm=0.5003
step=360 train_loss=2.9446 lr=0.000299825 grad_norm=0.5174
step=365 train_loss=2.9326 lr=0.000299813 grad_norm=0.3957
step=370 train_loss=2.9079 lr=0.000299802 grad_norm=0.5512
step=375 train_loss=2.9070 lr=0.00029979 grad_norm=0.5230
step=380 train_loss=2.9044 lr=0.000299778 grad_norm=0.6799
step=385 train_loss=2.8709 lr=0.000299765 grad_norm=0.4694
step=390 train_loss=2.8959 lr=0.000299752 grad_norm=0.5123
step=395 train_loss=2.8692 lr=0.000299739 grad_norm=0.5190
step=400 train_loss=2.8783 lr=0.000299725 grad_norm=0.4450 val_loss=2.8664
step=405 train_loss=2.8672 lr=0.000299711 grad_norm=0.5579
step=410 train_loss=2.8509 lr=0.000299697 grad_norm=0.5178
step=415 train_loss=2.8457 lr=0.000299682 grad_norm=0.4071
step=420 train_loss=2.8183 lr=0.000299667 grad_norm=0.6128
step=425 train_loss=2.7993 lr=0.000299652 grad_norm=0.5179
step=430 train_loss=2.8112 lr=0.000299636 grad_norm=0.4300
step=435 train_loss=2.8187 lr=0.00029962 grad_norm=0.5009
step=440 train_loss=2.8235 lr=0.000299604 grad_norm=0.4458
step=445 train_loss=2.7289 lr=0.000299587 grad_norm=0.5014
step=450 train_loss=2.7787 lr=0.00029957 grad_norm=0.7331
step=455 train_loss=2.7591 lr=0.000299553 grad_norm=0.5264
step=460 train_loss=2.7504 lr=0.000299535 grad_norm=0.5320
step=465 train_loss=2.7184 lr=0.000299517 grad_norm=0.4487
step=470 train_loss=2.7543 lr=0.000299498 grad_norm=0.4635
step=475 train_loss=2.7478 lr=0.000299479 grad_norm=0.4654
step=480 train_loss=2.7339 lr=0.00029946 grad_norm=0.4913
step=485 train_loss=2.6928 lr=0.000299441 grad_norm=0.5404
step=490 train_loss=2.6802 lr=0.000299421 grad_norm=0.5445
step=495 train_loss=2.6954 lr=0.000299401 grad_norm=0.4197
step=500 train_loss=2.7087 lr=0.00029938 grad_norm=0.5449 val_loss=2.6633
step=505 train_loss=2.6927 lr=0.000299359 grad_norm=0.4981
step=510 train_loss=2.6562 lr=0.000299338 grad_norm=0.4822
step=515 train_loss=2.6789 lr=0.000299317 grad_norm=0.4589
step=520 train_loss=2.6908 lr=0.000299295 grad_norm=0.5242
step=525 train_loss=2.6631 lr=0.000299272 grad_norm=0.4829
step=530 train_loss=2.6889 lr=0.00029925 grad_norm=0.5209
step=535 train_loss=2.6577 lr=0.000299227 grad_norm=0.4556
step=540 train_loss=2.6408 lr=0.000299203 grad_norm=0.4940
step=545 train_loss=2.6624 lr=0.00029918 grad_norm=0.5548
step=550 train_loss=2.6282 lr=0.000299156 grad_norm=0.4764
step=555 train_loss=2.6316 lr=0.000299131 grad_norm=0.4320
step=560 train_loss=2.6015 lr=0.000299107 grad_norm=0.5264
step=565 train_loss=2.6030 lr=0.000299082 grad_norm=0.4122
step=570 train_loss=2.6388 lr=0.000299056 grad_norm=0.4698
step=575 train_loss=2.6167 lr=0.000299031 grad_norm=0.4117
step=580 train_loss=2.5812 lr=0.000299005 grad_norm=0.5271
step=585 train_loss=2.6105 lr=0.000298978 grad_norm=0.5771
step=590 train_loss=2.5421 lr=0.000298951 grad_norm=0.5755
step=595 train_loss=2.6030 lr=0.000298924 grad_norm=0.5463
step=600 train_loss=2.5606 lr=0.000298897 grad_norm=0.5662 val_loss=2.6044
step=605 train_loss=2.5841 lr=0.000298869 grad_norm=0.4880
step=610 train_loss=2.5658 lr=0.000298841 grad_norm=0.4336
step=615 train_loss=2.5798 lr=0.000298813 grad_norm=0.4885
step=620 train_loss=2.6302 lr=0.000298784 grad_norm=0.4669
step=625 train_loss=2.5240 lr=0.000298755 grad_norm=0.4311
step=630 train_loss=2.5759 lr=0.000298725 grad_norm=0.5812
step=635 train_loss=2.5328 lr=0.000298695 grad_norm=0.4587
step=640 train_loss=2.5173 lr=0.000298665 grad_norm=0.4355
step=645 train_loss=2.5366 lr=0.000298635 grad_norm=0.5059
step=650 train_loss=2.5309 lr=0.000298604 grad_norm=0.4477
step=655 train_loss=2.5038 lr=0.000298572 grad_norm=0.5475
step=660 train_loss=2.5249 lr=0.000298541 grad_norm=0.5495
step=665 train_loss=2.5346 lr=0.000298509 grad_norm=0.5259
step=670 train_loss=2.5308 lr=0.000298477 grad_norm=0.4725
step=675 train_loss=2.5365 lr=0.000298444 grad_norm=0.4669
step=680 train_loss=2.5349 lr=0.000298411 grad_norm=0.4887
step=685 train_loss=2.4983 lr=0.000298378 grad_norm=0.6519
step=690 train_loss=2.5285 lr=0.000298344 grad_norm=0.4560
step=695 train_loss=2.5295 lr=0.00029831 grad_norm=0.4226
step=700 train_loss=2.4857 lr=0.000298276 grad_norm=0.4169 val_loss=2.4818
step=705 train_loss=2.4624 lr=0.000298241 grad_norm=0.5139
step=710 train_loss=2.4920 lr=0.000298206 grad_norm=0.4852
step=715 train_loss=2.4618 lr=0.000298171 grad_norm=0.4703
step=720 train_loss=2.4837 lr=0.000298135 grad_norm=0.5668
step=725 train_loss=2.4976 lr=0.000298099 grad_norm=0.5683
step=730 train_loss=2.4518 lr=0.000298063 grad_norm=0.4358
step=735 train_loss=2.4599 lr=0.000298026 grad_norm=0.4557
step=740 train_loss=2.5078 lr=0.000297989 grad_norm=0.4942
step=745 train_loss=2.4060 lr=0.000297952 grad_norm=0.4937
step=750 train_loss=2.4683 lr=0.000297914 grad_norm=0.4416
step=755 train_loss=2.4797 lr=0.000297876 grad_norm=0.4276
step=760 train_loss=2.4400 lr=0.000297838 grad_norm=0.4451
step=765 train_loss=2.4680 lr=0.000297799 grad_norm=0.5260
step=770 train_loss=2.4258 lr=0.00029776 grad_norm=0.4723
step=775 train_loss=2.4644 lr=0.000297721 grad_norm=0.4601
step=780 train_loss=2.4541 lr=0.000297681 grad_norm=0.4802
step=785 train_loss=2.4182 lr=0.000297641 grad_norm=0.4037
step=790 train_loss=2.4295 lr=0.0002976 grad_norm=0.4332
step=795 train_loss=2.4250 lr=0.000297559 grad_norm=0.4080
step=800 train_loss=2.4196 lr=0.000297518 grad_norm=0.4440 val_loss=2.4262
step=805 train_loss=2.4232 lr=0.000297477 grad_norm=0.4875
step=810 train_loss=2.4187 lr=0.000297435 grad_norm=0.4770
step=815 train_loss=2.4233 lr=0.000297393 grad_norm=0.3828
step=820 train_loss=2.4010 lr=0.00029735 grad_norm=0.4881
step=825 train_loss=2.4471 lr=0.000297307 grad_norm=0.4469
step=830 train_loss=2.4183 lr=0.000297264 grad_norm=0.4150
step=835 train_loss=2.3920 lr=0.000297221 grad_norm=0.5201
step=840 train_loss=2.4155 lr=0.000297177 grad_norm=0.5164
step=845 train_loss=2.4347 lr=0.000297133 grad_norm=0.4667
step=850 train_loss=2.3656 lr=0.000297088 grad_norm=0.5310
step=855 train_loss=2.3566 lr=0.000297043 grad_norm=0.5018
step=860 train_loss=2.4298 lr=0.000296998 grad_norm=0.4692
step=865 train_loss=2.3702 lr=0.000296953 grad_norm=0.4212
step=870 train_loss=2.3184 lr=0.000296907 grad_norm=0.4495
step=875 train_loss=2.4125 lr=0.00029686 grad_norm=0.4171
step=880 train_loss=2.3830 lr=0.000296814 grad_norm=0.4648
step=885 train_loss=2.3704 lr=0.000296767 grad_norm=0.4476
step=890 train_loss=2.4216 lr=0.00029672 grad_norm=0.4925
step=895 train_loss=2.3737 lr=0.000296672 grad_norm=0.5389
step=900 train_loss=2.3319 lr=0.000296624 grad_norm=0.4328 val_loss=2.3364
step=905 train_loss=2.3997 lr=0.000296576 grad_norm=0.4327
step=910 train_loss=2.3435 lr=0.000296527 grad_norm=0.4502
step=915 train_loss=2.3924 lr=0.000296478 grad_norm=0.4938
step=920 train_loss=2.3095 lr=0.000296429 grad_norm=0.4745
step=925 train_loss=2.3401 lr=0.00029638 grad_norm=0.4459
step=930 train_loss=2.3047 lr=0.00029633 grad_norm=0.4060
step=935 train_loss=2.3666 lr=0.000296279 grad_norm=0.5109
step=940 train_loss=2.3319 lr=0.000296229 grad_norm=0.6625
step=945 train_loss=2.3105 lr=0.000296178 grad_norm=0.5662
step=950 train_loss=2.3407 lr=0.000296126 grad_norm=0.3891
step=955 train_loss=2.3297 lr=0.000296075 grad_norm=0.3807
step=960 train_loss=2.2910 lr=0.000296023 grad_norm=0.4970
step=965 train_loss=2.3546 lr=0.00029597 grad_norm=0.4314
step=970 train_loss=2.3036 lr=0.000295918 grad_norm=0.4742
step=975 train_loss=2.3493 lr=0.000295865 grad_norm=0.5228
step=980 train_loss=2.3209 lr=0.000295812 grad_norm=0.4855
step=985 train_loss=2.2516 lr=0.000295758 grad_norm=0.4235
step=990 train_loss=2.3406 lr=0.000295704 grad_norm=0.4529
step=995 train_loss=2.2907 lr=0.00029565 grad_norm=0.4252
step=1000 train_loss=2.3186 lr=0.000295595 grad_norm=0.5037 val_loss=2.3459
step=1005 train_loss=2.3113 lr=0.00029554 grad_norm=0.4524
step=1010 train_loss=2.3179 lr=0.000295485 grad_norm=0.4513
step=1015 train_loss=2.2560 lr=0.000295429 grad_norm=0.4126
step=1020 train_loss=2.2531 lr=0.000295373 grad_norm=0.4450
step=1025 train_loss=2.2409 lr=0.000295317 grad_norm=0.5972
step=1030 train_loss=2.3145 lr=0.00029526 grad_norm=0.4739
step=1035 train_loss=2.2800 lr=0.000295203 grad_norm=0.4773
step=1040 train_loss=2.2668 lr=0.000295146 grad_norm=0.5118
step=1045 train_loss=2.2690 lr=0.000295088 grad_norm=0.4221
step=1050 train_loss=2.3152 lr=0.00029503 grad_norm=0.3962
step=1055 train_loss=2.2726 lr=0.000294971 grad_norm=0.4501
step=1060 train_loss=2.3086 lr=0.000294913 grad_norm=0.6019
step=1065 train_loss=2.2978 lr=0.000294854 grad_norm=0.4559
step=1070 train_loss=2.2815 lr=0.000294794 grad_norm=0.4265
step=1075 train_loss=2.2918 lr=0.000294735 grad_norm=0.4087
step=1080 train_loss=2.2800 lr=0.000294675 grad_norm=0.4900
step=1085 train_loss=2.2709 lr=0.000294614 grad_norm=0.4225
step=1090 train_loss=2.2507 lr=0.000294554 grad_norm=0.4102
step=1095 train_loss=2.1928 lr=0.000294493 grad_norm=0.4233
step=1100 train_loss=2.2883 lr=0.000294431 grad_norm=0.5685 val_loss=2.1846
step=1105 train_loss=2.3036 lr=0.00029437 grad_norm=0.5677
step=1110 train_loss=2.2317 lr=0.000294308 grad_norm=0.4956
step=1115 train_loss=2.1929 lr=0.000294245 grad_norm=0.4746
step=1120 train_loss=2.2336 lr=0.000294183 grad_norm=0.4910
step=1125 train_loss=2.2391 lr=0.00029412 grad_norm=0.5528
step=1130 train_loss=2.2637 lr=0.000294056 grad_norm=0.3799
step=1135 train_loss=2.1960 lr=0.000293993 grad_norm=0.4129
step=1140 train_loss=2.2441 lr=0.000293929 grad_norm=0.4075
step=1145 train_loss=2.2564 lr=0.000293864 grad_norm=0.3852
step=1150 train_loss=2.2468 lr=0.0002938 grad_norm=0.4230
step=1155 train_loss=2.2243 lr=0.000293735 grad_norm=0.4938
step=1160 train_loss=2.2207 lr=0.000293669 grad_norm=0.4756
step=1165 train_loss=2.2280 lr=0.000293604 grad_norm=0.4237
step=1170 train_loss=2.2309 lr=0.000293538 grad_norm=0.4706
step=1175 train_loss=2.2221 lr=0.000293471 grad_norm=0.4664
step=1180 train_loss=2.2242 lr=0.000293405 grad_norm=0.4760
step=1185 train_loss=2.2135 lr=0.000293338 grad_norm=0.4420
step=1190 train_loss=2.1995 lr=0.00029327 grad_norm=0.4685
step=1195 train_loss=2.2135 lr=0.000293203 grad_norm=0.4504
step=1200 train_loss=2.2573 lr=0.000293135 grad_norm=0.4122 val_loss=2.2671
step=1205 train_loss=2.2308 lr=0.000293066 grad_norm=0.3559
step=1210 train_loss=2.1837 lr=0.000292998 grad_norm=0.4235
step=1215 train_loss=2.2607 lr=0.000292929 grad_norm=0.4767
step=1220 train_loss=2.2239 lr=0.00029286 grad_norm=0.3973
step=1225 train_loss=2.2134 lr=0.00029279 grad_norm=0.3811
step=1230 train_loss=2.2150 lr=0.00029272 grad_norm=0.4137
step=1235 train_loss=2.2251 lr=0.00029265 grad_norm=0.4246
step=1240 train_loss=2.2469 lr=0.000292579 grad_norm=0.4845
step=1245 train_loss=2.2081 lr=0.000292508 grad_norm=0.4269
step=1250 train_loss=2.1669 lr=0.000292437 grad_norm=0.4391
step=1255 train_loss=2.2287 lr=0.000292365 grad_norm=0.4590
step=1260 train_loss=2.1889 lr=0.000292294 grad_norm=0.3700
step=1265 train_loss=2.2276 lr=0.000292221 grad_norm=0.4310
step=1270 train_loss=2.1667 lr=0.000292149 grad_norm=0.3819
step=1275 train_loss=2.1726 lr=0.000292076 grad_norm=0.4443
step=1280 train_loss=2.1973 lr=0.000292003 grad_norm=0.4405
step=1285 train_loss=2.1995 lr=0.000291929 grad_norm=0.4000
step=1290 train_loss=2.1958 lr=0.000291855 grad_norm=0.4366
step=1295 train_loss=2.1715 lr=0.000291781 grad_norm=0.4473
step=1300 train_loss=2.2098 lr=0.000291707 grad_norm=0.4547 val_loss=2.1923
step=1305 train_loss=2.1543 lr=0.000291632 grad_norm=0.4329
step=1310 train_loss=2.2053 lr=0.000291556 grad_norm=0.3790
step=1315 train_loss=2.1840 lr=0.000291481 grad_norm=0.4536
step=1320 train_loss=2.2010 lr=0.000291405 grad_norm=0.4827
step=1325 train_loss=2.1521 lr=0.000291329 grad_norm=0.3958
step=1330 train_loss=2.1907 lr=0.000291253 grad_norm=0.3711
step=1335 train_loss=2.1483 lr=0.000291176 grad_norm=0.4025
step=1340 train_loss=2.1364 lr=0.000291099 grad_norm=0.4051
step=1345 train_loss=2.1777 lr=0.000291021 grad_norm=0.4016
step=1350 train_loss=2.1657 lr=0.000290943 grad_norm=0.4285
step=1355 train_loss=2.1503 lr=0.000290865 grad_norm=0.3807
step=1360 train_loss=2.1333 lr=0.000290787 grad_norm=0.4208
step=1365 train_loss=2.1492 lr=0.000290708 grad_norm=0.4409
step=1370 train_loss=2.1694 lr=0.000290629 grad_norm=0.4296
step=1375 train_loss=2.2003 lr=0.00029055 grad_norm=0.4174
step=1380 train_loss=2.1548 lr=0.00029047 grad_norm=0.4340
step=1385 train_loss=2.1982 lr=0.00029039 grad_norm=0.3886
step=1390 train_loss=2.1443 lr=0.00029031 grad_norm=0.4418
step=1395 train_loss=2.1541 lr=0.000290229 grad_norm=0.4698
step=1400 train_loss=2.1804 lr=0.000290148 grad_norm=0.4318 val_loss=2.1869
step=1405 train_loss=2.1631 lr=0.000290067 grad_norm=0.4071
step=1410 train_loss=2.1876 lr=0.000289985 grad_norm=0.4542
step=1415 train_loss=2.1124 lr=0.000289903 grad_norm=0.3880
step=1420 train_loss=2.1297 lr=0.000289821 grad_norm=0.4529
step=1425 train_loss=2.1490 lr=0.000289738 grad_norm=0.3843
step=1430 train_loss=2.1259 lr=0.000289655 grad_norm=0.4289
step=1435 train_loss=2.1391 lr=0.000289572 grad_norm=0.4536
step=1440 train_loss=2.1243 lr=0.000289489 grad_norm=0.4215
step=1445 train_loss=2.0954 lr=0.000289405 grad_norm=0.3782
step=1450 train_loss=2.1647 lr=0.00028932 grad_norm=0.4194
step=1455 train_loss=2.1088 lr=0.000289236 grad_norm=0.4028
step=1460 train_loss=2.1307 lr=0.000289151 grad_norm=0.3784
step=1465 train_loss=2.1718 lr=0.000289066 grad_norm=0.4280
step=1470 train_loss=2.1402 lr=0.00028898 grad_norm=0.3786
step=1475 train_loss=2.1051 lr=0.000288895 grad_norm=0.4072
step=1480 train_loss=2.1122 lr=0.000288809 grad_norm=0.3936
step=1485 train_loss=2.1519 lr=0.000288722 grad_norm=0.4239
step=1490 train_loss=2.1367 lr=0.000288635 grad_norm=0.4808
step=1495 train_loss=2.1002 lr=0.000288548 grad_norm=0.4153
step=1500 train_loss=2.1142 lr=0.000288461 grad_norm=0.4258 val_loss=2.1074
Saved checkpoint at step 1500
