step=5 train_loss=9.0434 lr=6e-06 grad_norm=1.2080
step=10 train_loss=8.9885 lr=1.35e-05 grad_norm=1.2359
step=15 train_loss=8.8921 lr=2.1e-05 grad_norm=1.2487
step=20 train_loss=8.7445 lr=2.85e-05 grad_norm=1.4104
step=25 train_loss=8.5507 lr=3.6e-05 grad_norm=1.6990
step=30 train_loss=8.3327 lr=4.35e-05 grad_norm=1.9360
step=35 train_loss=8.0762 lr=5.1e-05 grad_norm=2.1771
step=40 train_loss=7.8280 lr=5.85e-05 grad_norm=2.2878
step=45 train_loss=7.5838 lr=6.6e-05 grad_norm=2.3270
step=50 train_loss=7.3473 lr=7.35e-05 grad_norm=2.2992
step=55 train_loss=7.0992 lr=8.1e-05 grad_norm=2.2469
step=60 train_loss=6.8342 lr=8.85e-05 grad_norm=2.1692
step=65 train_loss=6.5869 lr=9.6e-05 grad_norm=2.0396
step=70 train_loss=6.3569 lr=0.0001035 grad_norm=1.8485
step=75 train_loss=6.1199 lr=0.000111 grad_norm=1.6787
step=80 train_loss=5.8712 lr=0.0001185 grad_norm=1.4684
step=85 train_loss=5.6550 lr=0.000126 grad_norm=1.1907
step=90 train_loss=5.4538 lr=0.0001335 grad_norm=0.9394
step=95 train_loss=5.2781 lr=0.000141 grad_norm=0.6933
step=100 train_loss=5.1337 lr=0.0001485 grad_norm=0.5454 val_loss=5.0888
step=105 train_loss=4.9523 lr=0.000156 grad_norm=0.4615
step=110 train_loss=4.7968 lr=0.0001635 grad_norm=0.4092
step=115 train_loss=4.6330 lr=0.000171 grad_norm=0.3818
step=120 train_loss=4.5533 lr=0.0001785 grad_norm=0.4115
step=125 train_loss=4.4447 lr=0.000186 grad_norm=0.2990
step=130 train_loss=4.3578 lr=0.0001935 grad_norm=0.3454
step=135 train_loss=4.2538 lr=0.000201 grad_norm=0.3667
step=140 train_loss=4.1353 lr=0.0002085 grad_norm=0.2990
step=145 train_loss=4.0750 lr=0.000216 grad_norm=0.3660
step=150 train_loss=4.0397 lr=0.0002235 grad_norm=0.5080
step=155 train_loss=3.9661 lr=0.000231 grad_norm=0.4128
step=160 train_loss=3.9187 lr=0.0002385 grad_norm=0.3096
step=165 train_loss=3.8335 lr=0.000246 grad_norm=0.3063
step=170 train_loss=3.8049 lr=0.0002535 grad_norm=0.2825
step=175 train_loss=3.7438 lr=0.000261 grad_norm=0.5193
step=180 train_loss=3.7084 lr=0.0002685 grad_norm=0.5402
step=185 train_loss=3.6652 lr=0.000276 grad_norm=0.2992
step=190 train_loss=3.5987 lr=0.0002835 grad_norm=0.3451
step=195 train_loss=3.5795 lr=0.000291 grad_norm=0.5123
step=200 train_loss=3.5341 lr=0.0002985 grad_norm=0.4642 val_loss=3.5778
step=205 train_loss=3.4517 lr=0.0003 grad_norm=0.4410
step=210 train_loss=3.4557 lr=0.000299999 grad_norm=0.4151
step=215 train_loss=3.4540 lr=0.000299999 grad_norm=0.4963
step=220 train_loss=3.3708 lr=0.000299997 grad_norm=0.3876
step=225 train_loss=3.3496 lr=0.000299996 grad_norm=0.4137
step=230 train_loss=3.3503 lr=0.000299994 grad_norm=0.7944
step=235 train_loss=3.2892 lr=0.000299992 grad_norm=0.3889
step=240 train_loss=3.3269 lr=0.000299989 grad_norm=0.5305
step=245 train_loss=3.2705 lr=0.000299987 grad_norm=0.4051
step=250 train_loss=3.2319 lr=0.000299983 grad_norm=0.3540
step=255 train_loss=3.2200 lr=0.00029998 grad_norm=0.4268
step=260 train_loss=3.1716 lr=0.000299976 grad_norm=0.4828
step=265 train_loss=3.1749 lr=0.000299972 grad_norm=0.3933
step=270 train_loss=3.1606 lr=0.000299967 grad_norm=0.6630
step=275 train_loss=3.2160 lr=0.000299962 grad_norm=0.6841
step=280 train_loss=3.1690 lr=0.000299957 grad_norm=0.5752
step=285 train_loss=3.1081 lr=0.000299951 grad_norm=0.4222
step=290 train_loss=3.1215 lr=0.000299945 grad_norm=0.5133
step=295 train_loss=3.0840 lr=0.000299939 grad_norm=0.5045
step=300 train_loss=3.0873 lr=0.000299932 grad_norm=0.5477 val_loss=3.1002
step=305 train_loss=3.0612 lr=0.000299925 grad_norm=0.5271
step=310 train_loss=3.0309 lr=0.000299918 grad_norm=0.4795
step=315 train_loss=3.0188 lr=0.00029991 grad_norm=0.5408
step=320 train_loss=3.0269 lr=0.000299902 grad_norm=0.4088
step=325 train_loss=2.9862 lr=0.000299893 grad_norm=0.3703
step=330 train_loss=2.9664 lr=0.000299885 grad_norm=0.8741
step=335 train_loss=2.9899 lr=0.000299875 grad_norm=0.6852
step=340 train_loss=2.9966 lr=0.000299866 grad_norm=0.4757
step=345 train_loss=2.9645 lr=0.000299856 grad_norm=0.4781
step=350 train_loss=2.9583 lr=0.000299846 grad_norm=0.4834
step=355 train_loss=2.9073 lr=0.000299835 grad_norm=0.5109
step=360 train_loss=2.9322 lr=0.000299825 grad_norm=0.4382
step=365 train_loss=2.9212 lr=0.000299813 grad_norm=0.4963
step=370 train_loss=2.8968 lr=0.000299802 grad_norm=0.4640
step=375 train_loss=2.8963 lr=0.00029979 grad_norm=0.4607
step=380 train_loss=2.8913 lr=0.000299778 grad_norm=0.5439
step=385 train_loss=2.8644 lr=0.000299765 grad_norm=0.5630
step=390 train_loss=2.8846 lr=0.000299752 grad_norm=0.3704
step=395 train_loss=2.8572 lr=0.000299739 grad_norm=0.5183
step=400 train_loss=2.8691 lr=0.000299725 grad_norm=0.4766 val_loss=2.8545
step=405 train_loss=2.8532 lr=0.000299711 grad_norm=0.4471
step=410 train_loss=2.8428 lr=0.000299697 grad_norm=0.4683
step=415 train_loss=2.8370 lr=0.000299682 grad_norm=0.4716
step=420 train_loss=2.8056 lr=0.000299667 grad_norm=0.4867
step=425 train_loss=2.7833 lr=0.000299652 grad_norm=0.3910
step=430 train_loss=2.8058 lr=0.000299636 grad_norm=0.6624
step=435 train_loss=2.8098 lr=0.00029962 grad_norm=0.4422
step=440 train_loss=2.8074 lr=0.000299604 grad_norm=0.3927
step=445 train_loss=2.7182 lr=0.000299587 grad_norm=0.4573
step=450 train_loss=2.7682 lr=0.00029957 grad_norm=0.6104
step=455 train_loss=2.7489 lr=0.000299553 grad_norm=0.4424
step=460 train_loss=2.7390 lr=0.000299535 grad_norm=0.6543
step=465 train_loss=2.7063 lr=0.000299517 grad_norm=0.5942
step=470 train_loss=2.7420 lr=0.000299498 grad_norm=0.3758
step=475 train_loss=2.7342 lr=0.000299479 grad_norm=0.4654
step=480 train_loss=2.7256 lr=0.00029946 grad_norm=0.4872
step=485 train_loss=2.6780 lr=0.000299441 grad_norm=0.4266
step=490 train_loss=2.6617 lr=0.000299421 grad_norm=0.5678
step=495 train_loss=2.6857 lr=0.000299401 grad_norm=0.6235
step=500 train_loss=2.6962 lr=0.00029938 grad_norm=0.4736 val_loss=2.6473
step=505 train_loss=2.6788 lr=0.000299359 grad_norm=0.4404
step=510 train_loss=2.6415 lr=0.000299338 grad_norm=0.5150
step=515 train_loss=2.6633 lr=0.000299317 grad_norm=0.5345
step=520 train_loss=2.6778 lr=0.000299295 grad_norm=0.5143
step=525 train_loss=2.6493 lr=0.000299272 grad_norm=0.5584
step=530 train_loss=2.6771 lr=0.00029925 grad_norm=0.4742
step=535 train_loss=2.6426 lr=0.000299227 grad_norm=0.4310
step=540 train_loss=2.6248 lr=0.000299203 grad_norm=0.4742
step=545 train_loss=2.6438 lr=0.00029918 grad_norm=0.5636
step=550 train_loss=2.6107 lr=0.000299156 grad_norm=0.4205
step=555 train_loss=2.6132 lr=0.000299131 grad_norm=0.4344
step=560 train_loss=2.5844 lr=0.000299107 grad_norm=0.5134
step=565 train_loss=2.5939 lr=0.000299082 grad_norm=0.4417
step=570 train_loss=2.6201 lr=0.000299056 grad_norm=0.4998
step=575 train_loss=2.6049 lr=0.000299031 grad_norm=0.4531
step=580 train_loss=2.5731 lr=0.000299005 grad_norm=0.7076
step=585 train_loss=2.5882 lr=0.000298978 grad_norm=0.4795
step=590 train_loss=2.5297 lr=0.000298951 grad_norm=0.6132
step=595 train_loss=2.5861 lr=0.000298924 grad_norm=0.4429
step=600 train_loss=2.5413 lr=0.000298897 grad_norm=0.4417 val_loss=2.5908
step=605 train_loss=2.5638 lr=0.000298869 grad_norm=0.4310
step=610 train_loss=2.5501 lr=0.000298841 grad_norm=0.4553
step=615 train_loss=2.5670 lr=0.000298813 grad_norm=0.4816
step=620 train_loss=2.6183 lr=0.000298784 grad_norm=0.4728
step=625 train_loss=2.5127 lr=0.000298755 grad_norm=0.4843
step=630 train_loss=2.5609 lr=0.000298725 grad_norm=0.4967
step=635 train_loss=2.5147 lr=0.000298695 grad_norm=0.4472
step=640 train_loss=2.4979 lr=0.000298665 grad_norm=0.4138
step=645 train_loss=2.5191 lr=0.000298635 grad_norm=0.4414
step=650 train_loss=2.5082 lr=0.000298604 grad_norm=0.4412
step=655 train_loss=2.4898 lr=0.000298572 grad_norm=0.7475
step=660 train_loss=2.5048 lr=0.000298541 grad_norm=0.5442
step=665 train_loss=2.5179 lr=0.000298509 grad_norm=0.4594
step=670 train_loss=2.5109 lr=0.000298477 grad_norm=0.4572
step=675 train_loss=2.5163 lr=0.000298444 grad_norm=0.5214
step=680 train_loss=2.5166 lr=0.000298411 grad_norm=0.5647
step=685 train_loss=2.4802 lr=0.000298378 grad_norm=0.6763
step=690 train_loss=2.5025 lr=0.000298344 grad_norm=0.4337
step=695 train_loss=2.5103 lr=0.00029831 grad_norm=0.4404
step=700 train_loss=2.4688 lr=0.000298276 grad_norm=0.4406 val_loss=2.4599
step=705 train_loss=2.4335 lr=0.000298241 grad_norm=0.3898
step=710 train_loss=2.4651 lr=0.000298206 grad_norm=0.4095
step=715 train_loss=2.4438 lr=0.000298171 grad_norm=0.5111
step=720 train_loss=2.4646 lr=0.000298135 grad_norm=0.5311
step=725 train_loss=2.4791 lr=0.000298099 grad_norm=0.4957
step=730 train_loss=2.4351 lr=0.000298063 grad_norm=0.5611
step=735 train_loss=2.4391 lr=0.000298026 grad_norm=0.5174
step=740 train_loss=2.4911 lr=0.000297989 grad_norm=0.5283
step=745 train_loss=2.3867 lr=0.000297952 grad_norm=0.6212
step=750 train_loss=2.4438 lr=0.000297914 grad_norm=0.5123
step=755 train_loss=2.4604 lr=0.000297876 grad_norm=0.6303
step=760 train_loss=2.4205 lr=0.000297838 grad_norm=0.5050
step=765 train_loss=2.4387 lr=0.000297799 grad_norm=0.5146
step=770 train_loss=2.4064 lr=0.00029776 grad_norm=0.3961
step=775 train_loss=2.4424 lr=0.000297721 grad_norm=0.5000
step=780 train_loss=2.4325 lr=0.000297681 grad_norm=0.5755
step=785 train_loss=2.4035 lr=0.000297641 grad_norm=0.5184
step=790 train_loss=2.4105 lr=0.0002976 grad_norm=0.4702
step=795 train_loss=2.4073 lr=0.000297559 grad_norm=0.4932
step=800 train_loss=2.4010 lr=0.000297518 grad_norm=0.4700 val_loss=2.4019
step=805 train_loss=2.4000 lr=0.000297477 grad_norm=0.4522
step=810 train_loss=2.3998 lr=0.000297435 grad_norm=0.5623
step=815 train_loss=2.4004 lr=0.000297393 grad_norm=0.4366
step=820 train_loss=2.3780 lr=0.00029735 grad_norm=0.4170
step=825 train_loss=2.4251 lr=0.000297307 grad_norm=0.4592
step=830 train_loss=2.3941 lr=0.000297264 grad_norm=0.4175
step=835 train_loss=2.3646 lr=0.000297221 grad_norm=0.4583
step=840 train_loss=2.3894 lr=0.000297177 grad_norm=0.4660
step=845 train_loss=2.4112 lr=0.000297133 grad_norm=0.4403
step=850 train_loss=2.3436 lr=0.000297088 grad_norm=0.4683
step=855 train_loss=2.3328 lr=0.000297043 grad_norm=0.4802
step=860 train_loss=2.4066 lr=0.000296998 grad_norm=0.5269
step=865 train_loss=2.3529 lr=0.000296953 grad_norm=0.4951
step=870 train_loss=2.2975 lr=0.000296907 grad_norm=0.4764
step=875 train_loss=2.3909 lr=0.00029686 grad_norm=0.4683
step=880 train_loss=2.3578 lr=0.000296814 grad_norm=0.5131
step=885 train_loss=2.3492 lr=0.000296767 grad_norm=0.4987
step=890 train_loss=2.3937 lr=0.00029672 grad_norm=0.4064
step=895 train_loss=2.3445 lr=0.000296672 grad_norm=0.3915
step=900 train_loss=2.3113 lr=0.000296624 grad_norm=0.4337 val_loss=2.3128
step=905 train_loss=2.3686 lr=0.000296576 grad_norm=0.4129
step=910 train_loss=2.3154 lr=0.000296527 grad_norm=0.5477
step=915 train_loss=2.3666 lr=0.000296478 grad_norm=0.4617
step=920 train_loss=2.2887 lr=0.000296429 grad_norm=0.5441
step=925 train_loss=2.3193 lr=0.00029638 grad_norm=0.5228
step=930 train_loss=2.2807 lr=0.00029633 grad_norm=0.4146
step=935 train_loss=2.3388 lr=0.000296279 grad_norm=0.4415
step=940 train_loss=2.3049 lr=0.000296229 grad_norm=0.4903
step=945 train_loss=2.2845 lr=0.000296178 grad_norm=0.5370
step=950 train_loss=2.3159 lr=0.000296126 grad_norm=0.4591
step=955 train_loss=2.3086 lr=0.000296075 grad_norm=0.4793
step=960 train_loss=2.2638 lr=0.000296023 grad_norm=0.4362
step=965 train_loss=2.3305 lr=0.00029597 grad_norm=0.4497
step=970 train_loss=2.2770 lr=0.000295918 grad_norm=0.5625
step=975 train_loss=2.3265 lr=0.000295865 grad_norm=0.4840
step=980 train_loss=2.2936 lr=0.000295812 grad_norm=0.4896
step=985 train_loss=2.2245 lr=0.000295758 grad_norm=0.4584
step=990 train_loss=2.3126 lr=0.000295704 grad_norm=0.4796
step=995 train_loss=2.2633 lr=0.00029565 grad_norm=0.4699
step=1000 train_loss=2.2946 lr=0.000295595 grad_norm=0.4938 val_loss=2.3243
step=1005 train_loss=2.2920 lr=0.00029554 grad_norm=0.4627
step=1010 train_loss=2.2870 lr=0.000295485 grad_norm=0.3864
step=1015 train_loss=2.2357 lr=0.000295429 grad_norm=0.4036
step=1020 train_loss=2.2336 lr=0.000295373 grad_norm=0.5297
step=1025 train_loss=2.2109 lr=0.000295317 grad_norm=0.4305
step=1030 train_loss=2.2873 lr=0.00029526 grad_norm=0.5633
step=1035 train_loss=2.2521 lr=0.000295203 grad_norm=0.4405
step=1040 train_loss=2.2406 lr=0.000295146 grad_norm=0.4937
step=1045 train_loss=2.2440 lr=0.000295088 grad_norm=0.4237
step=1050 train_loss=2.2947 lr=0.00029503 grad_norm=0.4620
step=1055 train_loss=2.2471 lr=0.000294971 grad_norm=0.5338
step=1060 train_loss=2.2862 lr=0.000294913 grad_norm=0.5906
step=1065 train_loss=2.2726 lr=0.000294854 grad_norm=0.4622
step=1070 train_loss=2.2604 lr=0.000294794 grad_norm=0.4919
step=1075 train_loss=2.2713 lr=0.000294735 grad_norm=0.4549
step=1080 train_loss=2.2531 lr=0.000294675 grad_norm=0.4709
step=1085 train_loss=2.2410 lr=0.000294614 grad_norm=0.4109
step=1090 train_loss=2.2239 lr=0.000294554 grad_norm=0.4200
step=1095 train_loss=2.1750 lr=0.000294493 grad_norm=0.4071
step=1100 train_loss=2.2594 lr=0.000294431 grad_norm=0.5405 val_loss=2.1636
step=1105 train_loss=2.2837 lr=0.00029437 grad_norm=0.5664
step=1110 train_loss=2.2094 lr=0.000294308 grad_norm=0.4574
step=1115 train_loss=2.1686 lr=0.000294245 grad_norm=0.3879
step=1120 train_loss=2.2083 lr=0.000294183 grad_norm=0.4136
step=1125 train_loss=2.2165 lr=0.00029412 grad_norm=0.4142
step=1130 train_loss=2.2468 lr=0.000294056 grad_norm=0.4967
step=1135 train_loss=2.1800 lr=0.000293993 grad_norm=0.4309
step=1140 train_loss=2.2212 lr=0.000293929 grad_norm=0.4289
step=1145 train_loss=2.2314 lr=0.000293864 grad_norm=0.4510
step=1150 train_loss=2.2246 lr=0.0002938 grad_norm=0.4423
step=1155 train_loss=2.1968 lr=0.000293735 grad_norm=0.4814
step=1160 train_loss=2.1988 lr=0.000293669 grad_norm=0.4808
step=1165 train_loss=2.2042 lr=0.000293604 grad_norm=0.4478
step=1170 train_loss=2.2117 lr=0.000293538 grad_norm=0.5261
step=1175 train_loss=2.1995 lr=0.000293471 grad_norm=0.5075
step=1180 train_loss=2.2016 lr=0.000293405 grad_norm=0.4299
step=1185 train_loss=2.1893 lr=0.000293338 grad_norm=0.4146
step=1190 train_loss=2.1785 lr=0.00029327 grad_norm=0.4984
step=1195 train_loss=2.1929 lr=0.000293203 grad_norm=0.4670
step=1200 train_loss=2.2399 lr=0.000293135 grad_norm=0.4664 val_loss=2.2485
step=1205 train_loss=2.2069 lr=0.000293066 grad_norm=0.4177
step=1210 train_loss=2.1607 lr=0.000292998 grad_norm=0.4288
step=1215 train_loss=2.2384 lr=0.000292929 grad_norm=0.4704
step=1220 train_loss=2.2023 lr=0.00029286 grad_norm=0.4199
step=1225 train_loss=2.1939 lr=0.00029279 grad_norm=0.4207
step=1230 train_loss=2.1936 lr=0.00029272 grad_norm=0.4464
step=1235 train_loss=2.1997 lr=0.00029265 grad_norm=0.4423
step=1240 train_loss=2.2241 lr=0.000292579 grad_norm=0.4300
step=1245 train_loss=2.1871 lr=0.000292508 grad_norm=0.5230
step=1250 train_loss=2.1437 lr=0.000292437 grad_norm=0.5026
step=1255 train_loss=2.2047 lr=0.000292365 grad_norm=0.4491
step=1260 train_loss=2.1730 lr=0.000292294 grad_norm=0.4458
step=1265 train_loss=2.2053 lr=0.000292221 grad_norm=0.4230
step=1270 train_loss=2.1437 lr=0.000292149 grad_norm=0.4115
step=1275 train_loss=2.1558 lr=0.000292076 grad_norm=0.4604
step=1280 train_loss=2.1757 lr=0.000292003 grad_norm=0.4780
step=1285 train_loss=2.1788 lr=0.000291929 grad_norm=0.4454
step=1290 train_loss=2.1731 lr=0.000291855 grad_norm=0.4037
step=1295 train_loss=2.1531 lr=0.000291781 grad_norm=0.4195
step=1300 train_loss=2.1867 lr=0.000291707 grad_norm=0.3964 val_loss=2.1768
step=1305 train_loss=2.1305 lr=0.000291632 grad_norm=0.4128
step=1310 train_loss=2.1862 lr=0.000291556 grad_norm=0.4076
step=1315 train_loss=2.1652 lr=0.000291481 grad_norm=0.5092
step=1320 train_loss=2.1787 lr=0.000291405 grad_norm=0.5357
step=1325 train_loss=2.1335 lr=0.000291329 grad_norm=0.4314
step=1330 train_loss=2.1705 lr=0.000291253 grad_norm=0.4149
step=1335 train_loss=2.1288 lr=0.000291176 grad_norm=0.4394
step=1340 train_loss=2.1150 lr=0.000291099 grad_norm=0.4177
step=1345 train_loss=2.1575 lr=0.000291021 grad_norm=0.4050
step=1350 train_loss=2.1463 lr=0.000290943 grad_norm=0.4558
step=1355 train_loss=2.1309 lr=0.000290865 grad_norm=0.4877
step=1360 train_loss=2.1111 lr=0.000290787 grad_norm=0.4353
step=1365 train_loss=2.1255 lr=0.000290708 grad_norm=0.4544
step=1370 train_loss=2.1468 lr=0.000290629 grad_norm=0.4035
step=1375 train_loss=2.1853 lr=0.00029055 grad_norm=0.4186
step=1380 train_loss=2.1375 lr=0.00029047 grad_norm=0.4244
step=1385 train_loss=2.1775 lr=0.00029039 grad_norm=0.4265
step=1390 train_loss=2.1250 lr=0.00029031 grad_norm=0.4701
step=1395 train_loss=2.1304 lr=0.000290229 grad_norm=0.4385
step=1400 train_loss=2.1609 lr=0.000290148 grad_norm=0.4041 val_loss=2.1732
step=1405 train_loss=2.1410 lr=0.000290067 grad_norm=0.3978
step=1410 train_loss=2.1712 lr=0.000289985 grad_norm=0.4339
step=1415 train_loss=2.0962 lr=0.000289903 grad_norm=0.4459
step=1420 train_loss=2.1109 lr=0.000289821 grad_norm=0.3977
step=1425 train_loss=2.1258 lr=0.000289738 grad_norm=0.3792
step=1430 train_loss=2.1057 lr=0.000289655 grad_norm=0.4034
step=1435 train_loss=2.1199 lr=0.000289572 grad_norm=0.5299
step=1440 train_loss=2.1102 lr=0.000289489 grad_norm=0.4787
step=1445 train_loss=2.0776 lr=0.000289405 grad_norm=0.3851
step=1450 train_loss=2.1475 lr=0.00028932 grad_norm=0.4194
step=1455 train_loss=2.0941 lr=0.000289236 grad_norm=0.3875
step=1460 train_loss=2.1130 lr=0.000289151 grad_norm=0.4146
step=1465 train_loss=2.1568 lr=0.000289066 grad_norm=0.4746
step=1470 train_loss=2.1224 lr=0.00028898 grad_norm=0.4128
step=1475 train_loss=2.0874 lr=0.000288895 grad_norm=0.4430
step=1480 train_loss=2.0949 lr=0.000288809 grad_norm=0.4016
step=1485 train_loss=2.1255 lr=0.000288722 grad_norm=0.3875
step=1490 train_loss=2.1170 lr=0.000288635 grad_norm=0.4913
step=1495 train_loss=2.0846 lr=0.000288548 grad_norm=0.4194
step=1500 train_loss=2.1015 lr=0.000288461 grad_norm=0.4172 val_loss=2.0907
Saved checkpoint at step 1500
